Component: Arm Compiler for Embedded 6.21 Tool: armlink [5ec1fa00]

==============================================================================

Section Cross References

    empty.o(.text) refers (Special) to _printf_percent.o(.ARM.Collect$$_printf_percent$$00000000) for _printf_percent
    empty.o(.text) refers (Special) to _printf_f.o(.ARM.Collect$$_printf_percent$$00000003) for _printf_f
    empty.o(.text) refers (Special) to printf1.o(x$fpl$printf1) for _printf_fp_dec
    empty.o(.text.main) refers (Special) to _printf_percent.o(.ARM.Collect$$_printf_percent$$00000000) for _printf_percent
    empty.o(.text.main) refers (Special) to _printf_f.o(.ARM.Collect$$_printf_percent$$00000003) for _printf_f
    empty.o(.text.main) refers (Special) to printf1.o(x$fpl$printf1) for _printf_fp_dec
    empty.o(.text.main) refers to ti_msp_dl_config.o(.text.SYSCFG_DL_init) for SYSCFG_DL_init
    empty.o(.text.main) refers to board.o(.text.board_init) for board_init
    empty.o(.text.main) refers to oled.o(.text.OLED_Init) for OLED_Init
    empty.o(.text.main) refers to oled.o(.text.OLED_Clear) for OLED_Clear
    empty.o(.text.main) refers to uart.o(.text.OpenMV4_usart_config) for OpenMV4_usart_config
    empty.o(.text.main) refers to motor.o(.text.Motor_straight) for Motor_straight
    empty.o(.text.main) refers to f2d.o(.text) for __aeabi_f2d
    empty.o(.text.main) refers to noretval__2printf.o(.text) for __2printf
    empty.o(.text.main) refers to uart.o(.bss.RecvPWM) for RecvPWM
    empty.o(.ARM.exidx.text.main) refers (Special) to _printf_percent.o(.ARM.Collect$$_printf_percent$$00000000) for _printf_percent
    empty.o(.ARM.exidx.text.main) refers (Special) to _printf_f.o(.ARM.Collect$$_printf_percent$$00000003) for _printf_f
    empty.o(.ARM.exidx.text.main) refers (Special) to printf1.o(x$fpl$printf1) for _printf_fp_dec
    empty.o(.ARM.exidx.text.main) refers to empty.o(.text.main) for [Anonymous Symbol]
    empty.o(.ARM.use_no_argv) refers (Special) to _printf_percent.o(.ARM.Collect$$_printf_percent$$00000000) for _printf_percent
    empty.o(.ARM.use_no_argv) refers (Special) to _printf_f.o(.ARM.Collect$$_printf_percent$$00000003) for _printf_f
    empty.o(.ARM.use_no_argv) refers (Special) to printf1.o(x$fpl$printf1) for _printf_fp_dec
    startup_mspm0g350x_uvision.o(STACK) refers (Special) to heapauxi.o(.text) for __use_two_region_memory
    startup_mspm0g350x_uvision.o(HEAP) refers (Special) to heapauxi.o(.text) for __use_two_region_memory
    startup_mspm0g350x_uvision.o(RESET) refers (Special) to heapauxi.o(.text) for __use_two_region_memory
    startup_mspm0g350x_uvision.o(RESET) refers to startup_mspm0g350x_uvision.o(STACK) for __initial_sp
    startup_mspm0g350x_uvision.o(RESET) refers to startup_mspm0g350x_uvision.o(.text) for Reset_Handler
    startup_mspm0g350x_uvision.o(RESET) refers to uart.o(.text.HardFault_Handler) for HardFault_Handler
    startup_mspm0g350x_uvision.o(RESET) refers to encoder.o(.text.GROUP1_IRQHandler) for GROUP1_IRQHandler
    startup_mspm0g350x_uvision.o(RESET) refers to uart.o(.text.UART1_IRQHandler) for UART1_IRQHandler
    startup_mspm0g350x_uvision.o(RESET) refers to encoder.o(.text.TIMG0_IRQHandler) for TIMG0_IRQHandler
    startup_mspm0g350x_uvision.o(.text) refers (Special) to heapauxi.o(.text) for __use_two_region_memory
    startup_mspm0g350x_uvision.o(.text) refers to __main.o(!!!main) for __main
    startup_mspm0g350x_uvision.o(.text) refers to startup_mspm0g350x_uvision.o(HEAP) for Heap_Mem
    startup_mspm0g350x_uvision.o(.text) refers to startup_mspm0g350x_uvision.o(STACK) for Stack_Mem
    ti_msp_dl_config.o(.text.SYSCFG_DL_init) refers to ti_msp_dl_config.o(.text.SYSCFG_DL_initPower) for SYSCFG_DL_initPower
    ti_msp_dl_config.o(.text.SYSCFG_DL_init) refers to ti_msp_dl_config.o(.text.SYSCFG_DL_GPIO_init) for SYSCFG_DL_GPIO_init
    ti_msp_dl_config.o(.text.SYSCFG_DL_init) refers to ti_msp_dl_config.o(.text.SYSCFG_DL_SYSCTL_init) for SYSCFG_DL_SYSCTL_init
    ti_msp_dl_config.o(.text.SYSCFG_DL_init) refers to ti_msp_dl_config.o(.text.SYSCFG_DL_PWM_MotorB_init) for SYSCFG_DL_PWM_MotorB_init
    ti_msp_dl_config.o(.text.SYSCFG_DL_init) refers to ti_msp_dl_config.o(.text.SYSCFG_DL_PWM_MotorA_init) for SYSCFG_DL_PWM_MotorA_init
    ti_msp_dl_config.o(.text.SYSCFG_DL_init) refers to ti_msp_dl_config.o(.text.SYSCFG_DL_TIMER_0_init) for SYSCFG_DL_TIMER_0_init
    ti_msp_dl_config.o(.text.SYSCFG_DL_init) refers to ti_msp_dl_config.o(.text.SYSCFG_DL_USB_TLL_init) for SYSCFG_DL_USB_TLL_init
    ti_msp_dl_config.o(.text.SYSCFG_DL_init) refers to ti_msp_dl_config.o(.text.SYSCFG_DL_UART_Trans_init) for SYSCFG_DL_UART_Trans_init
    ti_msp_dl_config.o(.text.SYSCFG_DL_init) refers to ti_msp_dl_config.o(.text.SYSCFG_DL_SYSTICK_init) for SYSCFG_DL_SYSTICK_init
    ti_msp_dl_config.o(.text.SYSCFG_DL_init) refers to ti_msp_dl_config.o(.bss.gPWM_MotorABackup) for gPWM_MotorABackup
[...]
    ../clib/angel/boardlib.s                 0x00000000   Number         0  boardinit3.o ABSOLUTE
    ../clib/angel/boardlib.s                 0x00000000   Number         0  boardshut.o ABSOLUTE
    ../clib/angel/handlers.s                 0x00000000   Number         0  __scatter_zi.o ABSOLUTE
    ../clib/angel/kernel.s                   0x00000000   Number         0  __rtentry.o ABSOLUTE
    ../clib/angel/kernel.s                   0x00000000   Number         0  __rtentry2.o ABSOLUTE
    ../clib/angel/kernel.s                   0x00000000   Number         0  __rtentry4.o ABSOLUTE
    ../clib/angel/kernel.s                   0x00000000   Number         0  rtexit.o ABSOLUTE
    ../clib/angel/kernel.s                   0x00000000   Number         0  rtexit2.o ABSOLUTE
    ../clib/angel/rt.s                       0x00000000   Number         0  aeabi_idiv0.o ABSOLUTE
    ../clib/angel/rt.s                       0x00000000   Number         0  aeabi_idiv0_sigfpe.o ABSOLUTE
    ../clib/angel/rt.s                       0x00000000   Number         0  rt_errno_addr.o ABSOLUTE
    ../clib/angel/rt.s                       0x00000000   Number         0  rt_errno_addr_intlibspace.o ABSOLUTE
    ../clib/angel/rt.s                       0x00000000   Number         0  rt_ctype_table.o ABSOLUTE
    ../clib/angel/rt.s                       0x00000000   Number         0  rt_div0.o ABSOLUTE
    ../clib/angel/rt.s                       0x00000000   Number         0  rt_locale.o ABSOLUTE
    ../clib/angel/rt.s                       0x00000000   Number         0  rt_locale_intlibspace.o ABSOLUTE
    ../clib/angel/rt.s                       0x00000000   Number         0  rt_raise.o ABSOLUTE
    ../clib/angel/scatterp.s                 0x00000000   Number         0  __scatter.o ABSOLUTE
    ../clib/angel/startup.s                  0x00000000   Number         0  __main.o ABSOLUTE
    ../clib/angel/sys.s                      0x00000000   Number         0  libspace.o ABSOLUTE
    ../clib/angel/sys.s                      0x00000000   Number         0  sys_stackheap_outer.o ABSOLUTE
    ../clib/angel/sys.s                      0x00000000   Number         0  tempstk.o ABSOLUTE
    ../clib/angel/sys.s                      0x00000000   Number         0  use_no_semi.o ABSOLUTE
    ../clib/angel/sys.s                      0x00000000   Number         0  indicate_semi.o ABSOLUTE
    ../clib/angel/sysapp.c                   0x00000000   Number         0  sys_wrch.o ABSOLUTE
    ../clib/angel/sysapp.c                   0x00000000   Number         0  sys_command.o ABSOLUTE
    ../clib/angel/sysapp.c                   0x00000000   Number         0  sys_wrch_hlt.o ABSOLUTE
    ../clib/angel/sysapp.c                   0x00000000   Number         0  sys_command_hlt.o ABSOLUTE
    ../clib/armsys.c                         0x00000000   Number         0  argv_veneer.o ABSOLUTE
    ../clib/armsys.c                         0x00000000   Number         0  _get_argv_nomalloc.o ABSOLUTE
    ../clib/armsys.c                         0x00000000   Number         0  no_argv.o ABSOLUTE
    ../clib/bigflt.c                         0x00000000   Number         0  bigflt0.o ABSOLUTE
    ../clib/btod.c                           0x00000000   Number         0  btod.o ABSOLUTE
    ../clib/btod_accurate.c                  0x00000000   Number         0  btod_accurate.o ABSOLUTE
    ../clib/btod_accurate.c                  0x00000000   Number         0  btod_accurate_common.o ABSOLUTE
    ../clib/division.c                       0x00000000   Number         0  lludiv10.o ABSOLUTE
    ../clib/division.c                       0x00000000   Number         0  rtudiv10.o ABSOLUTE
    ../clib/division.s                       0x00000000   Number         0  aeabi_sdivfast.o ABSOLUTE
    ../clib/division.s                       0x00000000   Number         0  aeabi_sdivfast_div0.o ABSOLUTE
    ../clib/heapalloc.c                      0x00000000   Number         0  hrguard.o ABSOLUTE
    ../clib/heapaux.c                        0x00000000   Number         0  heapauxi.o ABSOLUTE
    ../clib/libinit.s                        0x00000000   Number         0  libinit.o ABSOLUTE
    ../clib/libinit.s                        0x00000000   Number         0  libinit2.o ABSOLUTE
    ../clib/libinit.s                        0x00000000   Number         0  libshutdown.o ABSOLUTE
    ../clib/libinit.s                        0x00000000   Number         0  libshutdown2.o ABSOLUTE
    ../clib/locale.s                         0x00000000   Number         0  lc_numeric_c.o ABSOLUTE
    ../clib/locale.s                         0x00000000   Number         0  lc_ctype_c.o ABSOLUTE
    ../clib/longlong.c                       0x00000000   Number         0  llushr.o ABSOLUTE
    ../clib/memcpset.c                       0x00000000   Number         0  rt_memclr.o ABSOLUTE
    ../clib/memcpset.s                       0x00000000   Number         0  strcmpv6m.o ABSOLUTE
    ../clib/printf.c                         0x00000000   Number         0  __2printf.o ABSOLUTE
    ../clib/printf.c                         0x00000000   Number         0  noretval__2printf.o ABSOLUTE
    ../clib/printf.c                         0x00000000   Number         0  __printf.o ABSOLUTE
    ../clib/printf.c                         0x00000000   Number         0  _printf_str.o ABSOLUTE
    ../clib/printf.c                         0x00000000   Number         0  __printf_flags.o ABSOLUTE
    ../clib/printf.c                         0x00000000   Number         0  __printf_ss.o ABSOLUTE
    ../clib/printf.c                         0x00000000   Number         0  __printf_flags_ss.o ABSOLUTE
    ../clib/printf.c                         0x00000000   Number         0  __printf_wp.o ABSOLUTE
    ../clib/printf.c                         0x00000000   Number         0  __printf_flags_wp.o ABSOLUTE
    ../clib/printf.c                         0x00000000   Number         0  __printf_ss_wp.o ABSOLUTE
    ../clib/printf.c                         0x00000000   Number         0  __printf_flags_ss_wp.o ABSOLUTE
    ../clib/printf.c                         0x00000000   Number         0  _printf_fp_dec.o ABSOLUTE
    ../clib/printf.c                         0x00000000   Number         0  _printf_fp_dec_accurate.o ABSOLUTE
    ../clib/printf.c                         0x00000000   Number         0  _printf_char.o ABSOLUTE
    ../clib/printf.c                         0x00000000   Number         0  _printf_char_file.o ABSOLUTE
    ../clib/printf.c                         0x00000000   Number         0  _printf_char_common.o ABSOLUTE
    ../clib/printf.c                         0x00000000   Number         0  _printf_fp_infnan.o ABSOLUTE
    ../clib/printf.c                         0x00000000   Number         0  __printf_nopercent.o ABSOLUTE
    ../clib/printf_percent.s                 0x00000000   Number         0  _printf_s.o ABSOLUTE
    ../clib/printf_percent.s                 0x00000000   Number         0  _printf_f.o ABSOLUTE
    ../clib/printf_percent.s                 0x00000000   Number         0  _printf_percent.o ABSOLUTE
    ../clib/printf_percent.s                 0x00000000   Number         0  _printf_percent_end.o ABSOLUTE
    ../clib/scanf.c                          0x00000000   Number         0  atoi.o ABSOLUTE
    ../clib/scanf.c                          0x00000000   Number         0  strtol.o ABSOLUTE
    ../clib/scanf.c                          0x00000000   Number         0  _strtoul.o ABSOLUTE
    ../clib/scanf.c                          0x00000000   Number         0  _chval.o ABSOLUTE
    ../clib/signal.c                         0x00000000   Number         0  defsig_fpe_outer.o ABSOLUTE
    ../clib/signal.c                         0x00000000   Number         0  defsig_fpe_formal.o ABSOLUTE
    ../clib/signal.c                         0x00000000   Number         0  defsig_exit.o ABSOLUTE
    ../clib/signal.c                         0x00000000   Number         0  defsig_fpe_inner.o ABSOLUTE
    ../clib/signal.c                         0x00000000   Number         0  __raise.o ABSOLUTE
    ../clib/signal.c                         0x00000000   Number         0  defsig_general.o ABSOLUTE
    ../clib/signal.c                         0x00000000   Number         0  defsig_rtmem_outer.o ABSOLUTE
    ../clib/signal.c                         0x00000000   Number         0  defsig_rtmem_formal.o ABSOLUTE
    ../clib/signal.c                         0x00000000   Number         0  defsig_abrt_inner.o ABSOLUTE
    ../clib/signal.c                         0x00000000   Number         0  defsig_rtred_inner.o ABSOLUTE
    ../clib/signal.c                         0x00000000   Number         0  defsig_rtmem_inner.o ABSOLUTE
    ../clib/signal.c                         0x00000000   Number         0  defsig_stak_inner.o ABSOLUTE
    ../clib/signal.c                         0x00000000   Number         0  defsig_pvfn_inner.o ABSOLUTE
    ../clib/signal.c                         0x00000000   Number         0  defsig_cppl_inner.o ABSOLUTE
    ../clib/signal.c                         0x00000000   Number         0  defsig_segv_inner.o ABSOLUTE
    ../clib/signal.c                         0x00000000   Number         0  defsig_other.o ABSOLUTE
    ../clib/signal.s                         0x00000000   Number         0  defsig.o ABSOLUTE
    ../clib/stdio.c                          0x00000000   Number         0  puts.o ABSOLUTE
    ../clib/stdio.c                          0x00000000   Number         0  ferror.o ABSOLUTE
    ../clib/stdio.c                          0x00000000   Number         0  ferror_locked.o ABSOLUTE
    ../clib/stdlib.c                         0x00000000   Number         0  exit.o ABSOLUTE
    ../clib/string.c                         0x00000000   Number         0  strtok.o ABSOLUTE
    ../clib/string.c                         0x00000000   Number         0  strncpy.o ABSOLUTE
    ../clib/string.c                         0x00000000   Number         0  strtok_int.o ABSOLUTE
    ../clib/string.c                         0x00000000   Number         0  strcspn.o ABSOLUTE
    ../clib/string.c                         0x00000000   Number         0  strspn.o ABSOLUTE
    ../fplib/cfplib/cmp.c                    0x00000000   Number         0  fcmp.o ABSOLUTE
    ../fplib/cfplib/cmpret.c                 0x00000000   Number         0  cmpret.o ABSOLUTE
    ../fplib/cfplib/f2d.c                    0x00000000   Number         0  f2d.o ABSOLUTE
    ../fplib/cfplib/fcmpin.c                 0x00000000   Number         0  fcmpin.o ABSOLUTE
    ../fplib/cfplib/ffix.c                   0x00000000   Number         0  ffixi.o ABSOLUTE
    ../fplib/cfplib/ffix.c                   0x00000000   Number         0  ffixui.o ABSOLUTE
    ../fplib/cfplib/fflt.c                   0x00000000   Number         0  fflti.o ABSOLUTE
    ../fplib/cfplib/fpinit.c                 0x00000000   Number         0  fpinit.o ABSOLUTE
    ../fplib/cfplib/ieee_status.c            0x00000000   Number         0  ieee_status.o ABSOLUTE
    ../fplib/cfplib/nan2.c                   0x00000000   Number         0  fnan2.o ABSOLUTE
    ../fplib/cfplib/retnan.c                 0x00000000   Number         0  retnan.o ABSOLUTE
    ../fplib/faddsub6m.s                     0x00000000   Number         0  faddsub.o ABSOLUTE
    ../fplib/feqf6m.s                        0x00000000   Number         0  feqf.o ABSOLUTE
    ../fplib/fgeqf6m.s                       0x00000000   Number         0  fgef.o ABSOLUTE
    ../fplib/fleqf6m.s                       0x00000000   Number         0  flef.o ABSOLUTE
    ../fplib/fmul6m.s                        0x00000000   Number         0  fmul.o ABSOLUTE
    ../fplib/printf1.s                       0x00000000   Number         0  printf1.o ABSOLUTE
    ../fplib/usenofp.s                       0x00000000   Number         0  usenofp.o ABSOLUTE
    ../mathlib/fpclassify.c                  0x00000000   Number         0  fpclassify.o ABSOLUTE
    Contorl.c                                0x00000000   Number         0  contorl.o ABSOLUTE
    Encoder.c                                0x00000000   Number         0  encoder.o ABSOLUTE
    Line_Follow.c                            0x00000000   Number         0  line_follow.o ABSOLUTE
    Motor.c                                  0x00000000   Number         0  motor.o ABSOLUTE
    PWM.c                                    0x00000000   Number         0  pwm.o ABSOLUTE
    UART.c                                   0x00000000   Number         0  uart.o ABSOLUTE
    board.c                                  0x00000000   Number         0  board.o ABSOLUTE
    dc.s                                     0x00000000   Number         0  dc.o ABSOLUTE
    dl_adc12.c                               0x00000000   Number         0  dl_adc12.o ABSOLUTE
    dl_aes.c                                 0x00000000   Number         0  dl_aes.o ABSOLUTE
    dl_aesadv.c                              0x00000000   Number         0  dl_aesadv.o ABSOLUTE
    dl_common.c                              0x00000000   Number         0  dl_common.o ABSOLUTE
    dl_crc.c                                 0x00000000   Number         0  dl_crc.o ABSOLUTE
    dl_crcp.c                                0x00000000   Number         0  dl_crcp.o ABSOLUTE
    dl_dac12.c                               0x00000000   Number         0  dl_dac12.o ABSOLUTE
    dl_dma.c                                 0x00000000   Number         0  dl_dma.o ABSOLUTE
    dl_flashctl.c                            0x00000000   Number         0  dl_flashctl.o ABSOLUTE
    dl_i2c.c                                 0x00000000   Number         0  dl_i2c.o ABSOLUTE
    dl_keystorectl.c                         0x00000000   Number         0  dl_keystorectl.o ABSOLUTE
    dl_lcd.c                                 0x00000000   Number         0  dl_lcd.o ABSOLUTE
    dl_lfss.c                                0x00000000   Number         0  dl_lfss.o ABSOLUTE
    dl_mathacl.c                             0x00000000   Number         0  dl_mathacl.o ABSOLUTE
    dl_mcan.c                                0x00000000   Number         0  dl_mcan.o ABSOLUTE
    dl_opa.c                                 0x00000000   Number         0  dl_opa.o ABSOLUTE
    dl_rtc_common.c                          0x00000000   Number         0  dl_rtc_common.o ABSOLUTE
    dl_spi.c                                 0x00000000   Number         0  dl_spi.o ABSOLUTE
    dl_timer.c                               0x00000000   Number         0  dl_timer.o ABSOLUTE
    dl_trng.c                                0x00000000   Number         0  dl_trng.o ABSOLUTE
    dl_uart.c                                0x00000000   Number         0  dl_uart.o ABSOLUTE
    dl_vref.c                                0x00000000   Number         0  dl_vref.o ABSOLUTE
    empty.c                                  0x00000000   Number         0  empty.o ABSOLUTE
    oled.c                                   0x00000000   Number         0  oled.o ABSOLUTE
    startup_mspm0g350x_uvision.s             0x00000000   Number         0  startup_mspm0g350x_uvision.o ABSOLUTE
    ti_msp_dl_config.c                       0x00000000   Number         0  ti_msp_dl_config.o ABSOLUTE
    RESET                                    0x00000000   Section      192  startup_mspm0g350x_uvision.o(RESET)
    !!!main                                  0x000000c0   Section        8  __main.o(!!!main)
    !!!scatter                               0x000000c8   Section       84  __scatter.o(!!!scatter)
    !!handler_null                           0x00000120   Section        2  __scatter.o(!!handler_null)
    !!handler_zi                             0x00000128   Section       28  __scatter_zi.o(!!handler_zi)
    .ARM.Collect$$_printf_percent$$00000000  0x00000144   Section        2  _printf_percent.o(.ARM.Collect$$_printf_percent$$00000000)
    .ARM.Collect$$_printf_percent$$00000003  0x00000146   Section       10  _printf_f.o(.ARM.Collect$$_printf_percent$$00000003)
    .ARM.Collect$$_printf_percent$$00000014  0x00000150   Section       10  _printf_s.o(.ARM.Collect$$_printf_percent$$00000014)
    .ARM.Collect$$_printf_percent$$00000017  0x0000015a   Section        4  _printf_percent_end.o(.ARM.Collect$$_printf_percent$$00000017)
    .ARM.Collect$$libinit$$00000000          0x0000015e   Section        2  libinit.o(.ARM.Collect$$libinit$$00000000)
    .ARM.Collect$$libinit$$00000002          0x00000160   Section        0  libinit2.o(.ARM.Collect$$libinit$$00000002)
    .ARM.Collect$$libinit$$00000004          0x00000160   Section        0  libinit2.o(.ARM.Collect$$libinit$$00000004)
    .ARM.Collect$$libinit$$00000006          0x00000160   Section        0  libinit2.o(.ARM.Collect$$libinit$$00000006)
    .ARM.Collect$$libinit$$0000000C          0x00000160   Section        0  libinit2.o(.ARM.Collect$$libinit$$0000000C)
    .ARM.Collect$$libinit$$0000000E          0x00000160   Section        0  libinit2.o(.ARM.Collect$$libinit$$0000000E)
    .ARM.Collect$$libinit$$00000010          0x00000160   Section        0  libinit2.o(.ARM.Collect$$libinit$$00000010)
    .ARM.Collect$$libinit$$00000011          0x00000160   Section        6  libinit2.o(.ARM.Collect$$libinit$$00000011)
    .ARM.Collect$$libinit$$00000013          0x00000166   Section        0  libinit2.o(.ARM.Collect$$libinit$$00000013)
    .ARM.Collect$$libinit$$00000015          0x00000166   Section        0  libinit2.o(.ARM.Collect$$libinit$$00000015)
    .ARM.Collect$$libinit$$00000017          0x00000166   Section        0  libinit2.o(.ARM.Collect$$libinit$$00000017)
    .ARM.Collect$$libinit$$00000018          0x00000166   Section       10  libinit2.o(.ARM.Collect$$libinit$$00000018)
    .ARM.Collect$$libinit$$00000019          0x00000170   Section        0  libinit2.o(.ARM.Collect$$libinit$$00000019)
    .ARM.Collect$$libinit$$0000001B          0x00000170   Section        0  libinit2.o(.ARM.Collect$$libinit$$0000001B)
    .ARM.Collect$$libinit$$0000001D          0x00000170   Section        0  libinit2.o(.ARM.Collect$$libinit$$0000001D)
    .ARM.Collect$$libinit$$0000001F          0x00000170   Section        0  libinit2.o(.ARM.Collect$$libinit$$0000001F)
    .ARM.Collect$$libinit$$00000021          0x00000170   Section        0  libinit2.o(.ARM.Collect$$libinit$$00000021)
    .ARM.Collect$$libinit$$00000023          0x00000170   Section        0  libinit2.o(.ARM.Collect$$libinit$$00000023)
    .ARM.Collect$$libinit$$00000025          0x00000170   Section        0  libinit2.o(.ARM.Collect$$libinit$$00000025)
    .ARM.Collect$$libinit$$00000027          0x00000170   Section        0  libinit2.o(.ARM.Collect$$libinit$$00000027)
    .ARM.Collect$$libinit$$0000002E          0x00000170   Section        0  libinit2.o(.ARM.Collect$$libinit$$0000002E)
    .ARM.Collect$$libinit$$00000030          0x00000170   Section        0  libinit2.o(.ARM.Collect$$libinit$$00000030)
    .ARM.Collect$$libinit$$00000032          0x00000170   Section        0  libinit2.o(.ARM.Collect$$libinit$$00000032)
    .ARM.Collect$$libinit$$00000034          0x00000170   Section        0  libinit2.o(.ARM.Collect$$libinit$$00000034)
    .ARM.Collect$$libinit$$00000035          0x00000170   Section        2  libinit2.o(.ARM.Collect$$libinit$$00000035)
    .ARM.Collect$$libshutdown$$00000000      0x00000172   Section        2  libshutdown.o(.ARM.Collect$$libshutdown$$00000000)
    .ARM.Collect$$libshutdown$$00000002      0x00000174   Section        0  libshutdown2.o(.ARM.Collect$$libshutdown$$00000002)
    .ARM.Collect$$libshutdown$$00000004      0x00000174   Section        0  libshutdown2.o(.ARM.Collect$$libshutdown$$00000004)
    .ARM.Collect$$libshutdown$$00000007      0x00000174   Section        0  libshutdown2.o(.ARM.Collect$$libshutdown$$00000007)
    .ARM.Collect$$libshutdown$$0000000A      0x00000174   Section        0  libshutdown2.o(.ARM.Collect$$libshutdown$$0000000A)
    .ARM.Collect$$libshutdown$$0000000C      0x00000174   Section        0  libshutdown2.o(.ARM.Collect$$libshutdown$$0000000C)
    .ARM.Collect$$libshutdown$$0000000F      0x00000174   Section        0  libshutdown2.o(.ARM.Collect$$libshutdown$$0000000F)
    .ARM.Collect$$libshutdown$$00000010      0x00000174   Section        2  libshutdown2.o(.ARM.Collect$$libshutdown$$00000010)
    .ARM.Collect$$rtentry$$00000000          0x00000176   Section        0  __rtentry.o(.ARM.Collect$$rtentry$$00000000)
    .ARM.Collect$$rtentry$$00000002          0x00000176   Section        0  __rtentry2.o(.ARM.Collect$$rtentry$$00000002)
    .ARM.Collect$$rtentry$$00000004          0x00000176   Section        6  __rtentry4.o(.ARM.Collect$$rtentry$$00000004)
    .ARM.Collect$$rtentry$$00000009          0x0000017c   Section        0  __rtentry2.o(.ARM.Collect$$rtentry$$00000009)
    .ARM.Collect$$rtentry$$0000000A          0x0000017c   Section        4  __rtentry2.o(.ARM.Collect$$rtentry$$0000000A)
    .ARM.Collect$$rtentry$$0000000C          0x00000180   Section        0  __rtentry2.o(.ARM.Collect$$rtentry$$0000000C)
    .ARM.Collect$$rtentry$$0000000D          0x00000180   Section        8  __rtentry2.o(.ARM.Collect$$rtentry$$0000000D)
    .ARM.Collect$$rtexit$$00000000           0x00000188   Section        2  rtexit.o(.ARM.Collect$$rtexit$$00000000)
    .ARM.Collect$$rtexit$$00000002           0x0000018a   Section        0  rtexit2.o(.ARM.Collect$$rtexit$$00000002)
    .ARM.Collect$$rtexit$$00000003           0x0000018a   Section        4  rtexit2.o(.ARM.Collect$$rtexit$$00000003)
    .ARM.Collect$$rtexit$$00000004           0x0000018e   Section        6  rtexit2.o(.ARM.Collect$$rtexit$$00000004)
    .text                                    0x00000194   Section       44  startup_mspm0g350x_uvision.o(.text)
    .text                                    0x000001c0   Section        0  noretval__2printf.o(.text)
    .text                                    0x000001dc   Section        0  __printf.o(.text)
    .text                                    0x00000248   Section        0  _printf_str.o(.text)
    .text                                    0x0000029c   Section        0  puts.o(.text)
    .text                                    0x000002c8   Section      504  aeabi_sdivfast.o(.text)
    .text                                    0x000004c0   Section        0  heapauxi.o(.text)
    .text                                    0x000004c8   Section        0  f2d.o(.text)
    .text                                    0x0000051c   Section        0  ffixui.o(.text)
    _fp_digits                               0x0000054d   Thumb Code   412  _printf_fp_dec.o(.text)
    .text                                    0x0000054c   Section        0  _printf_fp_dec.o(.text)
    .text                                    0x00000960   Section        0  _printf_char.o(.text)
    .text                                    0x00000990   Section        0  _printf_char_file.o(.text)
    .text                                    0x000009b8   Section        8  libspace.o(.text)
    .text                                    0x000009c0   Section        8  rt_locale_intlibspace.o(.text)
    .text                                    0x000009c8   Section        0  lludiv10.o(.text)
    _printf_input_char                       0x00000a45   Thumb Code    10  _printf_char_common.o(.text)
    .text                                    0x00000a44   Section        0  _printf_char_common.o(.text)
    .text                                    0x00000a74   Section        0  _printf_fp_infnan.o(.text)
    .text                                    0x00000afc   Section        0  bigflt0.o(.text)
    .text                                    0x00000bd4   Section        0  btod.o(.text)
    btod_internal_mul                        0x00000c15   Thumb Code   492  btod.o(.text)
    btod_internal_div                        0x00000e01   Thumb Code   520  btod.o(.text)
    .text                                    0x00001154   Section        0  ferror.o(.text)
    .text                                    0x0000115c   Section        0  rtudiv10.o(.text)
    .text                                    0x00001184   Section        0  fcmpin.o(.text)
    .text                                    0x000011e8   Section       62  sys_stackheap_outer.o(.text)
    .text                                    0x00001226   Section        0  exit.o(.text)
    .text                                    0x00001238   Section      176  strcmpv6m.o(.text)
    .text                                    0x000012e8   Section        0  cmpret.o(.text)
    .text                                    0x00001318   Section        0  fnan2.o(.text)
    .text                                    0x00001328   Section        0  retnan.o(.text)
    [Anonymous Symbol]                       0x00001386   Section        0  dl_common.o(.text.DL_Common_delayCycles)
    [Anonymous Symbol]                       0x00001390   Section        0  dl_timer.o(.text.DL_Timer_initPWMMode)
    __arm_cp.11_1                            0x0000143c   Number         4  dl_timer.o(.text.DL_Timer_initPWMMode)
    __arm_cp.11_2                            0x00001440   Number         4  dl_timer.o(.text.DL_Timer_initPWMMode)
    __arm_cp.11_3                            0x00001444   Number         4  dl_timer.o(.text.DL_Timer_initPWMMode)
    __arm_cp.11_4                            0x00001448   Number         4  dl_timer.o(.text.DL_Timer_initPWMMode)
    __arm_cp.11_6                            0x0000144c   Number         4  dl_timer.o(.text.DL_Timer_initPWMMode)
    [Anonymous Symbol]                       0x00001450   Section        0  dl_timer.o(.text.DL_Timer_initTimerMode)
    __arm_cp.2_0                             0x0000152c   Number         4  dl_timer.o(.text.DL_Timer_initTimerMode)
    __arm_cp.2_1                             0x00001530   Number         4  dl_timer.o(.text.DL_Timer_initTimerMode)
    __arm_cp.2_2                             0x00001534   Number         4  dl_timer.o(.text.DL_Timer_initTimerMode)
    [Anonymous Symbol]                       0x00001538   Section        0  dl_timer.o(.text.DL_Timer_setCaptCompUpdateMethod)
    __arm_cp.18_0                            0x00001550   Number         4  dl_timer.o(.text.DL_Timer_setCaptCompUpdateMethod)
    [Anonymous Symbol]                       0x00001554   Section        0  dl_timer.o(.text.DL_Timer_setCaptureCompareOutCtl)
    __arm_cp.13_0                            0x00001568   Number         4  dl_timer.o(.text.DL_Timer_setCaptureCompareOutCtl)
    [Anonymous Symbol]                       0x0000156c   Section        0  dl_timer.o(.text.DL_Timer_setCaptureCompareValue)
    __arm_cp.3_0                             0x00001578   Number         4  dl_timer.o(.text.DL_Timer_setCaptureCompareValue)
    [Anonymous Symbol]                       0x0000157c   Section        0  dl_timer.o(.text.DL_Timer_setClockConfig)
    __arm_cp.0_0                             0x00001594   Number         4  dl_timer.o(.text.DL_Timer_setClockConfig)
    [Anonymous Symbol]                       0x00001598   Section        0  dl_uart.o(.text.DL_UART_init)
    __arm_cp.0_0                             0x000015d8   Number         4  dl_uart.o(.text.DL_UART_init)
    __arm_cp.0_1                             0x000015dc   Number         4  dl_uart.o(.text.DL_UART_init)
    [Anonymous Symbol]                       0x000015e0   Section        0  dl_uart.o(.text.DL_UART_setClockConfig)
    [Anonymous Symbol]                       0x000015f4   Section        0  encoder.o(.text.GROUP1_IRQHandler)
    __arm_cp.2_0                             0x00001648   Number         4  encoder.o(.text.GROUP1_IRQHandler)
    __arm_cp.2_1                             0x0000164c   Number         4  encoder.o(.text.GROUP1_IRQHandler)
    __arm_cp.2_2                             0x00001650   Number         4  encoder.o(.text.GROUP1_IRQHandler)
    __arm_cp.2_3                             0x00001654   Number         4  encoder.o(.text.GROUP1_IRQHandler)
    [Anonymous Symbol]                       0x00001658   Section        0  uart.o(.text.HardFault_Handler)
    [Anonymous Symbol]                       0x00001678   Section        0  motor.o(.text.Motor_straight)
    [Anonymous Symbol]                       0x000016e0   Section        0  oled.o(.text.OLED_Clear)
    __arm_cp.11_1                            0x000016ec   Number         4  oled.o(.text.OLED_Clear)
    [Anonymous Symbol]                       0x00001d34   Section        0  oled.o(.text.OLED_Init)
    __arm_cp.22_1                            0x00001e20   Number         4  oled.o(.text.OLED_Init)
    [Anonymous Symbol]                       0x00002470   Section        0  oled.o(.text.OLED_Refresh)
    __arm_cp.10_0                            0x00002560   Number         4  oled.o(.text.OLED_Refresh)
    [Anonymous Symbol]                       0x00002564   Section        0  oled.o(.text.OLED_WR_Byte)
    __arm_cp.1_0                             0x00002600   Number         4  oled.o(.text.OLED_WR_Byte)
    [Anonymous Symbol]                       0x00002604   Section        0  uart.o(.text.OpenMV4_usart_config)
    __arm_cp.1_0                             0x00002618   Number         4  uart.o(.text.OpenMV4_usart_config)
    __arm_cp.1_1                             0x0000261c   Number         4  uart.o(.text.OpenMV4_usart_config)
    [Anonymous Symbol]                       0x00002620   Section        0  pwm.o(.text.PwmA_Duty_Set)
    [Anonymous Symbol]                       0x0000264c   Section        0  pwm.o(.text.PwmB_Duty_Set)
    __arm_cp.1_0                             0x00002678   Number         4  pwm.o(.text.PwmB_Duty_Set)
    __arm_cp.1_1                             0x0000267c   Number         4  pwm.o(.text.PwmB_Duty_Set)
    [Anonymous Symbol]                       0x00002680   Section        0  ti_msp_dl_config.o(.text.SYSCFG_DL_GPIO_init)
    __arm_cp.2_0                             0x00002724   Number         4  ti_msp_dl_config.o(.text.SYSCFG_DL_GPIO_init)
    __arm_cp.2_1                             0x00002728   Number         4  ti_msp_dl_config.o(.text.SYSCFG_DL_GPIO_init)
    __arm_cp.2_2                             0x0000272c   Number         4  ti_msp_dl_config.o(.text.SYSCFG_DL_GPIO_init)
    __arm_cp.2_3                             0x00002730   Number         4  ti_msp_dl_config.o(.text.SYSCFG_DL_GPIO_init)
    __arm_cp.2_4                             0x00002734   Number         4  ti_msp_dl_config.o(.text.SYSCFG_DL_GPIO_init)
    __arm_cp.2_5                             0x00002738   Number         4  ti_msp_dl_config.o(.text.SYSCFG_DL_GPIO_init)
    __arm_cp.2_6                             0x0000273c   Number         4  ti_msp_dl_config.o(.text.SYSCFG_DL_GPIO_init)
    __arm_cp.2_7                             0x00002740   Number         4  ti_msp_dl_config.o(.text.SYSCFG_DL_GPIO_init)
    __arm_cp.2_8                             0x00002744   Number         4  ti_msp_dl_config.o(.text.SYSCFG_DL_GPIO_init)
    __arm_cp.2_9                             0x00002748   Number         4  ti_msp_dl_config.o(.text.SYSCFG_DL_GPIO_init)
    [Anonymous Symbol]                       0x0000274c   Section        0  ti_msp_dl_config.o(.text.SYSCFG_DL_PWM_MotorA_init)
    __arm_cp.5_0                             0x000027b8   Number         4  ti_msp_dl_config.o(.text.SYSCFG_DL_PWM_MotorA_init)
    __arm_cp.5_1                             0x000027bc   Number         4  ti_msp_dl_config.o(.text.SYSCFG_DL_PWM_MotorA_init)
    __arm_cp.5_2                             0x000027c0   Number         4  ti_msp_dl_config.o(.text.SYSCFG_DL_PWM_MotorA_init)
    __arm_cp.5_4                             0x000027c4   Number         4  ti_msp_dl_config.o(.text.SYSCFG_DL_PWM_MotorA_init)
    [Anonymous Symbol]                       0x000027c8   Section        0  ti_msp_dl_config.o(.text.SYSCFG_DL_PWM_MotorB_init)
    __arm_cp.4_0                             0x00002834   Number         4  ti_msp_dl_config.o(.text.SYSCFG_DL_PWM_MotorB_init)
    __arm_cp.4_1                             0x00002838   Number         4  ti_msp_dl_config.o(.text.SYSCFG_DL_PWM_MotorB_init)
    __arm_cp.4_2                             0x0000283c   Number         4  ti_msp_dl_config.o(.text.SYSCFG_DL_PWM_MotorB_init)
    __arm_cp.4_3                             0x00002840   Number         4  ti_msp_dl_config.o(.text.SYSCFG_DL_PWM_MotorB_init)
    __arm_cp.4_4                             0x00002844   Number         4  ti_msp_dl_config.o(.text.SYSCFG_DL_PWM_MotorB_init)
    [Anonymous Symbol]                       0x00002848   Section        0  ti_msp_dl_config.o(.text.SYSCFG_DL_SYSCTL_init)
    __arm_cp.3_0                             0x0000287c   Number         4  ti_msp_dl_config.o(.text.SYSCFG_DL_SYSCTL_init)
    __arm_cp.3_1                             0x00002880   Number         4  ti_msp_dl_config.o(.text.SYSCFG_DL_SYSCTL_init)
    [Anonymous Symbol]                       0x00002884   Section        0  ti_msp_dl_config.o(.text.SYSCFG_DL_SYSTICK_init)
    __arm_cp.9_0                             0x0000289c   Number         4  ti_msp_dl_config.o(.text.SYSCFG_DL_SYSTICK_init)
    [Anonymous Symbol]                       0x000028a0   Section        0  ti_msp_dl_config.o(.text.SYSCFG_DL_TIMER_0_init)
    __arm_cp.6_0                             0x000028c4   Number         4  ti_msp_dl_config.o(.text.SYSCFG_DL_TIMER_0_init)
    __arm_cp.6_1                             0x000028c8   Number         4  ti_msp_dl_config.o(.text.SYSCFG_DL_TIMER_0_init)
    __arm_cp.6_2                             0x000028cc   Number         4  ti_msp_dl_config.o(.text.SYSCFG_DL_TIMER_0_init)
    __arm_cp.6_3                             0x000028d0   Number         4  ti_msp_dl_config.o(.text.SYSCFG_DL_TIMER_0_init)
    __arm_cp.6_4                             0x000028d4   Number         4  ti_msp_dl_config.o(.text.SYSCFG_DL_TIMER_0_init)
    [Anonymous Symbol]                       0x000028d8   Section        0  ti_msp_dl_config.o(.text.SYSCFG_DL_UART_Trans_init)
    __arm_cp.8_0                             0x00002938   Number         4  ti_msp_dl_config.o(.text.SYSCFG_DL_UART_Trans_init)
    __arm_cp.8_1                             0x0000293c   Number         4  ti_msp_dl_config.o(.text.SYSCFG_DL_UART_Trans_init)
    __arm_cp.8_2                             0x00002940   Number         4  ti_msp_dl_config.o(.text.SYSCFG_DL_UART_Trans_init)
    __arm_cp.8_3                             0x00002944   Number         4  ti_msp_dl_config.o(.text.SYSCFG_DL_UART_Trans_init)
    __arm_cp.8_5                             0x00002948   Number         4  ti_msp_dl_config.o(.text.SYSCFG_DL_UART_Trans_init)
    __arm_cp.8_6                             0x0000294c   Number         4  ti_msp_dl_config.o(.text.SYSCFG_DL_UART_Trans_init)
    [Anonymous Symbol]                       0x00002950   Section        0  ti_msp_dl_config.o(.text.SYSCFG_DL_USB_TLL_init)
    __arm_cp.7_0                             0x000029a8   Number         4  ti_msp_dl_config.o(.text.SYSCFG_DL_USB_TLL_init)
    __arm_cp.7_1                             0x000029ac   Number         4  ti_msp_dl_config.o(.text.SYSCFG_DL_USB_TLL_init)
    __arm_cp.7_2                             0x000029b0   Number         4  ti_msp_dl_config.o(.text.SYSCFG_DL_USB_TLL_init)
    __arm_cp.7_3                             0x000029b4   Number         4  ti_msp_dl_config.o(.text.SYSCFG_DL_USB_TLL_init)
    __arm_cp.7_4                             0x000029b8   Number         4  ti_msp_dl_config.o(.text.SYSCFG_DL_USB_TLL_init)
    __arm_cp.7_5                             0x000029bc   Number         4  ti_msp_dl_config.o(.text.SYSCFG_DL_USB_TLL_init)
    [Anonymous Symbol]                       0x000029c0   Section        0  ti_msp_dl_config.o(.text.SYSCFG_DL_init)
    __arm_cp.0_0                             0x000029f0   Number         4  ti_msp_dl_config.o(.text.SYSCFG_DL_init)
    [Anonymous Symbol]                       0x000029f4   Section        0  ti_msp_dl_config.o(.text.SYSCFG_DL_initPower)
    __arm_cp.1_0                             0x00002a30   Number         4  ti_msp_dl_config.o(.text.SYSCFG_DL_initPower)
    __arm_cp.1_1                             0x00002a34   Number         4  ti_msp_dl_config.o(.text.SYSCFG_DL_initPower)
    __arm_cp.1_2                             0x00002a38   Number         4  ti_msp_dl_config.o(.text.SYSCFG_DL_initPower)
    __arm_cp.1_3                             0x00002a3c   Number         4  ti_msp_dl_config.o(.text.SYSCFG_DL_initPower)
    __arm_cp.1_4                             0x00002a40   Number         4  ti_msp_dl_config.o(.text.SYSCFG_DL_initPower)
    __arm_cp.1_5                             0x00002a44   Number         4  ti_msp_dl_config.o(.text.SYSCFG_DL_initPower)
    __arm_cp.1_6                             0x00002a48   Number         4  ti_msp_dl_config.o(.text.SYSCFG_DL_initPower)
    __arm_cp.1_7                             0x00002a4c   Number         4  ti_msp_dl_config.o(.text.SYSCFG_DL_initPower)
    __arm_cp.1_8                             0x00002a50   Number         4  ti_msp_dl_config.o(.text.SYSCFG_DL_initPower)
    [Anonymous Symbol]                       0x00002a54   Section        0  oled.o(.text.Send_Byte)
    __arm_cp.7_0                             0x00002b64   Number         4  oled.o(.text.Send_Byte)
    [Anonymous Symbol]                       0x00002b68   Section        0  encoder.o(.text.TIMG0_IRQHandler)
    __arm_cp.1_0                             0x00002b80   Number         4  encoder.o(.text.TIMG0_IRQHandler)
    __arm_cp.1_1                             0x00002b84   Number         4  encoder.o(.text.TIMG0_IRQHandler)
    __arm_cp.1_2                             0x00002b88   Number         4  encoder.o(.text.TIMG0_IRQHandler)
    [Anonymous Symbol]                       0x00002b8c   Section        0  uart.o(.text.UART1_IRQHandler)
    __arm_cp.3_1                             0x00002b9c   Number         4  uart.o(.text.UART1_IRQHandler)
    [Anonymous Symbol]                       0x00002ba0   Section        0  board.o(.text._sys_exit)
    [Anonymous Symbol]                       0x00002ba4   Section        0  board.o(.text.board_init)
    __arm_cp.0_0                             0x00002bc0   Number         4  board.o(.text.board_init)
    __arm_cp.0_1                             0x00002bc4   Number         4  board.o(.text.board_init)
    [Anonymous Symbol]                       0x00002be8   Section        0  board.o(.text.delay_us)
    __arm_cp.1_0                             0x00002c28   Number         4  board.o(.text.delay_us)
    [Anonymous Symbol]                       0x00002c2c   Section        0  board.o(.text.fputc)
    __arm_cp.8_0                             0x00002c4c   Number         4  board.o(.text.fputc)
    [Anonymous Symbol]                       0x00002c50   Section        0  empty.o(.text.main)
    __arm_cp.0_0                             0x00002c90   Number         4  empty.o(.text.main)
    __arm_cp.0_1                             0x00002c94   Number         4  empty.o(.text.main)
    __arm_cp.0_2                             0x00002c98   Number         4  empty.o(.text.main)
    i.__ARM_common_ll_muluu                  0x00002ca4   Section        0  btod.o(i.__ARM_common_ll_muluu)
    i.__ARM_fpclassify                       0x00002cd4   Section        0  fpclassify.o(i.__ARM_fpclassify)
    i._fgeq                                  0x00002d00   Section        0  fcmp.o(i._fgeq)
    i._fgr                                   0x00002d16   Section        0  fcmp.o(i._fgr)
    i._fls                                   0x00002d2c   Section        0  fcmp.o(i._fls)
    locale$$code                             0x00002d44   Section       44  lc_numeric_c.o(locale$$code)
    x$fpl$fadd                               0x00002d70   Section      140  faddsub.o(x$fpl$fadd)
    _fadd1                                   0x00002d7d   Thumb Code     0  faddsub.o(x$fpl$fadd)
    x$fpl$fgeqf                              0x00002dfc   Section       84  fgef.o(x$fpl$fgeqf)
    x$fpl$fleqf                              0x00002e50   Section       84  flef.o(x$fpl$fleqf)
    x$fpl$fmul                               0x00002ea4   Section      176  fmul.o(x$fpl$fmul)
    x$fpl$fsub                               0x00002f54   Section      208  faddsub.o(x$fpl$fsub)
    _fsub1                                   0x00002f61   Thumb Code     0  faddsub.o(x$fpl$fsub)
    x$fpl$printf1                            0x00003024   Section       16  printf1.o(x$fpl$printf1)
    tenpwrs_x                                0x00003034   Data          60  bigflt0.o(.constdata)
    .constdata                               0x00003034   Section      148  bigflt0.o(.constdata)
    x$fpl$usenofp                            0x00003034   Section        0  usenofp.o(x$fpl$usenofp)
    tenpwrs_i                                0x00003070   Data          64  bigflt0.o(.constdata)
    gPWM_MotorAClockConfig                   0x000030c8   Data           3  ti_msp_dl_config.o(.rodata.gPWM_MotorAClockConfig)
    [Anonymous Symbol]                       0x000030c8   Section        0  ti_msp_dl_config.o(.rodata.gPWM_MotorAClockConfig)
    gPWM_MotorAConfig                        0x000030cc   Data           8  ti_msp_dl_config.o(.rodata.gPWM_MotorAConfig)
    [Anonymous Symbol]                       0x000030cc   Section        0  ti_msp_dl_config.o(.rodata.gPWM_MotorAConfig)
    gPWM_MotorBClockConfig                   0x000030d4   Data           3  ti_msp_dl_config.o(.rodata.gPWM_MotorBClockConfig)
    [Anonymous Symbol]                       0x000030d4   Section        0  ti_msp_dl_config.o(.rodata.gPWM_MotorBClockConfig)
    gPWM_MotorBConfig                        0x000030d8   Data           8  ti_msp_dl_config.o(.rodata.gPWM_MotorBConfig)
    [Anonymous Symbol]                       0x000030d8   Section        0  ti_msp_dl_config.o(.rodata.gPWM_MotorBConfig)
    gTIMER_0ClockConfig                      0x000030e0   Data           3  ti_msp_dl_config.o(.rodata.gTIMER_0ClockConfig)
    [Anonymous Symbol]                       0x000030e0   Section        0  ti_msp_dl_config.o(.rodata.gTIMER_0ClockConfig)
    gTIMER_0TimerConfig                      0x000030e4   Data          20  ti_msp_dl_config.o(.rodata.gTIMER_0TimerConfig)
    [Anonymous Symbol]                       0x000030e4   Section        0  ti_msp_dl_config.o(.rodata.gTIMER_0TimerConfig)
    gUART_TransClockConfig                   0x000030f8   Data           2  ti_msp_dl_config.o(.rodata.gUART_TransClockConfig)
    [Anonymous Symbol]                       0x000030f8   Section        0  ti_msp_dl_config.o(.rodata.gUART_TransClockConfig)
    gUART_TransConfig                        0x000030fa   Data          10  ti_msp_dl_config.o(.rodata.gUART_TransConfig)
    [Anonymous Symbol]                       0x000030fa   Section        0  ti_msp_dl_config.o(.rodata.gUART_TransConfig)
    gUSB_TLLClockConfig                      0x00003104   Data           2  ti_msp_dl_config.o(.rodata.gUSB_TLLClockConfig)
    [Anonymous Symbol]                       0x00003104   Section        0  ti_msp_dl_config.o(.rodata.gUSB_TLLClockConfig)
    gUSB_TLLConfig                           0x00003106   Data          10  ti_msp_dl_config.o(.rodata.gUSB_TLLConfig)
    [Anonymous Symbol]                       0x00003106   Section        0  ti_msp_dl_config.o(.rodata.gUSB_TLLConfig)
    locale$$data                             0x00003120   Section       28  lc_numeric_c.o(locale$$data)
    __lcnum_c_name                           0x00003124   Data           2  lc_numeric_c.o(locale$$data)
    __lcnum_c_start                          0x0000312c   Data           0  lc_numeric_c.o(locale$$data)
    __lcnum_c_point                          0x00003138   Data           0  lc_numeric_c.o(locale$$data)
    __lcnum_c_thousands                      0x0000313a   Data           0  lc_numeric_c.o(locale$$data)
    __lcnum_c_grouping                       0x0000313b   Data           0  lc_numeric_c.o(locale$$data)
    __lcnum_c_end                            0x0000313c   Data           0  lc_numeric_c.o(locale$$data)
    .bss                                     0x20200000   Section       96  libspace.o(.bss)
    Heap_Mem                                 0x202005b8   Data           0  startup_mspm0g350x_uvision.o(HEAP)
    Stack_Mem                                0x202005b8   Data         256  startup_mspm0g350x_uvision.o(STACK)
    HEAP                                     0x202005b8   Section        0  startup_mspm0g350x_uvision.o(HEAP)
    STACK                                    0x202005b8   Section      256  startup_mspm0g350x_uvision.o(STACK)
    __initial_sp                             0x202006b8   Data           0  startup_mspm0g350x_uvision.o(STACK)

    Global Symbols

    Symbol Name                              Value     Ov Type        Size  Object(Section)

    BuildAttributes$$THM_ISAv3M$S$PE$A:L22$X:L11$S22$IEEE1$IW$~IW$USESV6$~STKCKD$USESV7$~SHL$OTIME$ROPI$IEEEJ$EBA8$UX$STANDARDLIB$REQ8$PRES8$EABIv2 0x00000000   Number         0  anon$$obj.o ABSOLUTE
    __Vectors                                0x00000000   Data           4  startup_mspm0g350x_uvision.o(RESET)
    __ARM_exceptions_init                     - Undefined Weak Reference
    __alloca_initialize                       - Undefined Weak Reference
    __arm_preinit_                            - Undefined Weak Reference
    __arm_relocate_pie_                       - Undefined Weak Reference
    __cpp_initialize__aeabi_                  - Undefined Weak Reference
    __cxa_finalize                            - Undefined Weak Reference
    __sigvec_lookup                           - Undefined Weak Reference
    _atexit_init                              - Undefined Weak Reference
    _call_atexit_fns                          - Undefined Weak Reference
    _clock_init                               - Undefined Weak Reference
    _fp_trap_init                             - Undefined Weak Reference
    _fp_trap_shutdown                         - Undefined Weak Reference
    _get_lc_collate                           - Undefined Weak Reference
    _get_lc_monetary                          - Undefined Weak Reference
    _get_lc_time                              - Undefined Weak Reference
    _getenv_init                              - Undefined Weak Reference
    _handle_redirection                       - Undefined Weak Reference
    _init_alloc                               - Undefined Weak Reference
    _init_user_alloc                          - Undefined Weak Reference
    _initio                                   - Undefined Weak Reference
    _mutex_acquire                            - Undefined Weak Reference
    _mutex_release                            - Undefined Weak Reference
    _printf_mbtowc                            - Undefined Weak Reference
    _printf_post_padding                      - Undefined Weak Reference
    _printf_pre_padding                       - Undefined Weak Reference
    _rand_init                                - Undefined Weak Reference
    _signal_finish                            - Undefined Weak Reference
    _signal_init                              - Undefined Weak Reference
    _terminate_alloc                          - Undefined Weak Reference
    _terminate_user_alloc                     - Undefined Weak Reference
    _terminateio                              - Undefined Weak Reference
    __Vectors_End                            0x000000c0   Data           0  startup_mspm0g350x_uvision.o(RESET)
    __Vectors_Size                           0x000000c0   Number         0  startup_mspm0g350x_uvision.o ABSOLUTE
    __main                                   0x000000c1   Thumb Code     8  __main.o(!!!main)
    __scatterload                            0x000000c9   Thumb Code     0  __scatter.o(!!!scatter)
    __scatterload_rt2                        0x000000c9   Thumb Code    74  __scatter.o(!!!scatter)
    __scatterload_rt2_thumb_only             0x000000c9   Thumb Code     0  __scatter.o(!!!scatter)
    __scatterload_loop                       0x000000d3   Thumb Code     0  __scatter.o(!!!scatter)
    __scatterload_null                       0x00000121   Thumb Code     2  __scatter.o(!!handler_null)
    __scatterload_zeroinit                   0x00000129   Thumb Code    28  __scatter_zi.o(!!handler_zi)
    _printf_percent                          0x00000145   Thumb Code     0  _printf_percent.o(.ARM.Collect$$_printf_percent$$00000000)
    _printf_f                                0x00000147   Thumb Code     0  _printf_f.o(.ARM.Collect$$_printf_percent$$00000003)
    _printf_s                                0x00000151   Thumb Code     0  _printf_s.o(.ARM.Collect$$_printf_percent$$00000014)
    _printf_percent_end                      0x0000015b   Thumb Code     0  _printf_percent_end.o(.ARM.Collect$$_printf_percent$$00000017)
    __rt_lib_init                            0x0000015f   Thumb Code     0  libinit.o(.ARM.Collect$$libinit$$00000000)
    __rt_lib_init_fp_1                       0x00000161   Thumb Code     0  libinit2.o(.ARM.Collect$$libinit$$00000002)
    __rt_lib_init_heap_1                     0x00000161   Thumb Code     0  libinit2.o(.ARM.Collect$$libinit$$0000000C)
    __rt_lib_init_lc_common                  0x00000161   Thumb Code     0  libinit2.o(.ARM.Collect$$libinit$$00000011)
    __rt_lib_init_preinit_1                  0x00000161   Thumb Code     0  libinit2.o(.ARM.Collect$$libinit$$00000006)
    __rt_lib_init_rand_1                     0x00000161   Thumb Code     0  libinit2.o(.ARM.Collect$$libinit$$00000010)
    __rt_lib_init_relocate_pie_1             0x00000161   Thumb Code     0  libinit2.o(.ARM.Collect$$libinit$$00000004)
    __rt_lib_init_user_alloc_1               0x00000161   Thumb Code     0  libinit2.o(.ARM.Collect$$libinit$$0000000E)
    __rt_lib_init_lc_collate_1               0x00000167   Thumb Code     0  libinit2.o(.ARM.Collect$$libinit$$00000013)
    __rt_lib_init_lc_ctype_1                 0x00000167   Thumb Code     0  libinit2.o(.ARM.Collect$$libinit$$00000015)
    __rt_lib_init_lc_monetary_1              0x00000167   Thumb Code     0  libinit2.o(.ARM.Collect$$libinit$$00000017)
    __rt_lib_init_lc_numeric_2               0x00000167   Thumb Code     0  libinit2.o(.ARM.Collect$$libinit$$00000018)
    __rt_lib_init_alloca_1                   0x00000171   Thumb Code     0  libinit2.o(.ARM.Collect$$libinit$$00000030)
    __rt_lib_init_argv_1                     0x00000171   Thumb Code     0  libinit2.o(.ARM.Collect$$libinit$$0000002E)
    __rt_lib_init_atexit_1                   0x00000171   Thumb Code     0  libinit2.o(.ARM.Collect$$libinit$$0000001D)
    __rt_lib_init_clock_1                    0x00000171   Thumb Code     0  libinit2.o(.ARM.Collect$$libinit$$00000023)
    __rt_lib_init_cpp_1                      0x00000171   Thumb Code     0  libinit2.o(.ARM.Collect$$libinit$$00000034)
    __rt_lib_init_exceptions_1               0x00000171   Thumb Code     0  libinit2.o(.ARM.Collect$$libinit$$00000032)
    __rt_lib_init_fp_trap_1                  0x00000171   Thumb Code     0  libinit2.o(.ARM.Collect$$libinit$$00000021)
    __rt_lib_init_getenv_1                   0x00000171   Thumb Code     0  libinit2.o(.ARM.Collect$$libinit$$00000025)
    __rt_lib_init_lc_numeric_1               0x00000171   Thumb Code     0  libinit2.o(.ARM.Collect$$libinit$$00000019)
    __rt_lib_init_lc_time_1                  0x00000171   Thumb Code     0  libinit2.o(.ARM.Collect$$libinit$$0000001B)
    __rt_lib_init_return                     0x00000171   Thumb Code     0  libinit2.o(.ARM.Collect$$libinit$$00000035)
    __rt_lib_init_signal_1                   0x00000171   Thumb Code     0  libinit2.o(.ARM.Collect$$libinit$$0000001F)
    __rt_lib_init_stdio_1                    0x00000171   Thumb Code     0  libinit2.o(.ARM.Collect$$libinit$$00000027)
    __rt_lib_shutdown                        0x00000173   Thumb Code     0  libshutdown.o(.ARM.Collect$$libshutdown$$00000000)
    __rt_lib_shutdown_cpp_1                  0x00000175   Thumb Code     0  libshutdown2.o(.ARM.Collect$$libshutdown$$00000002)
    __rt_lib_shutdown_fp_trap_1              0x00000175   Thumb Code     0  libshutdown2.o(.ARM.Collect$$libshutdown$$00000007)
    __rt_lib_shutdown_heap_1                 0x00000175   Thumb Code     0  libshutdown2.o(.ARM.Collect$$libshutdown$$0000000F)
    __rt_lib_shutdown_return                 0x00000175   Thumb Code     0  libshutdown2.o(.ARM.Collect$$libshutdown$$00000010)
    __rt_lib_shutdown_signal_1               0x00000175   Thumb Code     0  libshutdown2.o(.ARM.Collect$$libshutdown$$0000000A)
    __rt_lib_shutdown_stdio_1                0x00000175   Thumb Code     0  libshutdown2.o(.ARM.Collect$$libshutdown$$00000004)
    __rt_lib_shutdown_user_alloc_1           0x00000175   Thumb Code     0  libshutdown2.o(.ARM.Collect$$libshutdown$$0000000C)
    __rt_entry                               0x00000177   Thumb Code     0  __rtentry.o(.ARM.Collect$$rtentry$$00000000)
    __rt_entry_presh_1                       0x00000177   Thumb Code     0  __rtentry2.o(.ARM.Collect$$rtentry$$00000002)
    __rt_entry_sh                            0x00000177   Thumb Code     0  __rtentry4.o(.ARM.Collect$$rtentry$$00000004)
    __rt_entry_li                            0x0000017d   Thumb Code     0  __rtentry2.o(.ARM.Collect$$rtentry$$0000000A)
    __rt_entry_postsh_1                      0x0000017d   Thumb Code     0  __rtentry2.o(.ARM.Collect$$rtentry$$00000009)
    __rt_entry_main                          0x00000181   Thumb Code     0  __rtentry2.o(.ARM.Collect$$rtentry$$0000000D)
    __rt_entry_postli_1                      0x00000181   Thumb Code     0  __rtentry2.o(.ARM.Collect$$rtentry$$0000000C)
    __rt_exit                                0x00000189   Thumb Code     0  rtexit.o(.ARM.Collect$$rtexit$$00000000)
    __rt_exit_ls                             0x0000018b   Thumb Code     0  rtexit2.o(.ARM.Collect$$rtexit$$00000003)
    __rt_exit_prels_1                        0x0000018b   Thumb Code     0  rtexit2.o(.ARM.Collect$$rtexit$$00000002)
    __rt_exit_exit                           0x0000018f   Thumb Code     0  rtexit2.o(.ARM.Collect$$rtexit$$00000004)
    Reset_Handler                            0x00000195   Thumb Code     4  startup_mspm0g350x_uvision.o(.text)
    NMI_Handler                              0x00000199   Thumb Code     2  startup_mspm0g350x_uvision.o(.text)
    SVC_Handler                              0x0000019d   Thumb Code     2  startup_mspm0g350x_uvision.o(.text)
    PendSV_Handler                           0x0000019f   Thumb Code     2  startup_mspm0g350x_uvision.o(.text)
    SysTick_Handler                          0x000001a1   Thumb Code     2  startup_mspm0g350x_uvision.o(.text)
    ADC0_IRQHandler                          0x000001a3   Thumb Code     0  startup_mspm0g350x_uvision.o(.text)
    ADC1_IRQHandler                          0x000001a3   Thumb Code     0  startup_mspm0g350x_uvision.o(.text)
    AES_IRQHandler                           0x000001a3   Thumb Code     0  startup_mspm0g350x_uvision.o(.text)
    CANFD0_IRQHandler                        0x000001a3   Thumb Code     0  startup_mspm0g350x_uvision.o(.text)
    DAC0_IRQHandler                          0x000001a3   Thumb Code     0  startup_mspm0g350x_uvision.o(.text)
    DMA_IRQHandler                           0x000001a3   Thumb Code     0  startup_mspm0g350x_uvision.o(.text)
    Default_Handler                          0x000001a3   Thumb Code     2  startup_mspm0g350x_uvision.o(.text)
    GROUP0_IRQHandler                        0x000001a3   Thumb Code     0  startup_mspm0g350x_uvision.o(.text)
    I2C0_IRQHandler                          0x000001a3   Thumb Code     0  startup_mspm0g350x_uvision.o(.text)
    I2C1_IRQHandler                          0x000001a3   Thumb Code     0  startup_mspm0g350x_uvision.o(.text)
    RTC_IRQHandler                           0x000001a3   Thumb Code     0  startup_mspm0g350x_uvision.o(.text)
    SPI0_IRQHandler                          0x000001a3   Thumb Code     0  startup_mspm0g350x_uvision.o(.text)
    SPI1_IRQHandler                          0x000001a3   Thumb Code     0  startup_mspm0g350x_uvision.o(.text)
    TIMA0_IRQHandler                         0x000001a3   Thumb Code     0  startup_mspm0g350x_uvision.o(.text)
    TIMA1_IRQHandler                         0x000001a3   Thumb Code     0  startup_mspm0g350x_uvision.o(.text)
    TIMG12_IRQHandler                        0x000001a3   Thumb Code     0  startup_mspm0g350x_uvision.o(.text)
    TIMG6_IRQHandler                         0x000001a3   Thumb Code     0  startup_mspm0g350x_uvision.o(.text)
    TIMG7_IRQHandler                         0x000001a3   Thumb Code     0  startup_mspm0g350x_uvision.o(.text)
    TIMG8_IRQHandler                         0x000001a3   Thumb Code     0  startup_mspm0g350x_uvision.o(.text)
    UART0_IRQHandler                         0x000001a3   Thumb Code     0  startup_mspm0g350x_uvision.o(.text)
    UART2_IRQHandler                         0x000001a3   Thumb Code     0  startup_mspm0g350x_uvision.o(.text)
    UART3_IRQHandler                         0x000001a3   Thumb Code     0  startup_mspm0g350x_uvision.o(.text)
    __user_initial_stackheap                 0x000001a5   Thumb Code    10  startup_mspm0g350x_uvision.o(.text)
    __2printf                                0x000001c1   Thumb Code    22  noretval__2printf.o(.text)
    __printf                                 0x000001dd   Thumb Code   108  __printf.o(.text)
    _printf_str                              0x00000249   Thumb Code    82  _printf_str.o(.text)
    puts                                     0x0000029d   Thumb Code    38  puts.o(.text)
    __aeabi_uidivmod                         0x000002c9   Thumb Code    28  aeabi_sdivfast.o(.text)
    __aeabi_idivmod                          0x000002e5   Thumb Code   472  aeabi_sdivfast.o(.text)
    __use_two_region_memory                  0x000004c1   Thumb Code     2  heapauxi.o(.text)
    __rt_heap_escrow$2region                 0x000004c3   Thumb Code     2  heapauxi.o(.text)
    __rt_heap_expand$2region                 0x000004c5   Thumb Code     2  heapauxi.o(.text)
    __aeabi_f2d                              0x000004c9   Thumb Code     0  f2d.o(.text)
    _f2d                                     0x000004c9   Thumb Code    80  f2d.o(.text)
    __aeabi_f2uiz                            0x0000051d   Thumb Code     0  ffixui.o(.text)
    _ffixu                                   0x0000051d   Thumb Code    48  ffixui.o(.text)
    _printf_fp_dec_real                      0x000006e9   Thumb Code   620  _printf_fp_dec.o(.text)
    _printf_cs_common                        0x00000961   Thumb Code    22  _printf_char.o(.text)
    _printf_char                             0x00000977   Thumb Code    16  _printf_char.o(.text)
    _printf_string                           0x00000987   Thumb Code     8  _printf_char.o(.text)
    _printf_char_file                        0x00000991   Thumb Code    34  _printf_char_file.o(.text)
    __user_libspace                          0x000009b9   Thumb Code     8  libspace.o(.text)
    __user_perproc_libspace                  0x000009b9   Thumb Code     0  libspace.o(.text)
    __user_perthread_libspace                0x000009b9   Thumb Code     0  libspace.o(.text)
    __rt_locale                              0x000009c1   Thumb Code     8  rt_locale_intlibspace.o(.text)
    _ll_udiv10                               0x000009c9   Thumb Code   122  lludiv10.o(.text)
    _printf_char_common                      0x00000a4f   Thumb Code    32  _printf_char_common.o(.text)
    _printf_fp_infnan                        0x00000a75   Thumb Code   120  _printf_fp_infnan.o(.text)
    _btod_etento                             0x00000afd   Thumb Code   210  bigflt0.o(.text)
    _btod_d2e                                0x00000bd5   Thumb Code    64  btod.o(.text)
    _btod_emul                               0x00001009   Thumb Code    28  btod.o(.text)
    _btod_emuld                              0x00001025   Thumb Code   144  btod.o(.text)
    _btod_ediv                               0x000010b5   Thumb Code    26  btod.o(.text)
    _btod_edivd                              0x000010cf   Thumb Code   124  btod.o(.text)
    ferror                                   0x00001155   Thumb Code     8  ferror.o(.text)
    __rt_udiv10                              0x0000115d   Thumb Code    40  rtudiv10.o(.text)
    __fpl_fcmp_InfNaN                        0x00001185   Thumb Code    96  fcmpin.o(.text)
    __user_setup_stackheap                   0x000011e9   Thumb Code    62  sys_stackheap_outer.o(.text)
    exit                                     0x00001227   Thumb Code    16  exit.o(.text)
    strcmp                                   0x00001239   Thumb Code   176  strcmpv6m.o(.text)
    __fpl_cmpreturn                          0x000012e9   Thumb Code    46  cmpret.o(.text)
    __fpl_fcheck_NaN2                        0x00001319   Thumb Code    10  fnan2.o(.text)
    __fpl_return_NaN                         0x00001329   Thumb Code    94  retnan.o(.text)
    DL_Common_delayCycles                    0x00001387   Thumb Code    10  dl_common.o(.text.DL_Common_delayCycles)
    DL_Timer_initPWMMode                     0x00001391   Thumb Code   172  dl_timer.o(.text.DL_Timer_initPWMMode)
    DL_Timer_initTimerMode                   0x00001451   Thumb Code   220  dl_timer.o(.text.DL_Timer_initTimerMode)
    DL_Timer_setCaptCompUpdateMethod         0x00001539   Thumb Code    24  dl_timer.o(.text.DL_Timer_setCaptCompUpdateMethod)
    DL_Timer_setCaptureCompareOutCtl         0x00001555   Thumb Code    20  dl_timer.o(.text.DL_Timer_setCaptureCompareOutCtl)
    DL_Timer_setCaptureCompareValue          0x0000156d   Thumb Code    12  dl_timer.o(.text.DL_Timer_setCaptureCompareValue)
    DL_Timer_setClockConfig                  0x0000157d   Thumb Code    24  dl_timer.o(.text.DL_Timer_setClockConfig)
    DL_UART_init                             0x00001599   Thumb Code    64  dl_uart.o(.text.DL_UART_init)
    DL_UART_setClockConfig                   0x000015e1   Thumb Code    18  dl_uart.o(.text.DL_UART_setClockConfig)
    GROUP1_IRQHandler                        0x000015f5   Thumb Code    84  encoder.o(.text.GROUP1_IRQHandler)
    HardFault_Handler                        0x00001659   Thumb Code    12  uart.o(.text.HardFault_Handler)
    Motor_straight                           0x00001679   Thumb Code   104  motor.o(.text.Motor_straight)
    OLED_Clear                               0x000016e1   Thumb Code  1620  oled.o(.text.OLED_Clear)
    OLED_Init                                0x00001d35   Thumb Code  1852  oled.o(.text.OLED_Init)
    OLED_Refresh                             0x00002471   Thumb Code   240  oled.o(.text.OLED_Refresh)
    OLED_WR_Byte                             0x00002565   Thumb Code   156  oled.o(.text.OLED_WR_Byte)
    OpenMV4_usart_config                     0x00002605   Thumb Code    20  uart.o(.text.OpenMV4_usart_config)
    PwmA_Duty_Set                            0x00002621   Thumb Code    44  pwm.o(.text.PwmA_Duty_Set)
    PwmB_Duty_Set                            0x0000264d   Thumb Code    44  pwm.o(.text.PwmB_Duty_Set)
    SYSCFG_DL_GPIO_init                      0x00002681   Thumb Code   164  ti_msp_dl_config.o(.text.SYSCFG_DL_GPIO_init)
    SYSCFG_DL_PWM_MotorA_init                0x0000274d   Thumb Code   108  ti_msp_dl_config.o(.text.SYSCFG_DL_PWM_MotorA_init)
    SYSCFG_DL_PWM_MotorB_init                0x000027c9   Thumb Code   108  ti_msp_dl_config.o(.text.SYSCFG_DL_PWM_MotorB_init)
    SYSCFG_DL_SYSCTL_init                    0x00002849   Thumb Code    52  ti_msp_dl_config.o(.text.SYSCFG_DL_SYSCTL_init)
    SYSCFG_DL_SYSTICK_init                   0x00002885   Thumb Code    24  ti_msp_dl_config.o(.text.SYSCFG_DL_SYSTICK_init)
    SYSCFG_DL_TIMER_0_init                   0x000028a1   Thumb Code    36  ti_msp_dl_config.o(.text.SYSCFG_DL_TIMER_0_init)
    SYSCFG_DL_UART_Trans_init                0x000028d9   Thumb Code    96  ti_msp_dl_config.o(.text.SYSCFG_DL_UART_Trans_init)
    SYSCFG_DL_USB_TLL_init                   0x00002951   Thumb Code    88  ti_msp_dl_config.o(.text.SYSCFG_DL_USB_TLL_init)
    SYSCFG_DL_init                           0x000029c1   Thumb Code    48  ti_msp_dl_config.o(.text.SYSCFG_DL_init)
    SYSCFG_DL_initPower                      0x000029f5   Thumb Code    60  ti_msp_dl_config.o(.text.SYSCFG_DL_initPower)
    Send_Byte                                0x00002a55   Thumb Code   272  oled.o(.text.Send_Byte)
    TIMG0_IRQHandler                         0x00002b69   Thumb Code    24  encoder.o(.text.TIMG0_IRQHandler)
    UART1_IRQHandler                         0x00002b8d   Thumb Code    16  uart.o(.text.UART1_IRQHandler)
    _sys_exit                                0x00002ba1   Thumb Code     2  board.o(.text._sys_exit)
    board_init                               0x00002ba5   Thumb Code    28  board.o(.text.board_init)
    delay_us                                 0x00002be9   Thumb Code    64  board.o(.text.delay_us)
    fputc                                    0x00002c2d   Thumb Code    32  board.o(.text.fputc)
    main                                     0x00002c51   Thumb Code    64  empty.o(.text.main)
    __ARM_common_ll_muluu                    0x00002ca5   Thumb Code    48  btod.o(i.__ARM_common_ll_muluu)
    __ARM_fpclassify                         0x00002cd5   Thumb Code    40  fpclassify.o(i.__ARM_fpclassify)
    __aeabi_fcmpge                           0x00002d01   Thumb Code     0  fcmp.o(i._fgeq)
    _fgeq                                    0x00002d01   Thumb Code    22  fcmp.o(i._fgeq)
    __aeabi_fcmpgt                           0x00002d17   Thumb Code     0  fcmp.o(i._fgr)
    _fgr                                     0x00002d17   Thumb Code    22  fcmp.o(i._fgr)
    __aeabi_fcmplt                           0x00002d2d   Thumb Code     0  fcmp.o(i._fls)
    _fls                                     0x00002d2d   Thumb Code    22  fcmp.o(i._fls)
    _get_lc_numeric                          0x00002d45   Thumb Code    44  lc_numeric_c.o(locale$$code)
    __aeabi_fadd                             0x00002d71   Thumb Code     0  faddsub.o(x$fpl$fadd)
    _fadd                                    0x00002d71   Thumb Code   134  faddsub.o(x$fpl$fadd)
    _fcmpge                                  0x00002dfd   Thumb Code    78  fgef.o(x$fpl$fgeqf)
    __aeabi_cfcmple                          0x00002e51   Thumb Code     0  flef.o(x$fpl$fleqf)
    _fcmple                                  0x00002e51   Thumb Code    78  flef.o(x$fpl$fleqf)
    __aeabi_fmul                             0x00002ea5   Thumb Code     0  fmul.o(x$fpl$fmul)
    _fmul                                    0x00002ea5   Thumb Code   172  fmul.o(x$fpl$fmul)
    __aeabi_fsub                             0x00002f55   Thumb Code     0  faddsub.o(x$fpl$fsub)
    _fsub                                    0x00002f55   Thumb Code   204  faddsub.o(x$fpl$fsub)
    _printf_fp_dec                           0x00003025   Thumb Code    16  printf1.o(x$fpl$printf1)
    __I$use$fp                               0x00003034   Number         0  usenofp.o(x$fpl$usenofp)
    Region$$Table$$Base                      0x00003110   Number         0  anon$$obj.o(Region$$Table)
    Region$$Table$$Limit                     0x00003120   Number         0  anon$$obj.o(Region$$Table)
    __libspace_start                         0x20200000   Data          96  libspace.o(.bss)
    Left_Count                               0x20200060   Data           4  encoder.o(.bss.Left_Count)
    __temporary_stack_top$libspace           0x20200060   Data           0  libspace.o(.bss)
    OLED_GRAM                                0x20200064   Data        1152  oled.o(.bss.OLED_GRAM)
    RecvPWM                                  0x202004e4   Data           4  uart.o(.bss.RecvPWM)
    Right_Count                              0x202004e8   Data           4  encoder.o(.bss.Right_Count)
    __stdout                                 0x202004ec   Data          84  board.o(.bss.__stdout)
    gPWM_MotorABackup                        0x20200540   Data         120  ti_msp_dl_config.o(.bss.gPWM_MotorABackup)



==============================================================================

Memory Map of the image

  Image Entry point : 0x000000c1

  Load Region LR_IROM1 (Base: 0x00000000, Size: 0x0000313c, Max: 0x00020000, ABSOLUTE)

    Execution Region ER_IROM1 (Exec base: 0x00000000, Load base: 0x00000000, Size: 0x0000313c, Max: 0x00020000, ABSOLUTE)

    Exec Addr    Load Addr    Size         Type   Attr      Idx    E Section Name        Object

    0x00000000   0x00000000   0x000000c0   Data   RO           12    RESET               startup_mspm0g350x_uvision.o
    0x000000c0   0x000000c0   0x00000008   Code   RO         1030  * !!!main             c_p.l(__main.o)
    0x000000c8   0x000000c8   0x00000054   Code   RO         1320    !!!scatter          c_p.l(__scatter.o)
    0x0000011c   0x0000011c   0x00000004   PAD
    0x00000120   0x00000120   0x00000002   Code   RO         1321    !!handler_null      c_p.l(__scatter.o)
    0x00000122   0x00000122   0x00000006   PAD
    0x00000128   0x00000128   0x0000001c   Code   RO         1324    !!handler_zi        c_p.l(__scatter_zi.o)
    0x00000144   0x00000144   0x00000002   Code   RO         1008    .ARM.Collect$$_printf_percent$$00000000  c_p.l(_printf_percent.o)
    0x00000146   0x00000146   0x0000000a   Code   RO         1007    .ARM.Collect$$_printf_percent$$00000003  c_p.l(_printf_f.o)
    0x00000150   0x00000150   0x0000000a   Code   RO         1006    .ARM.Collect$$_printf_percent$$00000014  c_p.l(_printf_s.o)
    0x0000015a   0x0000015a   0x00000004   Code   RO         1080    .ARM.Collect$$_printf_percent$$00000017  c_p.l(_printf_percent_end.o)
    0x0000015e   0x0000015e   0x00000002   Code   RO         1180    .ARM.Collect$$libinit$$00000000  c_p.l(libinit.o)
    0x00000160   0x00000160   0x00000000   Code   RO         1182    .ARM.Collect$$libinit$$00000002  c_p.l(libinit2.o)
    0x00000160   0x00000160   0x00000000   Code   RO         1184    .ARM.Collect$$libinit$$00000004  c_p.l(libinit2.o)
    0x00000160   0x00000160   0x00000000   Code   RO         1186    .ARM.Collect$$libinit$$00000006  c_p.l(libinit2.o)
    0x00000160   0x00000160   0x00000000   Code   RO         1189    .ARM.Collect$$libinit$$0000000C  c_p.l(libinit2.o)
    0x00000160   0x00000160   0x00000000   Code   RO         1191    .ARM.Collect$$libinit$$0000000E  c_p.l(libinit2.o)
    0x00000160   0x00000160   0x00000000   Code   RO         1193    .ARM.Collect$$libinit$$00000010  c_p.l(libinit2.o)
    0x00000160   0x00000160   0x00000006   Code   RO         1194    .ARM.Collect$$libinit$$00000011  c_p.l(libinit2.o)
    0x00000166   0x00000166   0x00000000   Code   RO         1196    .ARM.Collect$$libinit$$00000013  c_p.l(libinit2.o)
    0x00000166   0x00000166   0x00000000   Code   RO         1198    .ARM.Collect$$libinit$$00000015  c_p.l(libinit2.o)
    0x00000166   0x00000166   0x00000000   Code   RO         1200    .ARM.Collect$$libinit$$00000017  c_p.l(libinit2.o)
    0x00000166   0x00000166   0x0000000a   Code   RO         1201    .ARM.Collect$$libinit$$00000018  c_p.l(libinit2.o)
    0x00000170   0x00000170   0x00000000   Code   RO         1202    .ARM.Collect$$libinit$$00000019  c_p.l(libinit2.o)
    0x00000170   0x00000170   0x00000000   Code   RO         1204    .ARM.Collect$$libinit$$0000001B  c_p.l(libinit2.o)
    0x00000170   0x00000170   0x00000000   Code   RO         1206    .ARM.Collect$$libinit$$0000001D  c_p.l(libinit2.o)
    0x00000170   0x00000170   0x00000000   Code   RO         1208    .ARM.Collect$$libinit$$0000001F  c_p.l(libinit2.o)
    0x00000170   0x00000170   0x00000000   Code   RO         1210    .ARM.Collect$$libinit$$00000021  c_p.l(libinit2.o)
    0x00000170   0x00000170   0x00000000   Code   RO         1212    .ARM.Collect$$libinit$$00000023  c_p.l(libinit2.o)
    0x00000170   0x00000170   0x00000000   Code   RO         1214    .ARM.Collect$$libinit$$00000025  c_p.l(libinit2.o)
    0x00000170   0x00000170   0x00000000   Code   RO         1216    .ARM.Collect$$libinit$$00000027  c_p.l(libinit2.o)
    0x00000170   0x00000170   0x00000000   Code   RO         1220    .ARM.Collect$$libinit$$0000002E  c_p.l(libinit2.o)
    0x00000170   0x00000170   0x00000000   Code   RO         1222    .ARM.Collect$$libinit$$00000030  c_p.l(libinit2.o)
    0x00000170   0x00000170   0x00000000   Code   RO         1224    .ARM.Collect$$libinit$$00000032  c_p.l(libinit2.o)
    0x00000170   0x00000170   0x00000000   Code   RO         1226    .ARM.Collect$$libinit$$00000034  c_p.l(libinit2.o)
    0x00000170   0x00000170   0x00000002   Code   RO         1227    .ARM.Collect$$libinit$$00000035  c_p.l(libinit2.o)
    0x00000172   0x00000172   0x00000002   Code   RO         1282    .ARM.Collect$$libshutdown$$00000000  c_p.l(libshutdown.o)
    0x00000174   0x00000174   0x00000000   Code   RO         1303    .ARM.Collect$$libshutdown$$00000002  c_p.l(libshutdown2.o)
    0x00000174   0x00000174   0x00000000   Code   RO         1305    .ARM.Collect$$libshutdown$$00000004  c_p.l(libshutdown2.o)
    0x00000174   0x00000174   0x00000000   Code   RO         1308    .ARM.Collect$$libshutdown$$00000007  c_p.l(libshutdown2.o)
    0x00000174   0x00000174   0x00000000   Code   RO         1311    .ARM.Collect$$libshutdown$$0000000A  c_p.l(libshutdown2.o)
    0x00000174   0x00000174   0x00000000   Code   RO         1313    .ARM.Collect$$libshutdown$$0000000C  c_p.l(libshutdown2.o)
    0x00000174   0x00000174   0x00000000   Code   RO         1316    .ARM.Collect$$libshutdown$$0000000F  c_p.l(libshutdown2.o)
    0x00000174   0x00000174   0x00000002   Code   RO         1317    .ARM.Collect$$libshutdown$$00000010  c_p.l(libshutdown2.o)
    0x00000176   0x00000176   0x00000000   Code   RO         1062    .ARM.Collect$$rtentry$$00000000  c_p.l(__rtentry.o)
    0x00000176   0x00000176   0x00000000   Code   RO         1096    .ARM.Collect$$rtentry$$00000002  c_p.l(__rtentry2.o)
    0x00000176   0x00000176   0x00000006   Code   RO         1108    .ARM.Collect$$rtentry$$00000004  c_p.l(__rtentry4.o)
    0x0000017c   0x0000017c   0x00000000   Code   RO         1098    .ARM.Collect$$rtentry$$00000009  c_p.l(__rtentry2.o)
    0x0000017c   0x0000017c   0x00000004   Code   RO         1099    .ARM.Collect$$rtentry$$0000000A  c_p.l(__rtentry2.o)
    0x00000180   0x00000180   0x00000000   Code   RO         1101    .ARM.Collect$$rtentry$$0000000C  c_p.l(__rtentry2.o)
    0x00000180   0x00000180   0x00000008   Code   RO         1102    .ARM.Collect$$rtentry$$0000000D  c_p.l(__rtentry2.o)
    0x00000188   0x00000188   0x00000002   Code   RO         1233    .ARM.Collect$$rtexit$$00000000  c_p.l(rtexit.o)
    0x0000018a   0x0000018a   0x00000000   Code   RO         1250    .ARM.Collect$$rtexit$$00000002  c_p.l(rtexit2.o)
    0x0000018a   0x0000018a   0x00000004   Code   RO         1251    .ARM.Collect$$rtexit$$00000003  c_p.l(rtexit2.o)
    0x0000018e   0x0000018e   0x00000006   Code   RO         1252    .ARM.Collect$$rtexit$$00000004  c_p.l(rtexit2.o)
    0x00000194   0x00000194   0x0000002c   Code   RO           13    .text               startup_mspm0g350x_uvision.o
    0x000001c0   0x000001c0   0x0000001c   Code   RO          980    .text               c_p.l(noretval__2printf.o)
    0x000001dc   0x000001dc   0x0000006c   Code   RO          982    .text               c_p.l(__printf.o)
    0x00000248   0x00000248   0x00000052   Code   RO          984    .text               c_p.l(_printf_str.o)
    0x0000029a   0x0000029a   0x00000002   PAD
    0x0000029c   0x0000029c   0x0000002c   Code   RO         1011    .text               c_p.l(puts.o)
    0x000002c8   0x000002c8   0x000001f8   Code   RO         1020    .text               c_p.l(aeabi_sdivfast.o)
    0x000004c0   0x000004c0   0x00000006   Code   RO         1028    .text               c_p.l(heapauxi.o)
    0x000004c6   0x000004c6   0x00000002   PAD
    0x000004c8   0x000004c8   0x00000054   Code   RO         1032    .text               fz_ps.l(f2d.o)
    0x0000051c   0x0000051c   0x00000030   Code   RO         1054    .text               fz_ps.l(ffixui.o)
    0x0000054c   0x0000054c   0x00000414   Code   RO         1072    .text               c_p.l(_printf_fp_dec.o)
    0x00000960   0x00000960   0x0000002e   Code   RO         1076    .text               c_p.l(_printf_char.o)
    0x0000098e   0x0000098e   0x00000002   PAD
    0x00000990   0x00000990   0x00000028   Code   RO         1078    .text               c_p.l(_printf_char_file.o)
    0x000009b8   0x000009b8   0x00000008   Code   RO         1092    .text               c_p.l(libspace.o)
    0x000009c0   0x000009c0   0x00000008   Code   RO         1117    .text               c_p.l(rt_locale_intlibspace.o)
    0x000009c8   0x000009c8   0x0000007a   Code   RO         1119    .text               c_p.l(lludiv10.o)
    0x00000a42   0x00000a42   0x00000002   PAD
    0x00000a44   0x00000a44   0x00000030   Code   RO         1121    .text               c_p.l(_printf_char_common.o)
    0x00000a74   0x00000a74   0x00000088   Code   RO         1123    .text               c_p.l(_printf_fp_infnan.o)
    0x00000afc   0x00000afc   0x000000d8   Code   RO         1127    .text               c_p.l(bigflt0.o)
    0x00000bd4   0x00000bd4   0x00000580   Code   RO         1130    .text               c_p.l(btod.o)
    0x00001154   0x00001154   0x00000008   Code   RO         1136    .text               c_p.l(ferror.o)
    0x0000115c   0x0000115c   0x00000028   Code   RO         1147    .text               c_p.l(rtudiv10.o)
    0x00001184   0x00001184   0x00000064   Code   RO         1149    .text               fz_ps.l(fcmpin.o)
    0x000011e8   0x000011e8   0x0000003e   Code   RO         1155    .text               c_p.l(sys_stackheap_outer.o)
    0x00001226   0x00001226   0x00000010   Code   RO         1167    .text               c_p.l(exit.o)
    0x00001236   0x00001236   0x00000002   PAD
    0x00001238   0x00001238   0x000000b0   Code   RO         1173    .text               c_p.l(strcmpv6m.o)
    0x000012e8   0x000012e8   0x0000002e   Code   RO         1228    .text               fz_ps.l(cmpret.o)
    0x00001316   0x00001316   0x00000002   PAD
    0x00001318   0x00001318   0x00000010   Code   RO         1230    .text               fz_ps.l(fnan2.o)
    0x00001328   0x00001328   0x0000005e   Code   RO         1247    .text               fz_ps.l(retnan.o)
    0x00001386   0x00001386   0x0000000a   Code   RO          919    .text.DL_Common_delayCycles  dl_common.o
    0x00001390   0x00001390   0x000000c0   Code   RO          353    .text.DL_Timer_initPWMMode  dl_timer.o
    0x00001450   0x00001450   0x000000e8   Code   RO          335    .text.DL_Timer_initTimerMode  dl_timer.o
    0x00001538   0x00001538   0x0000001c   Code   RO          367    .text.DL_Timer_setCaptCompUpdateMethod  dl_timer.o
    0x00001554   0x00001554   0x00000018   Code   RO          357    .text.DL_Timer_setCaptureCompareOutCtl  dl_timer.o
    0x0000156c   0x0000156c   0x00000010   Code   RO          337    .text.DL_Timer_setCaptureCompareValue  dl_timer.o
    0x0000157c   0x0000157c   0x0000001c   Code   RO          331    .text.DL_Timer_setClockConfig  dl_timer.o
    0x00001598   0x00001598   0x00000048   Code   RO          279    .text.DL_UART_init  dl_uart.o
    0x000015e0   0x000015e0   0x00000012   Code   RO          281    .text.DL_UART_setClockConfig  dl_uart.o
    0x000015f2   0x000015f2   0x00000002   PAD
    0x000015f4   0x000015f4   0x00000064   Code   RO          195    .text.GROUP1_IRQHandler  encoder.o
    0x00001658   0x00001658   0x00000020   Code   RO          215    .text.HardFault_Handler  uart.o
    0x00001678   0x00001678   0x00000068   Code   RO          172    .text.Motor_straight  motor.o
    0x000016e0   0x000016e0   0x00000654   Code   RO          115    .text.OLED_Clear    oled.o
    0x00001d34   0x00001d34   0x0000073c   Code   RO          137    .text.OLED_Init     oled.o
    0x00002470   0x00002470   0x000000f4   Code   RO          113    .text.OLED_Refresh  oled.o
    0x00002564   0x00002564   0x000000a0   Code   RO           95    .text.OLED_WR_Byte  oled.o
    0x00002604   0x00002604   0x0000001c   Code   RO          209    .text.OpenMV4_usart_config  uart.o
    0x00002620   0x00002620   0x0000002c   Code   RO          156    .text.PwmA_Duty_Set  pwm.o
    0x0000264c   0x0000264c   0x00000034   Code   RO          158    .text.PwmB_Duty_Set  pwm.o
    0x00002680   0x00002680   0x000000cc   Code   RO           24    .text.SYSCFG_DL_GPIO_init  ti_msp_dl_config.o
    0x0000274c   0x0000274c   0x0000007c   Code   RO           30    .text.SYSCFG_DL_PWM_MotorA_init  ti_msp_dl_config.o
    0x000027c8   0x000027c8   0x00000080   Code   RO           28    .text.SYSCFG_DL_PWM_MotorB_init  ti_msp_dl_config.o
    0x00002848   0x00002848   0x0000003c   Code   RO           26    .text.SYSCFG_DL_SYSCTL_init  ti_msp_dl_config.o
    0x00002884   0x00002884   0x0000001c   Code   RO           38    .text.SYSCFG_DL_SYSTICK_init  ti_msp_dl_config.o
    0x000028a0   0x000028a0   0x00000038   Code   RO           32    .text.SYSCFG_DL_TIMER_0_init  ti_msp_dl_config.o
    0x000028d8   0x000028d8   0x00000078   Code   RO           36    .text.SYSCFG_DL_UART_Trans_init  ti_msp_dl_config.o
    0x00002950   0x00002950   0x00000070   Code   RO           34    .text.SYSCFG_DL_USB_TLL_init  ti_msp_dl_config.o
    0x000029c0   0x000029c0   0x00000034   Code   RO           20    .text.SYSCFG_DL_init  ti_msp_dl_config.o
    0x000029f4   0x000029f4   0x00000060   Code   RO           22    .text.SYSCFG_DL_initPower  ti_msp_dl_config.o
    0x00002a54   0x00002a54   0x00000114   Code   RO          107    .text.Send_Byte     oled.o
    0x00002b68   0x00002b68   0x00000024   Code   RO          193    .text.TIMG0_IRQHandler  encoder.o
    0x00002b8c   0x00002b8c   0x00000014   Code   RO          213    .text.UART1_IRQHandler  uart.o
    0x00002ba0   0x00002ba0   0x00000002   Code   RO           77    .text._sys_exit     board.o
    0x00002ba2   0x00002ba2   0x00000002   PAD
    0x00002ba4   0x00002ba4   0x00000044   Code   RO           63    .text.board_init    board.o
    0x00002be8   0x00002be8   0x00000044   Code   RO           65    .text.delay_us      board.o
    0x00002c2c   0x00002c2c   0x00000024   Code   RO           79    .text.fputc         board.o
    0x00002c50   0x00002c50   0x00000054   Code   RO            2    .text.main          empty.o
    0x00002ca4   0x00002ca4   0x00000030   Code   RO         1132    i.__ARM_common_ll_muluu  c_p.l(btod.o)
    0x00002cd4   0x00002cd4   0x0000002c   Code   RO         1153    i.__ARM_fpclassify  m_ps.l(fpclassify.o)
    0x00002d00   0x00002d00   0x00000016   Code   RO         1041    i._fgeq             fz_ps.l(fcmp.o)
    0x00002d16   0x00002d16   0x00000016   Code   RO         1042    i._fgr              fz_ps.l(fcmp.o)
    0x00002d2c   0x00002d2c   0x00000016   Code   RO         1044    i._fls              fz_ps.l(fcmp.o)
    0x00002d42   0x00002d42   0x00000002   PAD
    0x00002d44   0x00002d44   0x0000002c   Code   RO         1141    locale$$code        c_p.l(lc_numeric_c.o)
    0x00002d70   0x00002d70   0x0000008c   Code   RO         1034    x$fpl$fadd          fz_ps.l(faddsub.o)
    0x00002dfc   0x00002dfc   0x00000054   Code   RO         1087    x$fpl$fgeqf         fz_ps.l(fgef.o)
    0x00002e50   0x00002e50   0x00000054   Code   RO         1089    x$fpl$fleqf         fz_ps.l(flef.o)
    0x00002ea4   0x00002ea4   0x000000b0   Code   RO         1058    x$fpl$fmul          fz_ps.l(fmul.o)
    0x00002f54   0x00002f54   0x000000d0   Code   RO         1036    x$fpl$fsub          fz_ps.l(faddsub.o)
    0x00003024   0x00003024   0x00000010   Code   RO         1060    x$fpl$printf1       fz_ps.l(printf1.o)
    0x00003034   0x00003034   0x00000000   Code   RO         1091    x$fpl$usenofp       fz_ps.l(usenofp.o)
    0x00003034   0x00003034   0x00000094   Data   RO         1128    .constdata          c_p.l(bigflt0.o)
    0x000030c8   0x000030c8   0x00000003   Data   RO           47    .rodata.gPWM_MotorAClockConfig  ti_msp_dl_config.o
    0x000030cb   0x000030cb   0x00000001   PAD
    0x000030cc   0x000030cc   0x00000008   Data   RO           48    .rodata.gPWM_MotorAConfig  ti_msp_dl_config.o
    0x000030d4   0x000030d4   0x00000003   Data   RO           45    .rodata.gPWM_MotorBClockConfig  ti_msp_dl_config.o
    0x000030d7   0x000030d7   0x00000001   PAD
    0x000030d8   0x000030d8   0x00000008   Data   RO           46    .rodata.gPWM_MotorBConfig  ti_msp_dl_config.o
    0x000030e0   0x000030e0   0x00000003   Data   RO           49    .rodata.gTIMER_0ClockConfig  ti_msp_dl_config.o
    0x000030e3   0x000030e3   0x00000001   PAD
    0x000030e4   0x000030e4   0x00000014   Data   RO           50    .rodata.gTIMER_0TimerConfig  ti_msp_dl_config.o
    0x000030f8   0x000030f8   0x00000002   Data   RO           53    .rodata.gUART_TransClockConfig  ti_msp_dl_config.o
    0x000030fa   0x000030fa   0x0000000a   Data   RO           54    .rodata.gUART_TransConfig  ti_msp_dl_config.o
    0x00003104   0x00003104   0x00000002   Data   RO           51    .rodata.gUSB_TLLClockConfig  ti_msp_dl_config.o
    0x00003106   0x00003106   0x0000000a   Data   RO           52    .rodata.gUSB_TLLConfig  ti_msp_dl_config.o
    0x00003110   0x00003110   0x00000010   Data   RO         1319    Region$$Table       anon$$obj.o
    0x00003120   0x00003120   0x0000001c   Data   RO         1140    locale$$data        c_p.l(lc_numeric_c.o)


    Execution Region RW_IRAM2 (Exec base: 0x20200000, Load base: 0x0000313c, Size: 0x000006b8, Max: 0x00008000, ABSOLUTE)

    Exec Addr    Load Addr    Size         Type   Attr      Idx    E Section Name        Object

    0x20200000        -       0x00000060   Zero   RW         1093    .bss                c_p.l(libspace.o)
    0x20200060        -       0x00000004   Zero   RW          197    .bss.Left_Count     encoder.o
    0x20200064        -       0x00000480   Zero   RW          147    .bss.OLED_GRAM      oled.o
    0x202004e4        -       0x00000004   Zero   RW          221    .bss.RecvPWM        uart.o
    0x202004e8        -       0x00000004   Zero   RW          198    .bss.Right_Count    encoder.o
    0x202004ec        -       0x00000054   Zero   RW           84    .bss.__stdout       board.o
    0x20200540        -       0x00000078   Zero   RW           44    .bss.gPWM_MotorABackup  ti_msp_dl_config.o
    0x202005b8        -       0x00000000   Zero   RW           11    HEAP                startup_mspm0g350x_uvision.o
    0x202005b8        -       0x00000100   Zero   RW           10    STACK               startup_mspm0g350x_uvision.o



  Load Region LR_BCR (Base: 0x41c00000, Size: 0x00000000, Max: 0x00000100, ABSOLUTE)

    Execution Region BCR_CONFIG (Exec base: 0x41c00000, Load base: 0x41c00000, Size: 0x00000000, Max: 0x00000080, ABSOLUTE)

    **** No section assigned to this execution region ****



  Load Region LR_BSL (Base: 0x41c00100, Size: 0x00000000, Max: 0x00000100, ABSOLUTE)

    Execution Region BSL_CONFIG (Exec base: 0x41c00100, Load base: 0x41c00100, Size: 0x00000000, Max: 0x00000080, ABSOLUTE)

    **** No section assigned to this execution region ****


==============================================================================

Image component sizes


      Code (inc. data)   RO Data    RW Data    ZI Data      Debug   Object Name

       174         48          0          0         84       8305   board.o
        10          0          0          0          0        571   dl_common.o
       520        188          0          0          0      31818   dl_timer.o
        90          8          0          0          0      14550   dl_uart.o
        84         20          0          0          0       2246   empty.o
       136         28          0          0          8       7011   encoder.o
       104          0          0          0          0       2538   motor.o
      4152         20          0          0       1152      26928   oled.o
        96          8          0          0          0       3821   pwm.o
        44         18        192          0        256        672   startup_mspm0g350x_uvision.o
       980        196         69          0        120      30561   ti_msp_dl_config.o
        80         32          0          0          4       5967   uart.o

    ----------------------------------------------------------------------
      6474        566        280          0       1624     134988   Object Totals
         0          0         16          0          0          0   (incl. Generated)
         4          0          3          0          0          0   (incl. Padding)

    ----------------------------------------------------------------------

      Code (inc. data)   RO Data    RW Data    ZI Data      Debug   Library Member Name

         8          0          0          0          0         68   __main.o
       108          0          0          0          0         76   __printf.o
         0          0          0          0          0          0   __rtentry.o
        12          0          0          0          0          0   __rtentry2.o
         6          0          0          0          0          0   __rtentry4.o
        86         10          0          0          0          0   __scatter.o
        28          0          0          0          0          0   __scatter_zi.o
        46          0          0          0          0        100   _printf_char.o
        48          6          0          0          0         88   _printf_char_common.o
        40          6          0          0          0         72   _printf_char_file.o
        10          0          0          0          0          0   _printf_f.o
      1044         12          0          0          0        116   _printf_fp_dec.o
       136         16          0          0          0         76   _printf_fp_infnan.o
         2          0          0          0          0          0   _printf_percent.o
         4          0          0          0          0          0   _printf_percent_end.o
        10          0          0          0          0          0   _printf_s.o
        82          0          0          0          0         72   _printf_str.o
       504          4          0          0          0         92   aeabi_sdivfast.o
       216          6        148          0          0         80   bigflt0.o
      1456         30          0          0          0        336   btod.o
        16          0          0          0          0         68   exit.o
         8          0          0          0          0         60   ferror.o
         6          0          0          0          0        136   heapauxi.o
        44         10         28          0          0         76   lc_numeric_c.o
         2          0          0          0          0          0   libinit.o
        18          0          0          0          0          0   libinit2.o
         2          0          0          0          0          0   libshutdown.o
         2          0          0          0          0          0   libshutdown2.o
         8          4          0          0         96         68   libspace.o
       122          0          0          0          0         72   lludiv10.o
        28          6          0          0          0         84   noretval__2printf.o
        44          6          0          0          0         68   puts.o
         8          4          0          0          0         68   rt_locale_intlibspace.o
         2          0          0          0          0          0   rtexit.o
        10          0          0          0          0          0   rtexit2.o
        40          0          0          0          0         60   rtudiv10.o
       176          4          0          0          0         80   strcmpv6m.o
        62          0          0          0          0         80   sys_stackheap_outer.o
        46          0          0          0          0         60   cmpret.o
        84          4          0          0          0         60   f2d.o
       348          8          0          0          0        160   faddsub.o
        66          0          0          0          0        204   fcmp.o
       100          4          0          0          0         68   fcmpin.o
        48          0          0          0          0         60   ffixui.o
        84          4          0          0          0         76   fgef.o
        84          4          0          0          0         76   flef.o
       176          4          0          0          0         80   fmul.o
        16          6          0          0          0         68   fnan2.o
        16          4          0          0          0         76   printf1.o
        94          0          0          0          0         68   retnan.o
         0          0          0          0          0          0   usenofp.o
        44          4          0          0          0         60   fpclassify.o

    ----------------------------------------------------------------------
      5674        170        176          0         96       3212   Library Totals
        24          4          0          0          0          0   (incl. Padding)

    ----------------------------------------------------------------------

      Code (inc. data)   RO Data    RW Data    ZI Data      Debug   Library Name

      4444        124        176          0         96       2096   c_p.l
      1162         38          0          0          0       1056   fz_ps.l
        44          4          0          0          0         60   m_ps.l

    ----------------------------------------------------------------------
      5674        170        176          0         96       3212   Library Totals

    ----------------------------------------------------------------------

==============================================================================


      Code (inc. data)   RO Data    RW Data    ZI Data      Debug   

     12148        736        456          0       1720     136384   Grand Totals
     12148        736        456          0       1720     136384   ELF Image Totals
     12148        736        456          0          0          0   ROM Totals

==============================================================================

    Total RO  Size (Code + RO Data)                12604 (  12.31kB)
    Total RW  Size (RW Data + ZI Data)              1720 (   1.68kB)
    Total ROM Size (Code + RO Data + RW Data)      12604 (  12.31kB)

==============================================================================

