Component: Arm Compiler for Embedded 6.21 Tool: armlink [5ec1fa00]

==============================================================================

Section Cross References

    empty.o(.text.main) refers to ti_msp_dl_config.o(.text.SYSCFG_DL_init) for SYSCFG_DL_init
    empty.o(.text.main) refers to board.o(.text.board_init) for board_init
    empty.o(.text.main) refers to oled.o(.text.OLED_Init) for OLED_Init
    empty.o(.text.main) refers to oled.o(.text.OLED_Clear) for OLED_Clear
    empty.o(.text.main) refers to uart.o(.text.OpenMV4_usart_config) for OpenMV4_usart_config
    empty.o(.ARM.exidx.text.main) refers to empty.o(.text.main) for [Anonymous Symbol]
    startup_mspm0g350x_uvision.o(STACK) refers (Special) to heapauxi.o(.text) for __use_two_region_memory
    startup_mspm0g350x_uvision.o(HEAP) refers (Special) to heapauxi.o(.text) for __use_two_region_memory
    startup_mspm0g350x_uvision.o(RESET) refers (Special) to heapauxi.o(.text) for __use_two_region_memory
    startup_mspm0g350x_uvision.o(RESET) refers to startup_mspm0g350x_uvision.o(STACK) for __initial_sp
    startup_mspm0g350x_uvision.o(RESET) refers to startup_mspm0g350x_uvision.o(.text) for Reset_Handler
    startup_mspm0g350x_uvision.o(RESET) refers to uart.o(.text.HardFault_Handler) for HardFault_Handler
    startup_mspm0g350x_uvision.o(RESET) refers to encoder.o(.text.GROUP1_IRQHandler) for GROUP1_IRQHandler
    startup_mspm0g350x_uvision.o(RESET) refers to uart.o(.text.UART1_IRQHandler) for UART1_IRQHandler
    startup_mspm0g350x_uvision.o(RESET) refers to board.o(.text.UART0_IRQHandler) for UART0_IRQHandler
    startup_mspm0g350x_uvision.o(RESET) refers to encoder.o(.text.TIMG0_IRQHandler) for TIMG0_IRQHandler
    startup_mspm0g350x_uvision.o(.text) refers (Special) to heapauxi.o(.text) for __use_two_region_memory
    startup_mspm0g350x_uvision.o(.text) refers to __main.o(!!!main) for __main
    startup_mspm0g350x_uvision.o(.text) refers to startup_mspm0g350x_uvision.o(HEAP) for Heap_Mem
    startup_mspm0g350x_uvision.o(.text) refers to startup_mspm0g350x_uvision.o(STACK) for Stack_Mem
    ti_msp_dl_config.o(.text.SYSCFG_DL_init) refers to ti_msp_dl_config.o(.text.SYSCFG_DL_initPower) for SYSCFG_DL_initPower
    ti_msp_dl_config.o(.text.SYSCFG_DL_init) refers to ti_msp_dl_config.o(.text.SYSCFG_DL_GPIO_init) for SYSCFG_DL_GPIO_init
    ti_msp_dl_config.o(.text.SYSCFG_DL_init) refers to ti_msp_dl_config.o(.text.SYSCFG_DL_SYSCTL_init) for SYSCFG_DL_SYSCTL_init
    ti_msp_dl_config.o(.text.SYSCFG_DL_init) refers to ti_msp_dl_config.o(.text.SYSCFG_DL_PWM_MotorB_init) for SYSCFG_DL_PWM_MotorB_init
    ti_msp_dl_config.o(.text.SYSCFG_DL_init) refers to ti_msp_dl_config.o(.text.SYSCFG_DL_PWM_MotorA_init) for SYSCFG_DL_PWM_MotorA_init
    ti_msp_dl_config.o(.text.SYSCFG_DL_init) refers to ti_msp_dl_config.o(.text.SYSCFG_DL_TIMER_0_init) for SYSCFG_DL_TIMER_0_init
    ti_msp_dl_config.o(.text.SYSCFG_DL_init) refers to ti_msp_dl_config.o(.text.SYSCFG_DL_USB_TLL_init) for SYSCFG_DL_USB_TLL_init
    ti_msp_dl_config.o(.text.SYSCFG_DL_init) refers to ti_msp_dl_config.o(.text.SYSCFG_DL_UART_Trans_init) for SYSCFG_DL_UART_Trans_init
    ti_msp_dl_config.o(.text.SYSCFG_DL_init) refers to ti_msp_dl_config.o(.text.SYSCFG_DL_SYSTICK_init) for SYSCFG_DL_SYSTICK_init
    ti_msp_dl_config.o(.text.SYSCFG_DL_init) refers to ti_msp_dl_config.o(.bss.gPWM_MotorABackup) for gPWM_MotorABackup
    ti_msp_dl_config.o(.ARM.exidx.text.SYSCFG_DL_init) refers to ti_msp_dl_config.o(.text.SYSCFG_DL_init) for [Anonymous Symbol]
    ti_msp_dl_config.o(.text.SYSCFG_DL_initPower) refers to dl_common.o(.text.DL_Common_delayCycles) for DL_Common_delayCycles
    ti_msp_dl_config.o(.ARM.exidx.text.SYSCFG_DL_initPower) refers to ti_msp_dl_config.o(.text.SYSCFG_DL_initPower) for [Anonymous Symbol]
    ti_msp_dl_config.o(.ARM.exidx.text.SYSCFG_DL_GPIO_init) refers to ti_msp_dl_config.o(.text.SYSCFG_DL_GPIO_init) for [Anonymous Symbol]
    ti_msp_dl_config.o(.ARM.exidx.text.SYSCFG_DL_SYSCTL_init) refers to ti_msp_dl_config.o(.text.SYSCFG_DL_SYSCTL_init) for [Anonymous Symbol]
    ti_msp_dl_config.o(.text.SYSCFG_DL_PWM_MotorB_init) refers to dl_timer.o(.text.DL_Timer_setClockConfig) for DL_Timer_setClockConfig
    ti_msp_dl_config.o(.text.SYSCFG_DL_PWM_MotorB_init) refers to dl_timer.o(.text.DL_Timer_initPWMMode) for DL_Timer_initPWMMode
    ti_msp_dl_config.o(.text.SYSCFG_DL_PWM_MotorB_init) refers to dl_timer.o(.text.DL_Timer_setCaptureCompareOutCtl) for DL_Timer_setCaptureCompareOutCtl
    ti_msp_dl_config.o(.text.SYSCFG_DL_PWM_MotorB_init) refers to dl_timer.o(.text.DL_Timer_setCaptCompUpdateMethod) for DL_Timer_setCaptCompUpdateMethod
    ti_msp_dl_config.o(.text.SYSCFG_DL_PWM_MotorB_init) refers to dl_timer.o(.text.DL_Timer_setCaptureCompareValue) for DL_Timer_setCaptureCompareValue
    ti_msp_dl_config.o(.text.SYSCFG_DL_PWM_MotorB_init) refers to ti_msp_dl_config.o(.rodata.gPWM_MotorBClockConfig) for [Anonymous Symbol]
[...]
    Removing dl_flashctl.o(.ARM.exidx.text.DL_FlashCTL_blankVerifyFromRAM), (8 bytes).
    Removing dl_dma.o(.text), (0 bytes).
    Removing dl_dma.o(.text.DL_DMA_initChannel), (68 bytes).
    Removing dl_dma.o(.ARM.exidx.text.DL_DMA_initChannel), (8 bytes).
    Removing dl_dac12.o(.text), (0 bytes).
    Removing dl_dac12.o(.text.DL_DAC12_init), (136 bytes).
    Removing dl_dac12.o(.ARM.exidx.text.DL_DAC12_init), (8 bytes).
    Removing dl_dac12.o(.text.DL_DAC12_outputBlocking8), (48 bytes).
    Removing dl_dac12.o(.ARM.exidx.text.DL_DAC12_outputBlocking8), (8 bytes).
    Removing dl_dac12.o(.text.DL_DAC12_outputBlocking12), (56 bytes).
    Removing dl_dac12.o(.ARM.exidx.text.DL_DAC12_outputBlocking12), (8 bytes).
    Removing dl_dac12.o(.text.DL_DAC12_fillFIFO8), (160 bytes).
    Removing dl_dac12.o(.ARM.exidx.text.DL_DAC12_fillFIFO8), (8 bytes).
    Removing dl_dac12.o(.text.DL_DAC12_fillFIFO12), (56 bytes).
    Removing dl_dac12.o(.ARM.exidx.text.DL_DAC12_fillFIFO12), (8 bytes).
    Removing dl_dac12.o(.text.DL_DAC12_performSelfCalibrationBlocking), (36 bytes).
    Removing dl_dac12.o(.ARM.exidx.text.DL_DAC12_performSelfCalibrationBlocking), (8 bytes).
    Removing dl_crcp.o(.text), (0 bytes).
    Removing dl_crc.o(.text), (0 bytes).
    Removing dl_crc.o(.text.DL_CRC_calculateBlock32), (92 bytes).
    Removing dl_crc.o(.ARM.exidx.text.DL_CRC_calculateBlock32), (8 bytes).
    Removing dl_crc.o(.text.DL_CRC_calculateMemoryRange32), (52 bytes).
    Removing dl_crc.o(.ARM.exidx.text.DL_CRC_calculateMemoryRange32), (8 bytes).
    Removing dl_crc.o(.text.DL_CRC_calculateBlock16), (152 bytes).
    Removing dl_crc.o(.ARM.exidx.text.DL_CRC_calculateBlock16), (8 bytes).
    Removing dl_crc.o(.text.DL_CRC_calculateMemoryRange16), (104 bytes).
    Removing dl_crc.o(.ARM.exidx.text.DL_CRC_calculateMemoryRange16), (8 bytes).
    Removing dl_common.o(.text), (0 bytes).
    Removing dl_common.o(.ARM.exidx.text.DL_Common_delayCycles), (8 bytes).
    Removing dl_aesadv.o(.text), (0 bytes).
    Removing dl_aes.o(.text), (0 bytes).
    Removing dl_aes.o(.text.DL_AES_setKey), (72 bytes).
    Removing dl_aes.o(.ARM.exidx.text.DL_AES_setKey), (8 bytes).
    Removing dl_aes.o(.text.DL_AES_setKeyAligned), (56 bytes).
    Removing dl_aes.o(.ARM.exidx.text.DL_AES_setKeyAligned), (8 bytes).
    Removing dl_aes.o(.text.DL_AES_loadDataIn), (40 bytes).
    Removing dl_aes.o(.ARM.exidx.text.DL_AES_loadDataIn), (8 bytes).
    Removing dl_aes.o(.text.DL_AES_loadDataInAligned), (24 bytes).
    Removing dl_aes.o(.ARM.exidx.text.DL_AES_loadDataInAligned), (8 bytes).
    Removing dl_aes.o(.text.DL_AES_getDataOut), (36 bytes).
    Removing dl_aes.o(.ARM.exidx.text.DL_AES_getDataOut), (8 bytes).
    Removing dl_aes.o(.text.DL_AES_getDataOutAligned), (24 bytes).
    Removing dl_aes.o(.ARM.exidx.text.DL_AES_getDataOutAligned), (8 bytes).
    Removing dl_aes.o(.text.DL_AES_loadXORDataIn), (40 bytes).
    Removing dl_aes.o(.ARM.exidx.text.DL_AES_loadXORDataIn), (8 bytes).
    Removing dl_aes.o(.text.DL_AES_loadXORDataInAligned), (24 bytes).
    Removing dl_aes.o(.ARM.exidx.text.DL_AES_loadXORDataInAligned), (8 bytes).
    Removing dl_aes.o(.text.DL_AES_loadXORDataInWithoutTrigger), (40 bytes).
    Removing dl_aes.o(.ARM.exidx.text.DL_AES_loadXORDataInWithoutTrigger), (8 bytes).
    Removing dl_aes.o(.text.DL_AES_loadXORDataInWithoutTriggerAligned), (24 bytes).
    Removing dl_aes.o(.ARM.exidx.text.DL_AES_loadXORDataInWithoutTriggerAligned), (8 bytes).
    Removing dl_aes.o(.text.DL_AES_xorData), (52 bytes).
    Removing dl_aes.o(.ARM.exidx.text.DL_AES_xorData), (8 bytes).
    Removing dl_aes.o(.text.DL_AES_xorDataAligned), (36 bytes).
    Removing dl_aes.o(.ARM.exidx.text.DL_AES_xorDataAligned), (8 bytes).
    Removing dl_aes.o(.text.DL_AES_saveConfiguration), (60 bytes).
    Removing dl_aes.o(.ARM.exidx.text.DL_AES_saveConfiguration), (8 bytes).
    Removing dl_aes.o(.text.DL_AES_restoreConfiguration), (60 bytes).
    Removing dl_aes.o(.ARM.exidx.text.DL_AES_restoreConfiguration), (8 bytes).
    Removing dl_adc12.o(.text), (0 bytes).
    Removing dl_adc12.o(.text.DL_ADC12_setClockConfig), (64 bytes).
    Removing dl_adc12.o(.ARM.exidx.text.DL_ADC12_setClockConfig), (8 bytes).
    Removing dl_adc12.o(.text.DL_ADC12_getClockConfig), (40 bytes).
    Removing dl_adc12.o(.ARM.exidx.text.DL_ADC12_getClockConfig), (8 bytes).

724 unused section(s) (total 33978 bytes) removed from the image.

==============================================================================

Image Symbol Table

    Local Symbols

    Symbol Name                              Value     Ov Type        Size  Object(Section)

    ../clib/angel/boardlib.s                 0x00000000   Number         0  boardinit1.o ABSOLUTE
    ../clib/angel/boardlib.s                 0x00000000   Number         0  boardinit2.o ABSOLUTE
    ../clib/angel/boardlib.s                 0x00000000   Number         0  boardinit3.o ABSOLUTE
    ../clib/angel/boardlib.s                 0x00000000   Number         0  boardshut.o ABSOLUTE
    ../clib/angel/handlers.s                 0x00000000   Number         0  __scatter_copy.o ABSOLUTE
    ../clib/angel/handlers.s                 0x00000000   Number         0  __scatter_zi.o ABSOLUTE
    ../clib/angel/kernel.s                   0x00000000   Number         0  __rtentry.o ABSOLUTE
    ../clib/angel/kernel.s                   0x00000000   Number         0  __rtentry2.o ABSOLUTE
    ../clib/angel/kernel.s                   0x00000000   Number         0  __rtentry4.o ABSOLUTE
    ../clib/angel/kernel.s                   0x00000000   Number         0  rtexit.o ABSOLUTE
    ../clib/angel/kernel.s                   0x00000000   Number         0  rtexit2.o ABSOLUTE
    ../clib/angel/rt.s                       0x00000000   Number         0  aeabi_idiv0.o ABSOLUTE
    ../clib/angel/rt.s                       0x00000000   Number         0  aeabi_idiv0_sigfpe.o ABSOLUTE
    ../clib/angel/rt.s                       0x00000000   Number         0  rt_errno_addr.o ABSOLUTE
    ../clib/angel/rt.s                       0x00000000   Number         0  rt_errno_addr_intlibspace.o ABSOLUTE
    ../clib/angel/rt.s                       0x00000000   Number         0  rt_ctype_table.o ABSOLUTE
    ../clib/angel/rt.s                       0x00000000   Number         0  rt_div0.o ABSOLUTE
    ../clib/angel/rt.s                       0x00000000   Number         0  rt_locale.o ABSOLUTE
    ../clib/angel/rt.s                       0x00000000   Number         0  rt_locale_intlibspace.o ABSOLUTE
    ../clib/angel/rt.s                       0x00000000   Number         0  rt_raise.o ABSOLUTE
    ../clib/angel/scatterp.s                 0x00000000   Number         0  __scatter.o ABSOLUTE
    ../clib/angel/startup.s                  0x00000000   Number         0  __main.o ABSOLUTE
    ../clib/angel/sys.s                      0x00000000   Number         0  libspace.o ABSOLUTE
    ../clib/angel/sys.s                      0x00000000   Number         0  sys_stackheap_outer.o ABSOLUTE
    ../clib/angel/sys.s                      0x00000000   Number         0  tempstk.o ABSOLUTE
    ../clib/angel/sys.s                      0x00000000   Number         0  use_no_semi.o ABSOLUTE
    ../clib/angel/sys.s                      0x00000000   Number         0  indicate_semi.o ABSOLUTE
    ../clib/angel/sysapp.c                   0x00000000   Number         0  sys_wrch.o ABSOLUTE
    ../clib/angel/sysapp.c                   0x00000000   Number         0  sys_wrch_hlt.o ABSOLUTE
    ../clib/angel/sysapp.c                   0x00000000   Number         0  sys_command.o ABSOLUTE
    ../clib/angel/sysapp.c                   0x00000000   Number         0  sys_command_hlt.o ABSOLUTE
    ../clib/armsys.c                         0x00000000   Number         0  argv_veneer.o ABSOLUTE
    ../clib/armsys.c                         0x00000000   Number         0  _get_argv_nomalloc.o ABSOLUTE
    ../clib/armsys.c                         0x00000000   Number         0  no_argv.o ABSOLUTE
    ../clib/division.c                       0x00000000   Number         0  rtudiv10.o ABSOLUTE
    ../clib/division.s                       0x00000000   Number         0  aeabi_sdivfast.o ABSOLUTE
    ../clib/division.s                       0x00000000   Number         0  aeabi_sdivfast_div0.o ABSOLUTE
    ../clib/heapalloc.c                      0x00000000   Number         0  hrguard.o ABSOLUTE
    ../clib/heapaux.c                        0x00000000   Number         0  heapauxi.o ABSOLUTE
    ../clib/libinit.s                        0x00000000   Number         0  libinit.o ABSOLUTE
    ../clib/libinit.s                        0x00000000   Number         0  libinit2.o ABSOLUTE
    ../clib/libinit.s                        0x00000000   Number         0  libshutdown.o ABSOLUTE
    ../clib/libinit.s                        0x00000000   Number         0  libshutdown2.o ABSOLUTE
    ../clib/locale.s                         0x00000000   Number         0  lc_ctype_c.o ABSOLUTE
    ../clib/memcpset.c                       0x00000000   Number         0  rt_memclr.o ABSOLUTE
    ../clib/memcpset.s                       0x00000000   Number         0  strcmpv6m.o ABSOLUTE
    ../clib/printf.c                         0x00000000   Number         0  __2printf.o ABSOLUTE
    ../clib/printf.c                         0x00000000   Number         0  noretval__2printf.o ABSOLUTE
    ../clib/printf.c                         0x00000000   Number         0  __printf.o ABSOLUTE
    ../clib/printf.c                         0x00000000   Number         0  _printf_str.o ABSOLUTE
    ../clib/printf.c                         0x00000000   Number         0  _printf_dec.o ABSOLUTE
    ../clib/printf.c                         0x00000000   Number         0  __printf_flags.o ABSOLUTE
    ../clib/printf.c                         0x00000000   Number         0  __printf_ss.o ABSOLUTE
    ../clib/printf.c                         0x00000000   Number         0  __printf_flags_ss.o ABSOLUTE
    ../clib/printf.c                         0x00000000   Number         0  __printf_wp.o ABSOLUTE
    ../clib/printf.c                         0x00000000   Number         0  __printf_flags_wp.o ABSOLUTE
    ../clib/printf.c                         0x00000000   Number         0  __printf_ss_wp.o ABSOLUTE
    ../clib/printf.c                         0x00000000   Number         0  __printf_flags_ss_wp.o ABSOLUTE
    ../clib/printf.c                         0x00000000   Number         0  _printf_intcommon.o ABSOLUTE
    ../clib/printf.c                         0x00000000   Number         0  _printf_char.o ABSOLUTE
    ../clib/printf.c                         0x00000000   Number         0  _printf_char_file.o ABSOLUTE
    ../clib/printf.c                         0x00000000   Number         0  _printf_char_common.o ABSOLUTE
    ../clib/printf.c                         0x00000000   Number         0  __printf_nopercent.o ABSOLUTE
    ../clib/printf_percent.s                 0x00000000   Number         0  _printf_s.o ABSOLUTE
    ../clib/printf_percent.s                 0x00000000   Number         0  _printf_d.o ABSOLUTE
    ../clib/printf_percent.s                 0x00000000   Number         0  _printf_percent.o ABSOLUTE
    ../clib/printf_percent.s                 0x00000000   Number         0  _printf_percent_end.o ABSOLUTE
    ../clib/scanf.c                          0x00000000   Number         0  atoi.o ABSOLUTE
    ../clib/scanf.c                          0x00000000   Number         0  strtol.o ABSOLUTE
    ../clib/scanf.c                          0x00000000   Number         0  _strtoul.o ABSOLUTE
    ../clib/scanf.c                          0x00000000   Number         0  _chval.o ABSOLUTE
    ../clib/signal.c                         0x00000000   Number         0  defsig_fpe_outer.o ABSOLUTE
    ../clib/signal.c                         0x00000000   Number         0  defsig_fpe_formal.o ABSOLUTE
    ../clib/signal.c                         0x00000000   Number         0  defsig_exit.o ABSOLUTE
    ../clib/signal.c                         0x00000000   Number         0  defsig_fpe_inner.o ABSOLUTE
    ../clib/signal.c                         0x00000000   Number         0  __raise.o ABSOLUTE
    ../clib/signal.c                         0x00000000   Number         0  defsig_general.o ABSOLUTE
    ../clib/signal.c                         0x00000000   Number         0  defsig_abrt_inner.o ABSOLUTE
    ../clib/signal.c                         0x00000000   Number         0  defsig_rtred_inner.o ABSOLUTE
    ../clib/signal.c                         0x00000000   Number         0  defsig_rtmem_inner.o ABSOLUTE
    ../clib/signal.c                         0x00000000   Number         0  defsig_rtmem_outer.o ABSOLUTE
    ../clib/signal.c                         0x00000000   Number         0  defsig_rtmem_formal.o ABSOLUTE
    ../clib/signal.c                         0x00000000   Number         0  defsig_stak_inner.o ABSOLUTE
    ../clib/signal.c                         0x00000000   Number         0  defsig_pvfn_inner.o ABSOLUTE
    ../clib/signal.c                         0x00000000   Number         0  defsig_cppl_inner.o ABSOLUTE
    ../clib/signal.c                         0x00000000   Number         0  defsig_segv_inner.o ABSOLUTE
    ../clib/signal.c                         0x00000000   Number         0  defsig_other.o ABSOLUTE
    ../clib/signal.s                         0x00000000   Number         0  defsig.o ABSOLUTE
    ../clib/stdio.c                          0x00000000   Number         0  puts.o ABSOLUTE
    ../clib/stdio.c                          0x00000000   Number         0  ferror.o ABSOLUTE
    ../clib/stdio.c                          0x00000000   Number         0  ferror_locked.o ABSOLUTE
    ../clib/stdlib.c                         0x00000000   Number         0  exit.o ABSOLUTE
    ../clib/string.c                         0x00000000   Number         0  strtok.o ABSOLUTE
    ../clib/string.c                         0x00000000   Number         0  strncpy.o ABSOLUTE
    ../clib/string.c                         0x00000000   Number         0  strtok_int.o ABSOLUTE
    ../clib/string.c                         0x00000000   Number         0  strcspn.o ABSOLUTE
    ../clib/string.c                         0x00000000   Number         0  strspn.o ABSOLUTE
    ../fplib/cfplib/cmp.c                    0x00000000   Number         0  fcmp.o ABSOLUTE
    ../fplib/cfplib/cmpret.c                 0x00000000   Number         0  cmpret.o ABSOLUTE
    ../fplib/cfplib/fcmpin.c                 0x00000000   Number         0  fcmpin.o ABSOLUTE
    ../fplib/cfplib/ffix.c                   0x00000000   Number         0  ffixi.o ABSOLUTE
    ../fplib/cfplib/ffix.c                   0x00000000   Number         0  ffixui.o ABSOLUTE
    ../fplib/cfplib/fflt.c                   0x00000000   Number         0  fflti.o ABSOLUTE
    ../fplib/cfplib/fpinit.c                 0x00000000   Number         0  fpinit.o ABSOLUTE
    ../fplib/cfplib/nan2.c                   0x00000000   Number         0  fnan2.o ABSOLUTE
    ../fplib/cfplib/retnan.c                 0x00000000   Number         0  retnan.o ABSOLUTE
    ../fplib/faddsub6m.s                     0x00000000   Number         0  faddsub.o ABSOLUTE
    ../fplib/feqf6m.s                        0x00000000   Number         0  feqf.o ABSOLUTE
    ../fplib/fgeqf6m.s                       0x00000000   Number         0  fgef.o ABSOLUTE
    ../fplib/fleqf6m.s                       0x00000000   Number         0  flef.o ABSOLUTE
    ../fplib/fmul6m.s                        0x00000000   Number         0  fmul.o ABSOLUTE
    ../fplib/usenofp.s                       0x00000000   Number         0  usenofp.o ABSOLUTE
    Contorl.c                                0x00000000   Number         0  contorl.o ABSOLUTE
    Encoder.c                                0x00000000   Number         0  encoder.o ABSOLUTE
    Line_Follow.c                            0x00000000   Number         0  line_follow.o ABSOLUTE
    Motor.c                                  0x00000000   Number         0  motor.o ABSOLUTE
    PWM.c                                    0x00000000   Number         0  pwm.o ABSOLUTE
    UART.c                                   0x00000000   Number         0  uart.o ABSOLUTE
    board.c                                  0x00000000   Number         0  board.o ABSOLUTE
    dc.s                                     0x00000000   Number         0  dc.o ABSOLUTE
    dl_adc12.c                               0x00000000   Number         0  dl_adc12.o ABSOLUTE
    dl_aes.c                                 0x00000000   Number         0  dl_aes.o ABSOLUTE
    dl_aesadv.c                              0x00000000   Number         0  dl_aesadv.o ABSOLUTE
    dl_common.c                              0x00000000   Number         0  dl_common.o ABSOLUTE
    dl_crc.c                                 0x00000000   Number         0  dl_crc.o ABSOLUTE
    dl_crcp.c                                0x00000000   Number         0  dl_crcp.o ABSOLUTE
    dl_dac12.c                               0x00000000   Number         0  dl_dac12.o ABSOLUTE
    dl_dma.c                                 0x00000000   Number         0  dl_dma.o ABSOLUTE
    dl_flashctl.c                            0x00000000   Number         0  dl_flashctl.o ABSOLUTE
    dl_i2c.c                                 0x00000000   Number         0  dl_i2c.o ABSOLUTE
    dl_keystorectl.c                         0x00000000   Number         0  dl_keystorectl.o ABSOLUTE
    dl_lcd.c                                 0x00000000   Number         0  dl_lcd.o ABSOLUTE
    dl_lfss.c                                0x00000000   Number         0  dl_lfss.o ABSOLUTE
    dl_mathacl.c                             0x00000000   Number         0  dl_mathacl.o ABSOLUTE
    dl_mcan.c                                0x00000000   Number         0  dl_mcan.o ABSOLUTE
    dl_opa.c                                 0x00000000   Number         0  dl_opa.o ABSOLUTE
    dl_rtc_common.c                          0x00000000   Number         0  dl_rtc_common.o ABSOLUTE
    dl_spi.c                                 0x00000000   Number         0  dl_spi.o ABSOLUTE
    dl_timer.c                               0x00000000   Number         0  dl_timer.o ABSOLUTE
    dl_trng.c                                0x00000000   Number         0  dl_trng.o ABSOLUTE
    dl_uart.c                                0x00000000   Number         0  dl_uart.o ABSOLUTE
    dl_vref.c                                0x00000000   Number         0  dl_vref.o ABSOLUTE
    empty.c                                  0x00000000   Number         0  empty.o ABSOLUTE
    oled.c                                   0x00000000   Number         0  oled.o ABSOLUTE
    startup_mspm0g350x_uvision.s             0x00000000   Number         0  startup_mspm0g350x_uvision.o ABSOLUTE
    ti_msp_dl_config.c                       0x00000000   Number         0  ti_msp_dl_config.o ABSOLUTE
    RESET                                    0x00000000   Section      192  startup_mspm0g350x_uvision.o(RESET)
    !!!main                                  0x000000c0   Section        8  __main.o(!!!main)
    !!!scatter                               0x000000c8   Section       84  __scatter.o(!!!scatter)
    !!handler_copy                           0x00000120   Section       26  __scatter_copy.o(!!handler_copy)
    !!handler_null                           0x00000140   Section        2  __scatter.o(!!handler_null)
    !!handler_zi                             0x00000148   Section       28  __scatter_zi.o(!!handler_zi)
    .ARM.Collect$$_printf_percent$$00000000  0x00000164   Section        2  _printf_percent.o(.ARM.Collect$$_printf_percent$$00000000)
    .ARM.Collect$$_printf_percent$$00000009  0x00000166   Section       10  _printf_d.o(.ARM.Collect$$_printf_percent$$00000009)
    .ARM.Collect$$_printf_percent$$00000014  0x00000170   Section       10  _printf_s.o(.ARM.Collect$$_printf_percent$$00000014)
    .ARM.Collect$$_printf_percent$$00000017  0x0000017a   Section        4  _printf_percent_end.o(.ARM.Collect$$_printf_percent$$00000017)
    .ARM.Collect$$libinit$$00000000          0x0000017e   Section        2  libinit.o(.ARM.Collect$$libinit$$00000000)
    .ARM.Collect$$libinit$$00000002          0x00000180   Section        0  libinit2.o(.ARM.Collect$$libinit$$00000002)
    .ARM.Collect$$libinit$$00000004          0x00000180   Section        0  libinit2.o(.ARM.Collect$$libinit$$00000004)
    .ARM.Collect$$libinit$$00000006          0x00000180   Section        0  libinit2.o(.ARM.Collect$$libinit$$00000006)
    .ARM.Collect$$libinit$$0000000C          0x00000180   Section        0  libinit2.o(.ARM.Collect$$libinit$$0000000C)
    .ARM.Collect$$libinit$$0000000E          0x00000180   Section        0  libinit2.o(.ARM.Collect$$libinit$$0000000E)
    .ARM.Collect$$libinit$$00000010          0x00000180   Section        0  libinit2.o(.ARM.Collect$$libinit$$00000010)
    .ARM.Collect$$libinit$$00000011          0x00000180   Section        6  libinit2.o(.ARM.Collect$$libinit$$00000011)
    .ARM.Collect$$libinit$$00000013          0x00000186   Section        0  libinit2.o(.ARM.Collect$$libinit$$00000013)
    .ARM.Collect$$libinit$$00000014          0x00000186   Section       12  libinit2.o(.ARM.Collect$$libinit$$00000014)
    .ARM.Collect$$libinit$$00000015          0x00000192   Section        0  libinit2.o(.ARM.Collect$$libinit$$00000015)
    .ARM.Collect$$libinit$$00000017          0x00000192   Section        0  libinit2.o(.ARM.Collect$$libinit$$00000017)
    .ARM.Collect$$libinit$$00000019          0x00000192   Section        0  libinit2.o(.ARM.Collect$$libinit$$00000019)
    .ARM.Collect$$libinit$$0000001B          0x00000192   Section        0  libinit2.o(.ARM.Collect$$libinit$$0000001B)
    .ARM.Collect$$libinit$$0000001D          0x00000192   Section        0  libinit2.o(.ARM.Collect$$libinit$$0000001D)
    .ARM.Collect$$libinit$$0000001F          0x00000192   Section        0  libinit2.o(.ARM.Collect$$libinit$$0000001F)
    .ARM.Collect$$libinit$$00000021          0x00000192   Section        0  libinit2.o(.ARM.Collect$$libinit$$00000021)
    .ARM.Collect$$libinit$$00000023          0x00000192   Section        0  libinit2.o(.ARM.Collect$$libinit$$00000023)
    .ARM.Collect$$libinit$$00000025          0x00000192   Section        0  libinit2.o(.ARM.Collect$$libinit$$00000025)
    .ARM.Collect$$libinit$$00000027          0x00000192   Section        0  libinit2.o(.ARM.Collect$$libinit$$00000027)
    .ARM.Collect$$libinit$$0000002E          0x00000192   Section        0  libinit2.o(.ARM.Collect$$libinit$$0000002E)
    .ARM.Collect$$libinit$$00000030          0x00000192   Section        0  libinit2.o(.ARM.Collect$$libinit$$00000030)
    .ARM.Collect$$libinit$$00000032          0x00000192   Section        0  libinit2.o(.ARM.Collect$$libinit$$00000032)
    .ARM.Collect$$libinit$$00000034          0x00000192   Section        0  libinit2.o(.ARM.Collect$$libinit$$00000034)
    .ARM.Collect$$libinit$$00000035          0x00000192   Section        2  libinit2.o(.ARM.Collect$$libinit$$00000035)
    .ARM.Collect$$libshutdown$$00000000      0x00000194   Section        2  libshutdown.o(.ARM.Collect$$libshutdown$$00000000)
    .ARM.Collect$$libshutdown$$00000002      0x00000196   Section        0  libshutdown2.o(.ARM.Collect$$libshutdown$$00000002)
    .ARM.Collect$$libshutdown$$00000004      0x00000196   Section        0  libshutdown2.o(.ARM.Collect$$libshutdown$$00000004)
    .ARM.Collect$$libshutdown$$00000007      0x00000196   Section        0  libshutdown2.o(.ARM.Collect$$libshutdown$$00000007)
    .ARM.Collect$$libshutdown$$0000000A      0x00000196   Section        0  libshutdown2.o(.ARM.Collect$$libshutdown$$0000000A)
    .ARM.Collect$$libshutdown$$0000000C      0x00000196   Section        0  libshutdown2.o(.ARM.Collect$$libshutdown$$0000000C)
    .ARM.Collect$$libshutdown$$0000000F      0x00000196   Section        0  libshutdown2.o(.ARM.Collect$$libshutdown$$0000000F)
    .ARM.Collect$$libshutdown$$00000010      0x00000196   Section        2  libshutdown2.o(.ARM.Collect$$libshutdown$$00000010)
    .ARM.Collect$$rtentry$$00000000          0x00000198   Section        0  __rtentry.o(.ARM.Collect$$rtentry$$00000000)
    .ARM.Collect$$rtentry$$00000002          0x00000198   Section        0  __rtentry2.o(.ARM.Collect$$rtentry$$00000002)
    .ARM.Collect$$rtentry$$00000004          0x00000198   Section        6  __rtentry4.o(.ARM.Collect$$rtentry$$00000004)
    .ARM.Collect$$rtentry$$00000009          0x0000019e   Section        0  __rtentry2.o(.ARM.Collect$$rtentry$$00000009)
    .ARM.Collect$$rtentry$$0000000A          0x0000019e   Section        4  __rtentry2.o(.ARM.Collect$$rtentry$$0000000A)
    .ARM.Collect$$rtentry$$0000000C          0x000001a2   Section        0  __rtentry2.o(.ARM.Collect$$rtentry$$0000000C)
    .ARM.Collect$$rtentry$$0000000D          0x000001a2   Section        8  __rtentry2.o(.ARM.Collect$$rtentry$$0000000D)
    .ARM.Collect$$rtexit$$00000000           0x000001aa   Section        2  rtexit.o(.ARM.Collect$$rtexit$$00000000)
    .ARM.Collect$$rtexit$$00000002           0x000001ac   Section        0  rtexit2.o(.ARM.Collect$$rtexit$$00000002)
    .ARM.Collect$$rtexit$$00000003           0x000001ac   Section        4  rtexit2.o(.ARM.Collect$$rtexit$$00000003)
    .ARM.Collect$$rtexit$$00000004           0x000001b0   Section        6  rtexit2.o(.ARM.Collect$$rtexit$$00000004)
    .text                                    0x000001b8   Section       44  startup_mspm0g350x_uvision.o(.text)
    .text                                    0x000001e4   Section        0  noretval__2printf.o(.text)
    .text                                    0x00000200   Section        0  __printf.o(.text)
    .text                                    0x0000026c   Section        0  _printf_str.o(.text)
    .text                                    0x000002c0   Section        0  _printf_dec.o(.text)
    .text                                    0x0000032c   Section        0  atoi.o(.text)
    .text                                    0x00000348   Section        0  puts.o(.text)
    .text                                    0x00000374   Section        0  strtok.o(.text)
    .text                                    0x00000384   Section        0  heapauxi.o(.text)
    .text                                    0x0000038c   Section        8  rt_errno_addr_intlibspace.o(.text)
    .text                                    0x00000394   Section        0  _printf_intcommon.o(.text)
    .text                                    0x00000444   Section        0  _printf_char.o(.text)
    .text                                    0x00000474   Section        0  _printf_char_file.o(.text)
    .text                                    0x0000049c   Section        0  strtol.o(.text)
    .text                                    0x0000050c   Section        0  strtok_int.o(.text)
    .text                                    0x00000554   Section        0  rtudiv10.o(.text)
    .text                                    0x0000057c   Section        8  libspace.o(.text)
    .text                                    0x00000584   Section       16  rt_ctype_table.o(.text)
    _printf_input_char                       0x00000595   Thumb Code    10  _printf_char_common.o(.text)
    .text                                    0x00000594   Section        0  _printf_char_common.o(.text)
    .text                                    0x000005c4   Section        0  _strtoul.o(.text)
    .text                                    0x0000066a   Section        0  ferror.o(.text)
    .text                                    0x00000672   Section        0  strcspn.o(.text)
    .text                                    0x00000694   Section        0  strspn.o(.text)
    .text                                    0x000006b4   Section       62  sys_stackheap_outer.o(.text)
    .text                                    0x000006f4   Section        8  rt_locale_intlibspace.o(.text)
    .text                                    0x000006fc   Section        0  _chval.o(.text)
    .text                                    0x0000071a   Section        0  exit.o(.text)
    .text                                    0x0000072c   Section      176  strcmpv6m.o(.text)
    [Anonymous Symbol]                       0x000007dc   Section        0  dl_common.o(.text.DL_Common_delayCycles)
    [Anonymous Symbol]                       0x000007e8   Section        0  dl_timer.o(.text.DL_Timer_initPWMMode)
    __arm_cp.11_1                            0x00000894   Number         4  dl_timer.o(.text.DL_Timer_initPWMMode)
    __arm_cp.11_2                            0x00000898   Number         4  dl_timer.o(.text.DL_Timer_initPWMMode)
    __arm_cp.11_3                            0x0000089c   Number         4  dl_timer.o(.text.DL_Timer_initPWMMode)
    __arm_cp.11_4                            0x000008a0   Number         4  dl_timer.o(.text.DL_Timer_initPWMMode)
    __arm_cp.11_6                            0x000008a4   Number         4  dl_timer.o(.text.DL_Timer_initPWMMode)
    [Anonymous Symbol]                       0x000008a8   Section        0  dl_timer.o(.text.DL_Timer_initTimerMode)
    __arm_cp.2_0                             0x00000984   Number         4  dl_timer.o(.text.DL_Timer_initTimerMode)
    __arm_cp.2_1                             0x00000988   Number         4  dl_timer.o(.text.DL_Timer_initTimerMode)
    __arm_cp.2_2                             0x0000098c   Number         4  dl_timer.o(.text.DL_Timer_initTimerMode)
    [Anonymous Symbol]                       0x00000990   Section        0  dl_timer.o(.text.DL_Timer_setCaptCompUpdateMethod)
    __arm_cp.18_0                            0x000009a8   Number         4  dl_timer.o(.text.DL_Timer_setCaptCompUpdateMethod)
    [Anonymous Symbol]                       0x000009ac   Section        0  dl_timer.o(.text.DL_Timer_setCaptureCompareOutCtl)
    __arm_cp.13_0                            0x000009c0   Number         4  dl_timer.o(.text.DL_Timer_setCaptureCompareOutCtl)
    [Anonymous Symbol]                       0x000009c4   Section        0  dl_timer.o(.text.DL_Timer_setCaptureCompareValue)
    __arm_cp.3_0                             0x000009d0   Number         4  dl_timer.o(.text.DL_Timer_setCaptureCompareValue)
    [Anonymous Symbol]                       0x000009d4   Section        0  dl_timer.o(.text.DL_Timer_setClockConfig)
    __arm_cp.0_0                             0x000009ec   Number         4  dl_timer.o(.text.DL_Timer_setClockConfig)
    [Anonymous Symbol]                       0x000009f0   Section        0  dl_uart.o(.text.DL_UART_init)
    __arm_cp.0_0                             0x00000a30   Number         4  dl_uart.o(.text.DL_UART_init)
    __arm_cp.0_1                             0x00000a34   Number         4  dl_uart.o(.text.DL_UART_init)
    [Anonymous Symbol]                       0x00000a38   Section        0  dl_uart.o(.text.DL_UART_setClockConfig)
    [Anonymous Symbol]                       0x00000a4c   Section        0  encoder.o(.text.GROUP1_IRQHandler)
    __arm_cp.2_0                             0x00000aa0   Number         4  encoder.o(.text.GROUP1_IRQHandler)
    __arm_cp.2_1                             0x00000aa4   Number         4  encoder.o(.text.GROUP1_IRQHandler)
    __arm_cp.2_2                             0x00000aa8   Number         4  encoder.o(.text.GROUP1_IRQHandler)
    __arm_cp.2_3                             0x00000aac   Number         4  encoder.o(.text.GROUP1_IRQHandler)
    [Anonymous Symbol]                       0x00000ab0   Section        0  uart.o(.text.HardFault_Handler)
    [Anonymous Symbol]                       0x00000ad0   Section        0  oled.o(.text.OLED_Clear)
    __arm_cp.11_1                            0x00000adc   Number         4  oled.o(.text.OLED_Clear)
    [Anonymous Symbol]                       0x00001124   Section        0  oled.o(.text.OLED_Init)
    __arm_cp.22_1                            0x00001210   Number         4  oled.o(.text.OLED_Init)
    [Anonymous Symbol]                       0x00001860   Section        0  oled.o(.text.OLED_Refresh)
    __arm_cp.10_0                            0x00001950   Number         4  oled.o(.text.OLED_Refresh)
    [Anonymous Symbol]                       0x00001954   Section        0  oled.o(.text.OLED_WR_Byte)
    __arm_cp.1_0                             0x000019f0   Number         4  oled.o(.text.OLED_WR_Byte)
    [Anonymous Symbol]                       0x000019f4   Section        0  uart.o(.text.OpenMV4_usart_config)
    __arm_cp.1_0                             0x00001a08   Number         4  uart.o(.text.OpenMV4_usart_config)
    __arm_cp.1_1                             0x00001a0c   Number         4  uart.o(.text.OpenMV4_usart_config)
    [Anonymous Symbol]                       0x00001a10   Section        0  ti_msp_dl_config.o(.text.SYSCFG_DL_GPIO_init)
    __arm_cp.2_0                             0x00001ab4   Number         4  ti_msp_dl_config.o(.text.SYSCFG_DL_GPIO_init)
    __arm_cp.2_1                             0x00001ab8   Number         4  ti_msp_dl_config.o(.text.SYSCFG_DL_GPIO_init)
    __arm_cp.2_2                             0x00001abc   Number         4  ti_msp_dl_config.o(.text.SYSCFG_DL_GPIO_init)
    __arm_cp.2_3                             0x00001ac0   Number         4  ti_msp_dl_config.o(.text.SYSCFG_DL_GPIO_init)
    __arm_cp.2_4                             0x00001ac4   Number         4  ti_msp_dl_config.o(.text.SYSCFG_DL_GPIO_init)
    __arm_cp.2_5                             0x00001ac8   Number         4  ti_msp_dl_config.o(.text.SYSCFG_DL_GPIO_init)
    __arm_cp.2_6                             0x00001acc   Number         4  ti_msp_dl_config.o(.text.SYSCFG_DL_GPIO_init)
    __arm_cp.2_7                             0x00001ad0   Number         4  ti_msp_dl_config.o(.text.SYSCFG_DL_GPIO_init)
    __arm_cp.2_8                             0x00001ad4   Number         4  ti_msp_dl_config.o(.text.SYSCFG_DL_GPIO_init)
    __arm_cp.2_9                             0x00001ad8   Number         4  ti_msp_dl_config.o(.text.SYSCFG_DL_GPIO_init)
    [Anonymous Symbol]                       0x00001adc   Section        0  ti_msp_dl_config.o(.text.SYSCFG_DL_PWM_MotorA_init)
    __arm_cp.5_0                             0x00001b48   Number         4  ti_msp_dl_config.o(.text.SYSCFG_DL_PWM_MotorA_init)
    __arm_cp.5_1                             0x00001b4c   Number         4  ti_msp_dl_config.o(.text.SYSCFG_DL_PWM_MotorA_init)
    __arm_cp.5_2                             0x00001b50   Number         4  ti_msp_dl_config.o(.text.SYSCFG_DL_PWM_MotorA_init)
    __arm_cp.5_4                             0x00001b54   Number         4  ti_msp_dl_config.o(.text.SYSCFG_DL_PWM_MotorA_init)
    [Anonymous Symbol]                       0x00001b58   Section        0  ti_msp_dl_config.o(.text.SYSCFG_DL_PWM_MotorB_init)
    __arm_cp.4_0                             0x00001bc4   Number         4  ti_msp_dl_config.o(.text.SYSCFG_DL_PWM_MotorB_init)
    __arm_cp.4_1                             0x00001bc8   Number         4  ti_msp_dl_config.o(.text.SYSCFG_DL_PWM_MotorB_init)
    __arm_cp.4_2                             0x00001bcc   Number         4  ti_msp_dl_config.o(.text.SYSCFG_DL_PWM_MotorB_init)
    __arm_cp.4_3                             0x00001bd0   Number         4  ti_msp_dl_config.o(.text.SYSCFG_DL_PWM_MotorB_init)
    __arm_cp.4_4                             0x00001bd4   Number         4  ti_msp_dl_config.o(.text.SYSCFG_DL_PWM_MotorB_init)
    [Anonymous Symbol]                       0x00001bd8   Section        0  ti_msp_dl_config.o(.text.SYSCFG_DL_SYSCTL_init)
    __arm_cp.3_0                             0x00001c0c   Number         4  ti_msp_dl_config.o(.text.SYSCFG_DL_SYSCTL_init)
    __arm_cp.3_1                             0x00001c10   Number         4  ti_msp_dl_config.o(.text.SYSCFG_DL_SYSCTL_init)
    [Anonymous Symbol]                       0x00001c14   Section        0  ti_msp_dl_config.o(.text.SYSCFG_DL_SYSTICK_init)
    __arm_cp.9_0                             0x00001c2c   Number         4  ti_msp_dl_config.o(.text.SYSCFG_DL_SYSTICK_init)
    [Anonymous Symbol]                       0x00001c30   Section        0  ti_msp_dl_config.o(.text.SYSCFG_DL_TIMER_0_init)
    __arm_cp.6_0                             0x00001c54   Number         4  ti_msp_dl_config.o(.text.SYSCFG_DL_TIMER_0_init)
    __arm_cp.6_1                             0x00001c58   Number         4  ti_msp_dl_config.o(.text.SYSCFG_DL_TIMER_0_init)
    __arm_cp.6_2                             0x00001c5c   Number         4  ti_msp_dl_config.o(.text.SYSCFG_DL_TIMER_0_init)
    __arm_cp.6_3                             0x00001c60   Number         4  ti_msp_dl_config.o(.text.SYSCFG_DL_TIMER_0_init)
    __arm_cp.6_4                             0x00001c64   Number         4  ti_msp_dl_config.o(.text.SYSCFG_DL_TIMER_0_init)
    [Anonymous Symbol]                       0x00001c68   Section        0  ti_msp_dl_config.o(.text.SYSCFG_DL_UART_Trans_init)
    __arm_cp.8_0                             0x00001cc8   Number         4  ti_msp_dl_config.o(.text.SYSCFG_DL_UART_Trans_init)
    __arm_cp.8_1                             0x00001ccc   Number         4  ti_msp_dl_config.o(.text.SYSCFG_DL_UART_Trans_init)
    __arm_cp.8_2                             0x00001cd0   Number         4  ti_msp_dl_config.o(.text.SYSCFG_DL_UART_Trans_init)
    __arm_cp.8_3                             0x00001cd4   Number         4  ti_msp_dl_config.o(.text.SYSCFG_DL_UART_Trans_init)
    __arm_cp.8_5                             0x00001cd8   Number         4  ti_msp_dl_config.o(.text.SYSCFG_DL_UART_Trans_init)
    __arm_cp.8_6                             0x00001cdc   Number         4  ti_msp_dl_config.o(.text.SYSCFG_DL_UART_Trans_init)
    [Anonymous Symbol]                       0x00001ce0   Section        0  ti_msp_dl_config.o(.text.SYSCFG_DL_USB_TLL_init)
    __arm_cp.7_0                             0x00001d38   Number         4  ti_msp_dl_config.o(.text.SYSCFG_DL_USB_TLL_init)
    __arm_cp.7_1                             0x00001d3c   Number         4  ti_msp_dl_config.o(.text.SYSCFG_DL_USB_TLL_init)
    __arm_cp.7_2                             0x00001d40   Number         4  ti_msp_dl_config.o(.text.SYSCFG_DL_USB_TLL_init)
    __arm_cp.7_3                             0x00001d44   Number         4  ti_msp_dl_config.o(.text.SYSCFG_DL_USB_TLL_init)
    __arm_cp.7_4                             0x00001d48   Number         4  ti_msp_dl_config.o(.text.SYSCFG_DL_USB_TLL_init)
    __arm_cp.7_5                             0x00001d4c   Number         4  ti_msp_dl_config.o(.text.SYSCFG_DL_USB_TLL_init)
    [Anonymous Symbol]                       0x00001d50   Section        0  ti_msp_dl_config.o(.text.SYSCFG_DL_init)
    __arm_cp.0_0                             0x00001d80   Number         4  ti_msp_dl_config.o(.text.SYSCFG_DL_init)
    [Anonymous Symbol]                       0x00001d84   Section        0  ti_msp_dl_config.o(.text.SYSCFG_DL_initPower)
    __arm_cp.1_0                             0x00001dc0   Number         4  ti_msp_dl_config.o(.text.SYSCFG_DL_initPower)
    __arm_cp.1_1                             0x00001dc4   Number         4  ti_msp_dl_config.o(.text.SYSCFG_DL_initPower)
    __arm_cp.1_2                             0x00001dc8   Number         4  ti_msp_dl_config.o(.text.SYSCFG_DL_initPower)
    __arm_cp.1_3                             0x00001dcc   Number         4  ti_msp_dl_config.o(.text.SYSCFG_DL_initPower)
    __arm_cp.1_4                             0x00001dd0   Number         4  ti_msp_dl_config.o(.text.SYSCFG_DL_initPower)
    __arm_cp.1_5                             0x00001dd4   Number         4  ti_msp_dl_config.o(.text.SYSCFG_DL_initPower)
    __arm_cp.1_6                             0x00001dd8   Number         4  ti_msp_dl_config.o(.text.SYSCFG_DL_initPower)
    __arm_cp.1_7                             0x00001ddc   Number         4  ti_msp_dl_config.o(.text.SYSCFG_DL_initPower)
    __arm_cp.1_8                             0x00001de0   Number         4  ti_msp_dl_config.o(.text.SYSCFG_DL_initPower)
    [Anonymous Symbol]                       0x00001de4   Section        0  oled.o(.text.Send_Byte)
    __arm_cp.7_0                             0x00001ef4   Number         4  oled.o(.text.Send_Byte)
    [Anonymous Symbol]                       0x00001ef8   Section        0  encoder.o(.text.TIMG0_IRQHandler)
    __arm_cp.1_0                             0x00001f10   Number         4  encoder.o(.text.TIMG0_IRQHandler)
    __arm_cp.1_1                             0x00001f14   Number         4  encoder.o(.text.TIMG0_IRQHandler)
    __arm_cp.1_2                             0x00001f18   Number         4  encoder.o(.text.TIMG0_IRQHandler)
    [Anonymous Symbol]                       0x00001f1c   Section        0  board.o(.text.UART0_IRQHandler)
    __arm_cp.9_0                             0x00001f68   Number         4  board.o(.text.UART0_IRQHandler)
    __arm_cp.9_1                             0x00001f6c   Number         4  board.o(.text.UART0_IRQHandler)
    __arm_cp.9_3                             0x00001f70   Number         4  board.o(.text.UART0_IRQHandler)
    __arm_cp.9_4                             0x00001f74   Number         4  board.o(.text.UART0_IRQHandler)
    [Anonymous Symbol]                       0x00001f78   Section        0  uart.o(.text.UART1_IRQHandler)
    __arm_cp.3_0                             0x00002000   Number         4  uart.o(.text.UART1_IRQHandler)
    __arm_cp.3_1                             0x00002004   Number         4  uart.o(.text.UART1_IRQHandler)
    __arm_cp.3_2                             0x00002008   Number         4  uart.o(.text.UART1_IRQHandler)
    __arm_cp.3_3                             0x0000200c   Number         4  uart.o(.text.UART1_IRQHandler)
    __arm_cp.3_4                             0x00002010   Number         4  uart.o(.text.UART1_IRQHandler)
    __arm_cp.3_5                             0x00002014   Number         4  uart.o(.text.UART1_IRQHandler)
    __arm_cp.3_6                             0x00002018   Number         4  uart.o(.text.UART1_IRQHandler)
    __arm_cp.3_7                             0x0000201c   Number         4  uart.o(.text.UART1_IRQHandler)
    [Anonymous Symbol]                       0x00002028   Section        0  board.o(.text._sys_exit)
    [Anonymous Symbol]                       0x0000202c   Section        0  board.o(.text.board_init)
    __arm_cp.0_0                             0x00002048   Number         4  board.o(.text.board_init)
    __arm_cp.0_1                             0x0000204c   Number         4  board.o(.text.board_init)
    [Anonymous Symbol]                       0x00002070   Section        0  board.o(.text.delay_us)
    __arm_cp.1_0                             0x000020b0   Number         4  board.o(.text.delay_us)
    [Anonymous Symbol]                       0x000020b4   Section        0  board.o(.text.fputc)
    __arm_cp.8_0                             0x000020d4   Number         4  board.o(.text.fputc)
    [Anonymous Symbol]                       0x000020d8   Section        0  empty.o(.text.main)
    __arm_cp.0_0                             0x00002100   Number         4  empty.o(.text.main)
    __arm_cp.0_1                             0x00002104   Number         4  empty.o(.text.main)
    locale$$code                             0x00002108   Section       44  lc_ctype_c.o(locale$$code)
    gPWM_MotorAClockConfig                   0x00002134   Data           3  ti_msp_dl_config.o(.rodata.gPWM_MotorAClockConfig)
    [Anonymous Symbol]                       0x00002134   Section        0  ti_msp_dl_config.o(.rodata.gPWM_MotorAClockConfig)
    gPWM_MotorAConfig                        0x00002138   Data           8  ti_msp_dl_config.o(.rodata.gPWM_MotorAConfig)
    [Anonymous Symbol]                       0x00002138   Section        0  ti_msp_dl_config.o(.rodata.gPWM_MotorAConfig)
    gPWM_MotorBClockConfig                   0x00002140   Data           3  ti_msp_dl_config.o(.rodata.gPWM_MotorBClockConfig)
    [Anonymous Symbol]                       0x00002140   Section        0  ti_msp_dl_config.o(.rodata.gPWM_MotorBClockConfig)
    gPWM_MotorBConfig                        0x00002144   Data           8  ti_msp_dl_config.o(.rodata.gPWM_MotorBConfig)
    [Anonymous Symbol]                       0x00002144   Section        0  ti_msp_dl_config.o(.rodata.gPWM_MotorBConfig)
    gTIMER_0ClockConfig                      0x0000214c   Data           3  ti_msp_dl_config.o(.rodata.gTIMER_0ClockConfig)
    [Anonymous Symbol]                       0x0000214c   Section        0  ti_msp_dl_config.o(.rodata.gTIMER_0ClockConfig)
    gTIMER_0TimerConfig                      0x00002150   Data          20  ti_msp_dl_config.o(.rodata.gTIMER_0TimerConfig)
    [Anonymous Symbol]                       0x00002150   Section        0  ti_msp_dl_config.o(.rodata.gTIMER_0TimerConfig)
    gUART_TransClockConfig                   0x00002164   Data           2  ti_msp_dl_config.o(.rodata.gUART_TransClockConfig)
    [Anonymous Symbol]                       0x00002164   Section        0  ti_msp_dl_config.o(.rodata.gUART_TransClockConfig)
    gUART_TransConfig                        0x00002166   Data          10  ti_msp_dl_config.o(.rodata.gUART_TransConfig)
    [Anonymous Symbol]                       0x00002166   Section        0  ti_msp_dl_config.o(.rodata.gUART_TransConfig)
    gUSB_TLLClockConfig                      0x00002170   Data           2  ti_msp_dl_config.o(.rodata.gUSB_TLLClockConfig)
    [Anonymous Symbol]                       0x00002170   Section        0  ti_msp_dl_config.o(.rodata.gUSB_TLLClockConfig)
    gUSB_TLLConfig                           0x00002172   Data          10  ti_msp_dl_config.o(.rodata.gUSB_TLLConfig)
    [Anonymous Symbol]                       0x00002172   Section        0  ti_msp_dl_config.o(.rodata.gUSB_TLLConfig)
    [Anonymous Symbol]                       0x0000217c   Section        0  uart.o(.rodata.str1.1)
    locale$$data                             0x000021a0   Section      272  lc_ctype_c.o(locale$$data)
    __lcctype_c_name                         0x000021a4   Data           2  lc_ctype_c.o(locale$$data)
    __lcctype_c_start                        0x000021ac   Data           0  lc_ctype_c.o(locale$$data)
    __lcctype_c_end                          0x000022b0   Data           0  lc_ctype_c.o(locale$$data)
    _strtok_saves1                           0x20200000   Data           4  strtok.o(.data)
    .data                                    0x20200000   Section        4  strtok.o(.data)
    .bss                                     0x20200008   Section       96  libspace.o(.bss)
    Heap_Mem                                 0x20200718   Data           0  startup_mspm0g350x_uvision.o(HEAP)
    Stack_Mem                                0x20200718   Data         256  startup_mspm0g350x_uvision.o(STACK)
    HEAP                                     0x20200718   Section        0  startup_mspm0g350x_uvision.o(HEAP)
    STACK                                    0x20200718   Section      256  startup_mspm0g350x_uvision.o(STACK)
    __initial_sp                             0x20200818   Data           0  startup_mspm0g350x_uvision.o(STACK)

    Global Symbols

    Symbol Name                              Value     Ov Type        Size  Object(Section)

    BuildAttributes$$THM_ISAv3M$S$PE$A:L22$X:L11$S22$IEEE1$IW$~IW$USESV6$~STKCKD$USESV7$~SHL$OTIME$ROPI$EBA8$UX$STANDARDLIB$REQ8$PRES8$EABIv2 0x00000000   Number         0  anon$$obj.o ABSOLUTE
    __Vectors                                0x00000000   Data           4  startup_mspm0g350x_uvision.o(RESET)
    __ARM_exceptions_init                     - Undefined Weak Reference
    __alloca_initialize                       - Undefined Weak Reference
    __arm_preinit_                            - Undefined Weak Reference
    __arm_relocate_pie_                       - Undefined Weak Reference
    __cpp_initialize__aeabi_                  - Undefined Weak Reference
    __cxa_finalize                            - Undefined Weak Reference
    __sigvec_lookup                           - Undefined Weak Reference
    _atexit_init                              - Undefined Weak Reference
    _call_atexit_fns                          - Undefined Weak Reference
    _clock_init                               - Undefined Weak Reference
    _fp_trap_init                             - Undefined Weak Reference
    _fp_trap_shutdown                         - Undefined Weak Reference
    _get_lc_collate                           - Undefined Weak Reference
    _get_lc_monetary                          - Undefined Weak Reference
    _get_lc_numeric                           - Undefined Weak Reference
    _get_lc_time                              - Undefined Weak Reference
    _getenv_init                              - Undefined Weak Reference
    _handle_redirection                       - Undefined Weak Reference
    _init_alloc                               - Undefined Weak Reference
    _init_user_alloc                          - Undefined Weak Reference
    _initio                                   - Undefined Weak Reference
    _mutex_acquire                            - Undefined Weak Reference
    _mutex_release                            - Undefined Weak Reference
    _printf_mbtowc                            - Undefined Weak Reference
    _printf_post_padding                      - Undefined Weak Reference
    _printf_pre_padding                       - Undefined Weak Reference
    _printf_truncate_signed                   - Undefined Weak Reference
    _printf_truncate_unsigned                 - Undefined Weak Reference
    _rand_init                                - Undefined Weak Reference
    _signal_finish                            - Undefined Weak Reference
    _signal_init                              - Undefined Weak Reference
    _terminate_alloc                          - Undefined Weak Reference
    _terminate_user_alloc                     - Undefined Weak Reference
    _terminateio                              - Undefined Weak Reference
    __Vectors_End                            0x000000c0   Data           0  startup_mspm0g350x_uvision.o(RESET)
    __Vectors_Size                           0x000000c0   Number         0  startup_mspm0g350x_uvision.o ABSOLUTE
    __main                                   0x000000c1   Thumb Code     8  __main.o(!!!main)
    __scatterload                            0x000000c9   Thumb Code     0  __scatter.o(!!!scatter)
    __scatterload_rt2                        0x000000c9   Thumb Code    74  __scatter.o(!!!scatter)
    __scatterload_rt2_thumb_only             0x000000c9   Thumb Code     0  __scatter.o(!!!scatter)
    __scatterload_loop                       0x000000d3   Thumb Code     0  __scatter.o(!!!scatter)
    __scatterload_copy                       0x00000121   Thumb Code    26  __scatter_copy.o(!!handler_copy)
    __scatterload_null                       0x00000141   Thumb Code     2  __scatter.o(!!handler_null)
    __scatterload_zeroinit                   0x00000149   Thumb Code    28  __scatter_zi.o(!!handler_zi)
    _printf_percent                          0x00000165   Thumb Code     0  _printf_percent.o(.ARM.Collect$$_printf_percent$$00000000)
    _printf_d                                0x00000167   Thumb Code     0  _printf_d.o(.ARM.Collect$$_printf_percent$$00000009)
    _printf_s                                0x00000171   Thumb Code     0  _printf_s.o(.ARM.Collect$$_printf_percent$$00000014)
    _printf_percent_end                      0x0000017b   Thumb Code     0  _printf_percent_end.o(.ARM.Collect$$_printf_percent$$00000017)
    __rt_lib_init                            0x0000017f   Thumb Code     0  libinit.o(.ARM.Collect$$libinit$$00000000)
    __rt_lib_init_fp_1                       0x00000181   Thumb Code     0  libinit2.o(.ARM.Collect$$libinit$$00000002)
    __rt_lib_init_heap_1                     0x00000181   Thumb Code     0  libinit2.o(.ARM.Collect$$libinit$$0000000C)
    __rt_lib_init_lc_common                  0x00000181   Thumb Code     0  libinit2.o(.ARM.Collect$$libinit$$00000011)
    __rt_lib_init_preinit_1                  0x00000181   Thumb Code     0  libinit2.o(.ARM.Collect$$libinit$$00000006)
    __rt_lib_init_rand_1                     0x00000181   Thumb Code     0  libinit2.o(.ARM.Collect$$libinit$$00000010)
    __rt_lib_init_relocate_pie_1             0x00000181   Thumb Code     0  libinit2.o(.ARM.Collect$$libinit$$00000004)
    __rt_lib_init_user_alloc_1               0x00000181   Thumb Code     0  libinit2.o(.ARM.Collect$$libinit$$0000000E)
    __rt_lib_init_lc_collate_1               0x00000187   Thumb Code     0  libinit2.o(.ARM.Collect$$libinit$$00000013)
    __rt_lib_init_lc_ctype_2                 0x00000187   Thumb Code     0  libinit2.o(.ARM.Collect$$libinit$$00000014)
    __rt_lib_init_alloca_1                   0x00000193   Thumb Code     0  libinit2.o(.ARM.Collect$$libinit$$00000030)
    __rt_lib_init_argv_1                     0x00000193   Thumb Code     0  libinit2.o(.ARM.Collect$$libinit$$0000002E)
    __rt_lib_init_atexit_1                   0x00000193   Thumb Code     0  libinit2.o(.ARM.Collect$$libinit$$0000001D)
    __rt_lib_init_clock_1                    0x00000193   Thumb Code     0  libinit2.o(.ARM.Collect$$libinit$$00000023)
    __rt_lib_init_cpp_1                      0x00000193   Thumb Code     0  libinit2.o(.ARM.Collect$$libinit$$00000034)
    __rt_lib_init_exceptions_1               0x00000193   Thumb Code     0  libinit2.o(.ARM.Collect$$libinit$$00000032)
    __rt_lib_init_fp_trap_1                  0x00000193   Thumb Code     0  libinit2.o(.ARM.Collect$$libinit$$00000021)
    __rt_lib_init_getenv_1                   0x00000193   Thumb Code     0  libinit2.o(.ARM.Collect$$libinit$$00000025)
    __rt_lib_init_lc_ctype_1                 0x00000193   Thumb Code     0  libinit2.o(.ARM.Collect$$libinit$$00000015)
    __rt_lib_init_lc_monetary_1              0x00000193   Thumb Code     0  libinit2.o(.ARM.Collect$$libinit$$00000017)
    __rt_lib_init_lc_numeric_1               0x00000193   Thumb Code     0  libinit2.o(.ARM.Collect$$libinit$$00000019)
    __rt_lib_init_lc_time_1                  0x00000193   Thumb Code     0  libinit2.o(.ARM.Collect$$libinit$$0000001B)
    __rt_lib_init_return                     0x00000193   Thumb Code     0  libinit2.o(.ARM.Collect$$libinit$$00000035)
    __rt_lib_init_signal_1                   0x00000193   Thumb Code     0  libinit2.o(.ARM.Collect$$libinit$$0000001F)
    __rt_lib_init_stdio_1                    0x00000193   Thumb Code     0  libinit2.o(.ARM.Collect$$libinit$$00000027)
    __rt_lib_shutdown                        0x00000195   Thumb Code     0  libshutdown.o(.ARM.Collect$$libshutdown$$00000000)
    __rt_lib_shutdown_cpp_1                  0x00000197   Thumb Code     0  libshutdown2.o(.ARM.Collect$$libshutdown$$00000002)
    __rt_lib_shutdown_fp_trap_1              0x00000197   Thumb Code     0  libshutdown2.o(.ARM.Collect$$libshutdown$$00000007)
    __rt_lib_shutdown_heap_1                 0x00000197   Thumb Code     0  libshutdown2.o(.ARM.Collect$$libshutdown$$0000000F)
    __rt_lib_shutdown_return                 0x00000197   Thumb Code     0  libshutdown2.o(.ARM.Collect$$libshutdown$$00000010)
    __rt_lib_shutdown_signal_1               0x00000197   Thumb Code     0  libshutdown2.o(.ARM.Collect$$libshutdown$$0000000A)
    __rt_lib_shutdown_stdio_1                0x00000197   Thumb Code     0  libshutdown2.o(.ARM.Collect$$libshutdown$$00000004)
    __rt_lib_shutdown_user_alloc_1           0x00000197   Thumb Code     0  libshutdown2.o(.ARM.Collect$$libshutdown$$0000000C)
    __rt_entry                               0x00000199   Thumb Code     0  __rtentry.o(.ARM.Collect$$rtentry$$00000000)
    __rt_entry_presh_1                       0x00000199   Thumb Code     0  __rtentry2.o(.ARM.Collect$$rtentry$$00000002)
    __rt_entry_sh                            0x00000199   Thumb Code     0  __rtentry4.o(.ARM.Collect$$rtentry$$00000004)
    __rt_entry_li                            0x0000019f   Thumb Code     0  __rtentry2.o(.ARM.Collect$$rtentry$$0000000A)
    __rt_entry_postsh_1                      0x0000019f   Thumb Code     0  __rtentry2.o(.ARM.Collect$$rtentry$$00000009)
    __rt_entry_main                          0x000001a3   Thumb Code     0  __rtentry2.o(.ARM.Collect$$rtentry$$0000000D)
    __rt_entry_postli_1                      0x000001a3   Thumb Code     0  __rtentry2.o(.ARM.Collect$$rtentry$$0000000C)
    __rt_exit                                0x000001ab   Thumb Code     0  rtexit.o(.ARM.Collect$$rtexit$$00000000)
    __rt_exit_ls                             0x000001ad   Thumb Code     0  rtexit2.o(.ARM.Collect$$rtexit$$00000003)
    __rt_exit_prels_1                        0x000001ad   Thumb Code     0  rtexit2.o(.ARM.Collect$$rtexit$$00000002)
    __rt_exit_exit                           0x000001b1   Thumb Code     0  rtexit2.o(.ARM.Collect$$rtexit$$00000004)
    Reset_Handler                            0x000001b9   Thumb Code     4  startup_mspm0g350x_uvision.o(.text)
    NMI_Handler                              0x000001bd   Thumb Code     2  startup_mspm0g350x_uvision.o(.text)
    SVC_Handler                              0x000001c1   Thumb Code     2  startup_mspm0g350x_uvision.o(.text)
    PendSV_Handler                           0x000001c3   Thumb Code     2  startup_mspm0g350x_uvision.o(.text)
    SysTick_Handler                          0x000001c5   Thumb Code     2  startup_mspm0g350x_uvision.o(.text)
    ADC0_IRQHandler                          0x000001c7   Thumb Code     0  startup_mspm0g350x_uvision.o(.text)
    ADC1_IRQHandler                          0x000001c7   Thumb Code     0  startup_mspm0g350x_uvision.o(.text)
    AES_IRQHandler                           0x000001c7   Thumb Code     0  startup_mspm0g350x_uvision.o(.text)
    CANFD0_IRQHandler                        0x000001c7   Thumb Code     0  startup_mspm0g350x_uvision.o(.text)
    DAC0_IRQHandler                          0x000001c7   Thumb Code     0  startup_mspm0g350x_uvision.o(.text)
    DMA_IRQHandler                           0x000001c7   Thumb Code     0  startup_mspm0g350x_uvision.o(.text)
    Default_Handler                          0x000001c7   Thumb Code     2  startup_mspm0g350x_uvision.o(.text)
    GROUP0_IRQHandler                        0x000001c7   Thumb Code     0  startup_mspm0g350x_uvision.o(.text)
    I2C0_IRQHandler                          0x000001c7   Thumb Code     0  startup_mspm0g350x_uvision.o(.text)
    I2C1_IRQHandler                          0x000001c7   Thumb Code     0  startup_mspm0g350x_uvision.o(.text)
    RTC_IRQHandler                           0x000001c7   Thumb Code     0  startup_mspm0g350x_uvision.o(.text)
    SPI0_IRQHandler                          0x000001c7   Thumb Code     0  startup_mspm0g350x_uvision.o(.text)
    SPI1_IRQHandler                          0x000001c7   Thumb Code     0  startup_mspm0g350x_uvision.o(.text)
    TIMA0_IRQHandler                         0x000001c7   Thumb Code     0  startup_mspm0g350x_uvision.o(.text)
    TIMA1_IRQHandler                         0x000001c7   Thumb Code     0  startup_mspm0g350x_uvision.o(.text)
    TIMG12_IRQHandler                        0x000001c7   Thumb Code     0  startup_mspm0g350x_uvision.o(.text)
    TIMG6_IRQHandler                         0x000001c7   Thumb Code     0  startup_mspm0g350x_uvision.o(.text)
    TIMG7_IRQHandler                         0x000001c7   Thumb Code     0  startup_mspm0g350x_uvision.o(.text)
    TIMG8_IRQHandler                         0x000001c7   Thumb Code     0  startup_mspm0g350x_uvision.o(.text)
    UART2_IRQHandler                         0x000001c7   Thumb Code     0  startup_mspm0g350x_uvision.o(.text)
    UART3_IRQHandler                         0x000001c7   Thumb Code     0  startup_mspm0g350x_uvision.o(.text)
    __user_initial_stackheap                 0x000001c9   Thumb Code    10  startup_mspm0g350x_uvision.o(.text)
    __2printf                                0x000001e5   Thumb Code    22  noretval__2printf.o(.text)
    __printf                                 0x00000201   Thumb Code   108  __printf.o(.text)
    _printf_str                              0x0000026d   Thumb Code    82  _printf_str.o(.text)
    _printf_int_dec                          0x000002c1   Thumb Code    90  _printf_dec.o(.text)
    atoi                                     0x0000032d   Thumb Code    26  atoi.o(.text)
    puts                                     0x00000349   Thumb Code    38  puts.o(.text)
    strtok                                   0x00000375   Thumb Code    10  strtok.o(.text)
    __use_two_region_memory                  0x00000385   Thumb Code     2  heapauxi.o(.text)
    __rt_heap_escrow$2region                 0x00000387   Thumb Code     2  heapauxi.o(.text)
    __rt_heap_expand$2region                 0x00000389   Thumb Code     2  heapauxi.o(.text)
    __aeabi_errno_addr                       0x0000038d   Thumb Code     8  rt_errno_addr_intlibspace.o(.text)
    __errno$intlibspace                      0x0000038d   Thumb Code     0  rt_errno_addr_intlibspace.o(.text)
    __rt_errno_addr$intlibspace              0x0000038d   Thumb Code     0  rt_errno_addr_intlibspace.o(.text)
    _printf_int_common                       0x00000395   Thumb Code   176  _printf_intcommon.o(.text)
    _printf_cs_common                        0x00000445   Thumb Code    22  _printf_char.o(.text)
    _printf_char                             0x0000045b   Thumb Code    16  _printf_char.o(.text)
    _printf_string                           0x0000046b   Thumb Code     8  _printf_char.o(.text)
    _printf_char_file                        0x00000475   Thumb Code    34  _printf_char_file.o(.text)
    strtol                                   0x0000049d   Thumb Code   108  strtol.o(.text)
    __strtok_internal                        0x0000050d   Thumb Code    66  strtok_int.o(.text)
    __rt_udiv10                              0x00000555   Thumb Code    40  rtudiv10.o(.text)
    __user_libspace                          0x0000057d   Thumb Code     8  libspace.o(.text)
    __user_perproc_libspace                  0x0000057d   Thumb Code     0  libspace.o(.text)
    __user_perthread_libspace                0x0000057d   Thumb Code     0  libspace.o(.text)
    __rt_ctype_table                         0x00000585   Thumb Code    16  rt_ctype_table.o(.text)
    _printf_char_common                      0x0000059f   Thumb Code    32  _printf_char_common.o(.text)
    _strtoul                                 0x000005c5   Thumb Code   166  _strtoul.o(.text)
    ferror                                   0x0000066b   Thumb Code     8  ferror.o(.text)
    strcspn                                  0x00000673   Thumb Code    34  strcspn.o(.text)
    strspn                                   0x00000695   Thumb Code    32  strspn.o(.text)
    __user_setup_stackheap                   0x000006b5   Thumb Code    62  sys_stackheap_outer.o(.text)
    __rt_locale                              0x000006f5   Thumb Code     8  rt_locale_intlibspace.o(.text)
    _chval                                   0x000006fd   Thumb Code    30  _chval.o(.text)
    exit                                     0x0000071b   Thumb Code    16  exit.o(.text)
    strcmp                                   0x0000072d   Thumb Code   176  strcmpv6m.o(.text)
    DL_Common_delayCycles                    0x000007dd   Thumb Code    10  dl_common.o(.text.DL_Common_delayCycles)
    DL_Timer_initPWMMode                     0x000007e9   Thumb Code   172  dl_timer.o(.text.DL_Timer_initPWMMode)
    DL_Timer_initTimerMode                   0x000008a9   Thumb Code   220  dl_timer.o(.text.DL_Timer_initTimerMode)
    DL_Timer_setCaptCompUpdateMethod         0x00000991   Thumb Code    24  dl_timer.o(.text.DL_Timer_setCaptCompUpdateMethod)
    DL_Timer_setCaptureCompareOutCtl         0x000009ad   Thumb Code    20  dl_timer.o(.text.DL_Timer_setCaptureCompareOutCtl)
    DL_Timer_setCaptureCompareValue          0x000009c5   Thumb Code    12  dl_timer.o(.text.DL_Timer_setCaptureCompareValue)
    DL_Timer_setClockConfig                  0x000009d5   Thumb Code    24  dl_timer.o(.text.DL_Timer_setClockConfig)
    DL_UART_init                             0x000009f1   Thumb Code    64  dl_uart.o(.text.DL_UART_init)
    DL_UART_setClockConfig                   0x00000a39   Thumb Code    18  dl_uart.o(.text.DL_UART_setClockConfig)
    GROUP1_IRQHandler                        0x00000a4d   Thumb Code    84  encoder.o(.text.GROUP1_IRQHandler)
    HardFault_Handler                        0x00000ab1   Thumb Code    12  uart.o(.text.HardFault_Handler)
    OLED_Clear                               0x00000ad1   Thumb Code  1620  oled.o(.text.OLED_Clear)
    OLED_Init                                0x00001125   Thumb Code  1852  oled.o(.text.OLED_Init)
    OLED_Refresh                             0x00001861   Thumb Code   240  oled.o(.text.OLED_Refresh)
    OLED_WR_Byte                             0x00001955   Thumb Code   156  oled.o(.text.OLED_WR_Byte)
    OpenMV4_usart_config                     0x000019f5   Thumb Code    20  uart.o(.text.OpenMV4_usart_config)
    SYSCFG_DL_GPIO_init                      0x00001a11   Thumb Code   164  ti_msp_dl_config.o(.text.SYSCFG_DL_GPIO_init)
    SYSCFG_DL_PWM_MotorA_init                0x00001add   Thumb Code   108  ti_msp_dl_config.o(.text.SYSCFG_DL_PWM_MotorA_init)
    SYSCFG_DL_PWM_MotorB_init                0x00001b59   Thumb Code   108  ti_msp_dl_config.o(.text.SYSCFG_DL_PWM_MotorB_init)
    SYSCFG_DL_SYSCTL_init                    0x00001bd9   Thumb Code    52  ti_msp_dl_config.o(.text.SYSCFG_DL_SYSCTL_init)
    SYSCFG_DL_SYSTICK_init                   0x00001c15   Thumb Code    24  ti_msp_dl_config.o(.text.SYSCFG_DL_SYSTICK_init)
    SYSCFG_DL_TIMER_0_init                   0x00001c31   Thumb Code    36  ti_msp_dl_config.o(.text.SYSCFG_DL_TIMER_0_init)
    SYSCFG_DL_UART_Trans_init                0x00001c69   Thumb Code    96  ti_msp_dl_config.o(.text.SYSCFG_DL_UART_Trans_init)
    SYSCFG_DL_USB_TLL_init                   0x00001ce1   Thumb Code    88  ti_msp_dl_config.o(.text.SYSCFG_DL_USB_TLL_init)
    SYSCFG_DL_init                           0x00001d51   Thumb Code    48  ti_msp_dl_config.o(.text.SYSCFG_DL_init)
    SYSCFG_DL_initPower                      0x00001d85   Thumb Code    60  ti_msp_dl_config.o(.text.SYSCFG_DL_initPower)
    Send_Byte                                0x00001de5   Thumb Code   272  oled.o(.text.Send_Byte)
    TIMG0_IRQHandler                         0x00001ef9   Thumb Code    24  encoder.o(.text.TIMG0_IRQHandler)
    UART0_IRQHandler                         0x00001f1d   Thumb Code    76  board.o(.text.UART0_IRQHandler)
    UART1_IRQHandler                         0x00001f79   Thumb Code   136  uart.o(.text.UART1_IRQHandler)
    _sys_exit                                0x00002029   Thumb Code     2  board.o(.text._sys_exit)
    board_init                               0x0000202d   Thumb Code    28  board.o(.text.board_init)
    delay_us                                 0x00002071   Thumb Code    64  board.o(.text.delay_us)
    fputc                                    0x000020b5   Thumb Code    32  board.o(.text.fputc)
    main                                     0x000020d9   Thumb Code    40  empty.o(.text.main)
    _get_lc_ctype                            0x00002109   Thumb Code    44  lc_ctype_c.o(locale$$code)
    Region$$Table$$Base                      0x00002180   Number         0  anon$$obj.o(Region$$Table)
    Region$$Table$$Limit                     0x000021a0   Number         0  anon$$obj.o(Region$$Table)
    __ctype                                  0x000021ad   Data           0  lc_ctype_c.o(locale$$data)
    __libspace_start                         0x20200008   Data          96  libspace.o(.bss)
    Left_Count                               0x20200068   Data           4  encoder.o(.bss.Left_Count)
    __temporary_stack_top$libspace           0x20200068   Data           0  libspace.o(.bss)
    OLED_GRAM                                0x2020006c   Data        1152  oled.o(.bss.OLED_GRAM)
    Right_Count                              0x202004ec   Data           4  encoder.o(.bss.Right_Count)
    __stdout                                 0x202004f0   Data          84  board.o(.bss.__stdout)
    data_start                               0x20200544   Data           1  uart.o(.bss.data_start)
    gPWM_MotorABackup                        0x20200548   Data         120  ti_msp_dl_config.o(.bss.gPWM_MotorABackup)
    num1                                     0x202005c0   Data           4  uart.o(.bss.num1)
    num2                                     0x202005c4   Data           4  uart.o(.bss.num2)
    openmv4_recv_buff                        0x202005c8   Data         200  uart.o(.bss.openmv4_recv_buff)
    openmv4_recv_length                      0x20200690   Data           4  uart.o(.bss.openmv4_recv_length)
    recv0_buff                               0x20200694   Data         128  board.o(.bss.recv0_buff)
    recv0_flag                               0x20200714   Data           1  board.o(.bss.recv0_flag)
    recv0_length                             0x20200716   Data           2  board.o(.bss.recv0_length)



==============================================================================

Memory Map of the image

  Image Entry point : 0x000000c1

  Load Region LR_IROM1 (Base: 0x00000000, Size: 0x000022b8, Max: 0x00020000, ABSOLUTE)

    Execution Region ER_IROM1 (Exec base: 0x00000000, Load base: 0x00000000, Size: 0x000022b0, Max: 0x00020000, ABSOLUTE)

    Exec Addr    Load Addr    Size         Type   Attr      Idx    E Section Name        Object

    0x00000000   0x00000000   0x000000c0   Data   RO           13    RESET               startup_mspm0g350x_uvision.o
    0x000000c0   0x000000c0   0x00000008   Code   RO         1034  * !!!main             c_p.l(__main.o)
    0x000000c8   0x000000c8   0x00000054   Code   RO         1294    !!!scatter          c_p.l(__scatter.o)
    0x0000011c   0x0000011c   0x00000004   PAD
    0x00000120   0x00000120   0x0000001a   Code   RO         1298    !!handler_copy      c_p.l(__scatter_copy.o)
    0x0000013a   0x0000013a   0x00000006   PAD
    0x00000140   0x00000140   0x00000002   Code   RO         1295    !!handler_null      c_p.l(__scatter.o)
    0x00000142   0x00000142   0x00000006   PAD
    0x00000148   0x00000148   0x0000001c   Code   RO         1300    !!handler_zi        c_p.l(__scatter_zi.o)
    0x00000164   0x00000164   0x00000002   Code   RO         1012    .ARM.Collect$$_printf_percent$$00000000  c_p.l(_printf_percent.o)
    0x00000166   0x00000166   0x0000000a   Code   RO         1011    .ARM.Collect$$_printf_percent$$00000009  c_p.l(_printf_d.o)
    0x00000170   0x00000170   0x0000000a   Code   RO         1010    .ARM.Collect$$_printf_percent$$00000014  c_p.l(_printf_s.o)
    0x0000017a   0x0000017a   0x00000004   Code   RO         1078    .ARM.Collect$$_printf_percent$$00000017  c_p.l(_printf_percent_end.o)
    0x0000017e   0x0000017e   0x00000002   Code   RO         1154    .ARM.Collect$$libinit$$00000000  c_p.l(libinit.o)
    0x00000180   0x00000180   0x00000000   Code   RO         1171    .ARM.Collect$$libinit$$00000002  c_p.l(libinit2.o)
    0x00000180   0x00000180   0x00000000   Code   RO         1173    .ARM.Collect$$libinit$$00000004  c_p.l(libinit2.o)
    0x00000180   0x00000180   0x00000000   Code   RO         1175    .ARM.Collect$$libinit$$00000006  c_p.l(libinit2.o)
    0x00000180   0x00000180   0x00000000   Code   RO         1178    .ARM.Collect$$libinit$$0000000C  c_p.l(libinit2.o)
    0x00000180   0x00000180   0x00000000   Code   RO         1180    .ARM.Collect$$libinit$$0000000E  c_p.l(libinit2.o)
    0x00000180   0x00000180   0x00000000   Code   RO         1182    .ARM.Collect$$libinit$$00000010  c_p.l(libinit2.o)
    0x00000180   0x00000180   0x00000006   Code   RO         1183    .ARM.Collect$$libinit$$00000011  c_p.l(libinit2.o)
    0x00000186   0x00000186   0x00000000   Code   RO         1185    .ARM.Collect$$libinit$$00000013  c_p.l(libinit2.o)
    0x00000186   0x00000186   0x0000000c   Code   RO         1186    .ARM.Collect$$libinit$$00000014  c_p.l(libinit2.o)
    0x00000192   0x00000192   0x00000000   Code   RO         1187    .ARM.Collect$$libinit$$00000015  c_p.l(libinit2.o)
    0x00000192   0x00000192   0x00000000   Code   RO         1189    .ARM.Collect$$libinit$$00000017  c_p.l(libinit2.o)
    0x00000192   0x00000192   0x00000000   Code   RO         1191    .ARM.Collect$$libinit$$00000019  c_p.l(libinit2.o)
    0x00000192   0x00000192   0x00000000   Code   RO         1193    .ARM.Collect$$libinit$$0000001B  c_p.l(libinit2.o)
    0x00000192   0x00000192   0x00000000   Code   RO         1195    .ARM.Collect$$libinit$$0000001D  c_p.l(libinit2.o)
    0x00000192   0x00000192   0x00000000   Code   RO         1197    .ARM.Collect$$libinit$$0000001F  c_p.l(libinit2.o)
    0x00000192   0x00000192   0x00000000   Code   RO         1199    .ARM.Collect$$libinit$$00000021  c_p.l(libinit2.o)
    0x00000192   0x00000192   0x00000000   Code   RO         1201    .ARM.Collect$$libinit$$00000023  c_p.l(libinit2.o)
    0x00000192   0x00000192   0x00000000   Code   RO         1203    .ARM.Collect$$libinit$$00000025  c_p.l(libinit2.o)
    0x00000192   0x00000192   0x00000000   Code   RO         1205    .ARM.Collect$$libinit$$00000027  c_p.l(libinit2.o)
    0x00000192   0x00000192   0x00000000   Code   RO         1209    .ARM.Collect$$libinit$$0000002E  c_p.l(libinit2.o)
    0x00000192   0x00000192   0x00000000   Code   RO         1211    .ARM.Collect$$libinit$$00000030  c_p.l(libinit2.o)
    0x00000192   0x00000192   0x00000000   Code   RO         1213    .ARM.Collect$$libinit$$00000032  c_p.l(libinit2.o)
    0x00000192   0x00000192   0x00000000   Code   RO         1215    .ARM.Collect$$libinit$$00000034  c_p.l(libinit2.o)
    0x00000192   0x00000192   0x00000002   Code   RO         1216    .ARM.Collect$$libinit$$00000035  c_p.l(libinit2.o)
    0x00000194   0x00000194   0x00000002   Code   RO         1246    .ARM.Collect$$libshutdown$$00000000  c_p.l(libshutdown.o)
    0x00000196   0x00000196   0x00000000   Code   RO         1277    .ARM.Collect$$libshutdown$$00000002  c_p.l(libshutdown2.o)
    0x00000196   0x00000196   0x00000000   Code   RO         1279    .ARM.Collect$$libshutdown$$00000004  c_p.l(libshutdown2.o)
    0x00000196   0x00000196   0x00000000   Code   RO         1282    .ARM.Collect$$libshutdown$$00000007  c_p.l(libshutdown2.o)
    0x00000196   0x00000196   0x00000000   Code   RO         1285    .ARM.Collect$$libshutdown$$0000000A  c_p.l(libshutdown2.o)
    0x00000196   0x00000196   0x00000000   Code   RO         1287    .ARM.Collect$$libshutdown$$0000000C  c_p.l(libshutdown2.o)
    0x00000196   0x00000196   0x00000000   Code   RO         1290    .ARM.Collect$$libshutdown$$0000000F  c_p.l(libshutdown2.o)
    0x00000196   0x00000196   0x00000002   Code   RO         1291    .ARM.Collect$$libshutdown$$00000010  c_p.l(libshutdown2.o)
    0x00000198   0x00000198   0x00000000   Code   RO         1062    .ARM.Collect$$rtentry$$00000000  c_p.l(__rtentry.o)
    0x00000198   0x00000198   0x00000000   Code   RO         1096    .ARM.Collect$$rtentry$$00000002  c_p.l(__rtentry2.o)
    0x00000198   0x00000198   0x00000006   Code   RO         1108    .ARM.Collect$$rtentry$$00000004  c_p.l(__rtentry4.o)
    0x0000019e   0x0000019e   0x00000000   Code   RO         1098    .ARM.Collect$$rtentry$$00000009  c_p.l(__rtentry2.o)
    0x0000019e   0x0000019e   0x00000004   Code   RO         1099    .ARM.Collect$$rtentry$$0000000A  c_p.l(__rtentry2.o)
    0x000001a2   0x000001a2   0x00000000   Code   RO         1101    .ARM.Collect$$rtentry$$0000000C  c_p.l(__rtentry2.o)
    0x000001a2   0x000001a2   0x00000008   Code   RO         1102    .ARM.Collect$$rtentry$$0000000D  c_p.l(__rtentry2.o)
    0x000001aa   0x000001aa   0x00000002   Code   RO         1160    .ARM.Collect$$rtexit$$00000000  c_p.l(rtexit.o)
    0x000001ac   0x000001ac   0x00000000   Code   RO         1220    .ARM.Collect$$rtexit$$00000002  c_p.l(rtexit2.o)
    0x000001ac   0x000001ac   0x00000004   Code   RO         1221    .ARM.Collect$$rtexit$$00000003  c_p.l(rtexit2.o)
    0x000001b0   0x000001b0   0x00000006   Code   RO         1222    .ARM.Collect$$rtexit$$00000004  c_p.l(rtexit2.o)
    0x000001b6   0x000001b6   0x00000002   PAD
    0x000001b8   0x000001b8   0x0000002c   Code   RO           14    .text               startup_mspm0g350x_uvision.o
    0x000001e4   0x000001e4   0x0000001c   Code   RO          982    .text               c_p.l(noretval__2printf.o)
    0x00000200   0x00000200   0x0000006c   Code   RO          984    .text               c_p.l(__printf.o)
    0x0000026c   0x0000026c   0x00000052   Code   RO          986    .text               c_p.l(_printf_str.o)
    0x000002be   0x000002be   0x00000002   PAD
    0x000002c0   0x000002c0   0x0000006c   Code   RO          988    .text               c_p.l(_printf_dec.o)
    0x0000032c   0x0000032c   0x0000001a   Code   RO         1013    .text               c_p.l(atoi.o)
    0x00000346   0x00000346   0x00000002   PAD
    0x00000348   0x00000348   0x0000002c   Code   RO         1015    .text               c_p.l(puts.o)
    0x00000374   0x00000374   0x00000010   Code   RO         1017    .text               c_p.l(strtok.o)
    0x00000384   0x00000384   0x00000006   Code   RO         1032    .text               c_p.l(heapauxi.o)
    0x0000038a   0x0000038a   0x00000002   PAD
    0x0000038c   0x0000038c   0x00000008   Code   RO         1070    .text               c_p.l(rt_errno_addr_intlibspace.o)
    0x00000394   0x00000394   0x000000b0   Code   RO         1072    .text               c_p.l(_printf_intcommon.o)
    0x00000444   0x00000444   0x0000002e   Code   RO         1074    .text               c_p.l(_printf_char.o)
    0x00000472   0x00000472   0x00000002   PAD
    0x00000474   0x00000474   0x00000028   Code   RO         1076    .text               c_p.l(_printf_char_file.o)
    0x0000049c   0x0000049c   0x00000070   Code   RO         1079    .text               c_p.l(strtol.o)
    0x0000050c   0x0000050c   0x00000048   Code   RO         1081    .text               c_p.l(strtok_int.o)
    0x00000554   0x00000554   0x00000028   Code   RO         1083    .text               c_p.l(rtudiv10.o)
    0x0000057c   0x0000057c   0x00000008   Code   RO         1092    .text               c_p.l(libspace.o)
    0x00000584   0x00000584   0x00000010   Code   RO         1110    .text               c_p.l(rt_ctype_table.o)
    0x00000594   0x00000594   0x00000030   Code   RO         1114    .text               c_p.l(_printf_char_common.o)
    0x000005c4   0x000005c4   0x000000a6   Code   RO         1116    .text               c_p.l(_strtoul.o)
    0x0000066a   0x0000066a   0x00000008   Code   RO         1118    .text               c_p.l(ferror.o)
    0x00000672   0x00000672   0x00000022   Code   RO         1122    .text               c_p.l(strcspn.o)
    0x00000694   0x00000694   0x00000020   Code   RO         1124    .text               c_p.l(strspn.o)
    0x000006b4   0x000006b4   0x0000003e   Code   RO         1128    .text               c_p.l(sys_stackheap_outer.o)
    0x000006f2   0x000006f2   0x00000002   PAD
    0x000006f4   0x000006f4   0x00000008   Code   RO         1134    .text               c_p.l(rt_locale_intlibspace.o)
    0x000006fc   0x000006fc   0x0000001e   Code   RO         1138    .text               c_p.l(_chval.o)
    0x0000071a   0x0000071a   0x00000010   Code   RO         1143    .text               c_p.l(exit.o)
    0x0000072a   0x0000072a   0x00000002   PAD
    0x0000072c   0x0000072c   0x000000b0   Code   RO         1168    .text               c_p.l(strcmpv6m.o)
    0x000007dc   0x000007dc   0x0000000a   Code   RO          921    .text.DL_Common_delayCycles  dl_common.o
    0x000007e6   0x000007e6   0x00000002   PAD
    0x000007e8   0x000007e8   0x000000c0   Code   RO          355    .text.DL_Timer_initPWMMode  dl_timer.o
    0x000008a8   0x000008a8   0x000000e8   Code   RO          337    .text.DL_Timer_initTimerMode  dl_timer.o
    0x00000990   0x00000990   0x0000001c   Code   RO          369    .text.DL_Timer_setCaptCompUpdateMethod  dl_timer.o
    0x000009ac   0x000009ac   0x00000018   Code   RO          359    .text.DL_Timer_setCaptureCompareOutCtl  dl_timer.o
    0x000009c4   0x000009c4   0x00000010   Code   RO          339    .text.DL_Timer_setCaptureCompareValue  dl_timer.o
    0x000009d4   0x000009d4   0x0000001c   Code   RO          333    .text.DL_Timer_setClockConfig  dl_timer.o
    0x000009f0   0x000009f0   0x00000048   Code   RO          281    .text.DL_UART_init  dl_uart.o
    0x00000a38   0x00000a38   0x00000012   Code   RO          283    .text.DL_UART_setClockConfig  dl_uart.o
    0x00000a4a   0x00000a4a   0x00000002   PAD
    0x00000a4c   0x00000a4c   0x00000064   Code   RO          198    .text.GROUP1_IRQHandler  encoder.o
    0x00000ab0   0x00000ab0   0x00000020   Code   RO          218    .text.HardFault_Handler  uart.o
    0x00000ad0   0x00000ad0   0x00000654   Code   RO          118    .text.OLED_Clear    oled.o
    0x00001124   0x00001124   0x0000073c   Code   RO          140    .text.OLED_Init     oled.o
    0x00001860   0x00001860   0x000000f4   Code   RO          116    .text.OLED_Refresh  oled.o
    0x00001954   0x00001954   0x000000a0   Code   RO           98    .text.OLED_WR_Byte  oled.o
    0x000019f4   0x000019f4   0x0000001c   Code   RO          212    .text.OpenMV4_usart_config  uart.o
    0x00001a10   0x00001a10   0x000000cc   Code   RO           25    .text.SYSCFG_DL_GPIO_init  ti_msp_dl_config.o
    0x00001adc   0x00001adc   0x0000007c   Code   RO           31    .text.SYSCFG_DL_PWM_MotorA_init  ti_msp_dl_config.o
    0x00001b58   0x00001b58   0x00000080   Code   RO           29    .text.SYSCFG_DL_PWM_MotorB_init  ti_msp_dl_config.o
    0x00001bd8   0x00001bd8   0x0000003c   Code   RO           27    .text.SYSCFG_DL_SYSCTL_init  ti_msp_dl_config.o
    0x00001c14   0x00001c14   0x0000001c   Code   RO           39    .text.SYSCFG_DL_SYSTICK_init  ti_msp_dl_config.o
    0x00001c30   0x00001c30   0x00000038   Code   RO           33    .text.SYSCFG_DL_TIMER_0_init  ti_msp_dl_config.o
    0x00001c68   0x00001c68   0x00000078   Code   RO           37    .text.SYSCFG_DL_UART_Trans_init  ti_msp_dl_config.o
    0x00001ce0   0x00001ce0   0x00000070   Code   RO           35    .text.SYSCFG_DL_USB_TLL_init  ti_msp_dl_config.o
    0x00001d50   0x00001d50   0x00000034   Code   RO           21    .text.SYSCFG_DL_init  ti_msp_dl_config.o
    0x00001d84   0x00001d84   0x00000060   Code   RO           23    .text.SYSCFG_DL_initPower  ti_msp_dl_config.o
    0x00001de4   0x00001de4   0x00000114   Code   RO          110    .text.Send_Byte     oled.o
    0x00001ef8   0x00001ef8   0x00000024   Code   RO          196    .text.TIMG0_IRQHandler  encoder.o
    0x00001f1c   0x00001f1c   0x0000005c   Code   RO           82    .text.UART0_IRQHandler  board.o
    0x00001f78   0x00001f78   0x000000b0   Code   RO          216    .text.UART1_IRQHandler  uart.o
    0x00002028   0x00002028   0x00000002   Code   RO           78    .text._sys_exit     board.o
    0x0000202a   0x0000202a   0x00000002   PAD
    0x0000202c   0x0000202c   0x00000044   Code   RO           64    .text.board_init    board.o
    0x00002070   0x00002070   0x00000044   Code   RO           66    .text.delay_us      board.o
    0x000020b4   0x000020b4   0x00000024   Code   RO           80    .text.fputc         board.o
    0x000020d8   0x000020d8   0x00000030   Code   RO            2    .text.main          empty.o
    0x00002108   0x00002108   0x0000002c   Code   RO         1141    locale$$code        c_p.l(lc_ctype_c.o)
    0x00002134   0x00002134   0x00000003   Data   RO           48    .rodata.gPWM_MotorAClockConfig  ti_msp_dl_config.o
    0x00002137   0x00002137   0x00000001   PAD
    0x00002138   0x00002138   0x00000008   Data   RO           49    .rodata.gPWM_MotorAConfig  ti_msp_dl_config.o
    0x00002140   0x00002140   0x00000003   Data   RO           46    .rodata.gPWM_MotorBClockConfig  ti_msp_dl_config.o
    0x00002143   0x00002143   0x00000001   PAD
    0x00002144   0x00002144   0x00000008   Data   RO           47    .rodata.gPWM_MotorBConfig  ti_msp_dl_config.o
    0x0000214c   0x0000214c   0x00000003   Data   RO           50    .rodata.gTIMER_0ClockConfig  ti_msp_dl_config.o
    0x0000214f   0x0000214f   0x00000001   PAD
    0x00002150   0x00002150   0x00000014   Data   RO           51    .rodata.gTIMER_0TimerConfig  ti_msp_dl_config.o
    0x00002164   0x00002164   0x00000002   Data   RO           54    .rodata.gUART_TransClockConfig  ti_msp_dl_config.o
    0x00002166   0x00002166   0x0000000a   Data   RO           55    .rodata.gUART_TransConfig  ti_msp_dl_config.o
    0x00002170   0x00002170   0x00000002   Data   RO           52    .rodata.gUSB_TLLClockConfig  ti_msp_dl_config.o
    0x00002172   0x00002172   0x0000000a   Data   RO           53    .rodata.gUSB_TLLConfig  ti_msp_dl_config.o
    0x0000217c   0x0000217c   0x00000002   Data   RO          224    .rodata.str1.1      uart.o
    0x0000217e   0x0000217e   0x00000002   PAD
    0x00002180   0x00002180   0x00000020   Data   RO         1293    Region$$Table       anon$$obj.o
    0x000021a0   0x000021a0   0x00000110   Data   RO         1140    locale$$data        c_p.l(lc_ctype_c.o)


    Execution Region RW_IRAM2 (Exec base: 0x20200000, Load base: 0x000022b0, Size: 0x00000818, Max: 0x00008000, ABSOLUTE)

    Exec Addr    Load Addr    Size         Type   Attr      Idx    E Section Name        Object

    0x20200000   0x000022b0   0x00000004   Data   RW         1018    .data               c_p.l(strtok.o)
    0x20200004   0x000022b4   0x00000004   PAD
    0x20200008        -       0x00000060   Zero   RW         1093    .bss                c_p.l(libspace.o)
    0x20200068        -       0x00000004   Zero   RW          200    .bss.Left_Count     encoder.o
    0x2020006c        -       0x00000480   Zero   RW          150    .bss.OLED_GRAM      oled.o
    0x202004ec        -       0x00000004   Zero   RW          201    .bss.Right_Count    encoder.o
    0x202004f0        -       0x00000054   Zero   RW           87    .bss.__stdout       board.o
    0x20200544        -       0x00000001   Zero   RW          223    .bss.data_start     uart.o
    0x20200545   0x000022b4   0x00000003   PAD
    0x20200548        -       0x00000078   Zero   RW           45    .bss.gPWM_MotorABackup  ti_msp_dl_config.o
    0x202005c0        -       0x00000004   Zero   RW          226    .bss.num1           uart.o
    0x202005c4        -       0x00000004   Zero   RW          227    .bss.num2           uart.o
    0x202005c8        -       0x000000c8   Zero   RW          225    .bss.openmv4_recv_buff  uart.o
    0x20200690        -       0x00000004   Zero   RW          220    .bss.openmv4_recv_length  uart.o
    0x20200694        -       0x00000080   Zero   RW           84    .bss.recv0_buff     board.o
    0x20200714        -       0x00000001   Zero   RW           86    .bss.recv0_flag     board.o
    0x20200715   0x000022b4   0x00000001   PAD
    0x20200716        -       0x00000002   Zero   RW           85    .bss.recv0_length   board.o
    0x20200718        -       0x00000000   Zero   RW           12    HEAP                startup_mspm0g350x_uvision.o
    0x20200718        -       0x00000100   Zero   RW           11    STACK               startup_mspm0g350x_uvision.o



  Load Region LR_BCR (Base: 0x41c00000, Size: 0x00000000, Max: 0x00000100, ABSOLUTE)

    Execution Region BCR_CONFIG (Exec base: 0x41c00000, Load base: 0x41c00000, Size: 0x00000000, Max: 0x00000080, ABSOLUTE)

    **** No section assigned to this execution region ****



  Load Region LR_BSL (Base: 0x41c00100, Size: 0x00000000, Max: 0x00000100, ABSOLUTE)

    Execution Region BSL_CONFIG (Exec base: 0x41c00100, Load base: 0x41c00100, Size: 0x00000000, Max: 0x00000080, ABSOLUTE)

    **** No section assigned to this execution region ****


==============================================================================

Image component sizes


      Code (inc. data)   RO Data    RW Data    ZI Data      Debug   Object Name

       266         64          0          0        215       9583   board.o
        10          0          0          0          0        571   dl_common.o
       520        188          0          0          0      31818   dl_timer.o
        90          8          0          0          0      14550   dl_uart.o
        48          8          0          0          0       2254   empty.o
       136         28          0          0          8       7011   encoder.o
      4152         20          0          0       1152      26928   oled.o
        44         18        192          0        256        672   startup_mspm0g350x_uvision.o
       980        196         69          0        120      30561   ti_msp_dl_config.o
       236         68          2          0        213       6957   uart.o

    ----------------------------------------------------------------------
      6488        598        300          0       1968     130905   Object Totals
         0          0         32          0          0          0   (incl. Generated)
         6          0          5          0          4          0   (incl. Padding)

    ----------------------------------------------------------------------

      Code (inc. data)   RO Data    RW Data    ZI Data      Debug   Library Member Name

         8          0          0          0          0         68   __main.o
       108          0          0          0          0         76   __printf.o
         0          0          0          0          0          0   __rtentry.o
        12          0          0          0          0          0   __rtentry2.o
         6          0          0          0          0          0   __rtentry4.o
        86         10          0          0          0          0   __scatter.o
        26          0          0          0          0          0   __scatter_copy.o
        28          0          0          0          0          0   __scatter_zi.o
        30          0          0          0          0         60   _chval.o
        46          0          0          0          0        100   _printf_char.o
        48          6          0          0          0         88   _printf_char_common.o
        40          6          0          0          0         72   _printf_char_file.o
        10          0          0          0          0          0   _printf_d.o
       108         18          0          0          0         76   _printf_dec.o
       176          0          0          0          0         84   _printf_intcommon.o
         2          0          0          0          0          0   _printf_percent.o
         4          0          0          0          0          0   _printf_percent_end.o
        10          0          0          0          0          0   _printf_s.o
        82          0          0          0          0         72   _printf_str.o
       166          0          0          0          0         84   _strtoul.o
        26          0          0          0          0         72   atoi.o
        16          0          0          0          0         68   exit.o
         8          0          0          0          0         60   ferror.o
         6          0          0          0          0        136   heapauxi.o
        44         10        272          0          0         76   lc_ctype_c.o
         2          0          0          0          0          0   libinit.o
        20          0          0          0          0          0   libinit2.o
         2          0          0          0          0          0   libshutdown.o
         2          0          0          0          0          0   libshutdown2.o
         8          4          0          0         96         68   libspace.o
        28          6          0          0          0         84   noretval__2printf.o
        44          6          0          0          0         68   puts.o
        16          4          0          0          0         76   rt_ctype_table.o
         8          4          0          0          0         68   rt_errno_addr_intlibspace.o
         8          4          0          0          0         68   rt_locale_intlibspace.o
         2          0          0          0          0          0   rtexit.o
        10          0          0          0          0          0   rtexit2.o
        40          0          0          0          0         60   rtudiv10.o
       176          4          0          0          0         80   strcmpv6m.o
        34          0          0          0          0         72   strcspn.o
        32          0          0          0          0         72   strspn.o
        16          6          0          4          0         68   strtok.o
        72          6          0          0          0         76   strtok_int.o
       112          4          0          0          0         76   strtol.o
        62          0          0          0          0         80   sys_stackheap_outer.o

    ----------------------------------------------------------------------
      1820        102        272          4        100       2208   Library Totals
        30          4          0          0          4          0   (incl. Padding)

    ----------------------------------------------------------------------

      Code (inc. data)   RO Data    RW Data    ZI Data      Debug   Library Name

      1790         98        272          4         96       2208   c_p.l

    ----------------------------------------------------------------------
      1820        102        272          4        100       2208   Library Totals

    ----------------------------------------------------------------------

==============================================================================


      Code (inc. data)   RO Data    RW Data    ZI Data      Debug   

      8308        700        572          4       2068     131929   Grand Totals
      8308        700        572          4       2068     131929   ELF Image Totals
      8308        700        572          4          0          0   ROM Totals

==============================================================================

    Total RO  Size (Code + RO Data)                 8880 (   8.67kB)
    Total RW  Size (RW Data + ZI Data)              2072 (   2.02kB)
    Total ROM Size (Code + RO Data + RW Data)       8884 (   8.68kB)

==============================================================================

